2025-07-09 22:39:30.381  1091-1170  WindowManagerShell      com.android.systemui                 V  start default transition animation, info = {id=65 t=OPEN f=0x0 trk=0 r=[0@Point(0, 0)] c=[{m=OPEN f=NONE leash=Surface(name=Task=16)/@0x6f0ff3d sb=Rect(0, 0 - 1440, 3040) eb=Rect(0, 0 - 1440, 3040) epz=Point(1440, 3040) d=0 taskParent=-1},{m=TO_BACK f=SHOW_WALLPAPER leash=Surface(name=Task=1)/@0x88f7332 sb=Rect(0, 0 - 1440, 3040) eb=Rect(0, 0 - 1440, 3040) epz=Point(1440, 3040) d=0 taskParent=-1},{m=TO_BACK f=IS_WALLPAPER leash=Surface(name=WallpaperWindowToken{8da8fbc showWhenLocked=false})/@0x4d97883 sb=Rect(0, 0 - 1440, 3040) eb=Rect(0, 0 - 1440, 3040) epz=Point(1440, 3040) d=0}]}
2025-07-09 22:39:30.390  1091-1170  WindowManagerShell      com.android.systemui                 V  loadAnimation: anim=android.view.animation.AnimationSet@ac4262c animAttr=0x13 type=OPEN isEntrance=false
2025-07-09 22:39:30.395   806-934   RoleService             system_server                        I  Granting default roles...
2025-07-09 22:39:30.403  1091-1170  WindowManagerShell      com.android.systemui                 V  loadAnimation: anim=android.view.animation.AnimationSet@b2dd8f5 animAttr=0x12 type=OPEN isEntrance=true
2025-07-09 22:39:30.414   806-864   system_server           system_server                        I  AssetManager2(0x74bf7f0b5e38) locale list changing from [] to [en-US]
2025-07-09 22:39:30.416  1091-1170  WindowManagerShell      com.android.systemui                 V   animated by com.android.wm.shell.transition.DefaultTransitionHandler@814a823
2025-07-09 22:39:30.422  1091-1170  Looper                  com.android.systemui                 W  Slow dispatch took 89ms wmshell.main app=com.android.systemui main=false group=FOREGROUND h=android.os.Handler c=com.android.wm.shell.transition.Transitions$TransitionPlayerImpl$$ExternalSyntheticLambda0@33774fb m=0
2025-07-09 22:39:30.457   806-1044  Background...rolService system_server                        D  Package event received: 0
2025-07-09 22:39:30.465   806-866   ActivityManager         system_server                        W  Slow operation: 842ms so far, now at startProcess: done updating battery stats
2025-07-09 22:39:30.465   806-866   ActivityManager         system_server                        W  Slow operation: 842ms so far, now at startProcess: building log message
2025-07-09 22:39:30.465   806-866   ActivityManager         system_server                        I  Start proc 10074:com.mynewproject/u0a214 for next-top-activity {com.mynewproject/com.mynewproject.MainActivity}
2025-07-09 22:39:30.466   806-866   ActivityManager         system_server                        W  Slow operation: 843ms so far, now at startProcess: starting to update pids map
2025-07-09 22:39:30.469   806-866   ActivityManager         system_server                        I  ProcessObserver broadcast disabled
2025-07-09 22:39:30.479   806-866   ActivityManager         system_server                        W  Slow operation: 857ms so far, now at startProcess: done updating pids map
2025-07-09 22:39:30.520   806-864   system_server           system_server                        I  AssetManager2(0x74bf7f10f258) locale list changing from [] to [en-US]
2025-07-09 22:39:30.529  1229-1423  ImsResolver             com.android.phone                    D  maybeAddedImsService, packageName: com.mynewproject
2025-07-09 22:39:30.530  1229-1423  ImsResolver             com.android.phone                    V  searchForImsServices: package=com.mynewproject, users=[UserHandle{0}]
2025-07-09 22:39:30.544  1229-1423  ImsResolver             com.android.phone                    V  searchForImsServices: package=com.mynewproject, users=[UserHandle{0}]
2025-07-09 22:39:30.550  1642-1642  BoundBrokerSvc          com.google.android.gms               D  onUnbind: Intent { act=com.google.android.gms.auth.service.START xflg=0x4 pkg=com.google.android.gms }
2025-07-09 22:39:30.573  1091-1255  Looper                  com.android.systemui                 W  Slow dispatch took 40ms wmshell.anim app=com.android.systemui main=false group=FOREGROUND h=android.view.Choreographer$FrameHandler c=android.view.Choreographer$FrameDisplayEventReceiver@6fcf123 m=0
2025-07-09 22:39:30.668   806-2595  SignedPackage           system_server                        W  Package doesn't have required signing certificate: com.google.android.retaildemo
2025-07-09 22:39:30.689  1229-1229  VvmPkgInstalledRcvr     com.android.phone                    W  carrierVvmPkgAdded: carrier vvm packages doesn't contain com.mynewproject
2025-07-09 22:39:30.710   806-1823  ActivityManager         system_server                        W  Slow operation: 55ms so far, now at attachApplicationLocked: before bindApplication
2025-07-09 22:39:30.723  1091-1170  WindowManagerShell      com.android.systemui                 V  Transition animation finished (aborted=false), notifying core (#65) android.os.BinderProxy@7633946@0
2025-07-09 22:39:30.725   806-1044  Background...rolService system_server                        D  Package event received: 0
2025-07-09 22:39:30.726   806-2595  RoleContro...erviceImpl system_server                        E  Default/fallback role holder package doesn't qualify for the role, package: com.google.android.gms.supervision, role: android.app.role.SYSTEM_SUPERVISION
2025-07-09 22:39:30.730   806-1823  ActivityManager         system_server                        W  Slow operation: 115ms so far, now at attachApplicationLocked: immediately before bindApplication
2025-07-09 22:39:30.755   806-853   WindowManager           system_server                        V  Finish Transition (#65): created at 07-09 22:39:29.197 collect-started=0.155ms request-sent=55.635ms started=134.895ms ready=1045.569ms sent=1057.287ms commit=203.758ms finished=1533.128ms
2025-07-09 22:39:30.790  1231-1231  VRI[NexusL...rActivity] com...le.android.apps.nexuslauncher  D  visibilityChanged oldVisibility=true newVisibility=false
2025-07-09 22:39:30.805  1231-1231  NexusLaunc...elDelegate com...le.android.apps.nexuslauncher  D  notifySmartspaceEvent: SmartspaceTargetEvent{mSmartspaceTarget=null, mSmartspaceActionId='null', mEventType=7}
2025-07-09 22:39:30.805  1091-1170  WindowManagerShell      com.android.systemui                 V  Track 0 became idle
2025-07-09 22:39:30.805  1091-1170  WindowManagerShell      com.android.systemui                 V  All active transition animations finished
2025-07-09 22:39:30.806  1091-1170  Looper                  com.android.systemui                 W  Slow dispatch took 83ms wmshell.main app=com.android.systemui main=false group=FOREGROUND h=android.os.Handler c=com.android.wm.shell.transition.DefaultSurfaceAnimator$$ExternalSyntheticLambda0@5b13156 m=0
2025-07-09 22:39:30.846   806-1823  ActivityManager         system_server                        W  Slow operation: 232ms so far, now at attachApplicationLocked: immediately after bindApplication
2025-07-09 22:39:30.848   806-1823  ActivityManager         system_server                        W  Slow operation: 234ms so far, now at attachApplicationLocked: after updateLruProcessLocked
2025-07-09 22:39:30.870  1229-1229  SatelliteController     com.android.phone                    D  packageStateChanged: package:com.mynewproject DefaultSmsPackageName:com.google.android.apps.messaging
2025-07-09 22:39:30.870  1229-1229  SatelliteController     com.android.phone                    V  Neither SMS or SatelliteGateway package
2025-07-09 22:39:30.885   806-1823  ActivityManager         system_server                        W  Slow operation: 270ms so far, now at attachApplicationLocked: after updateOomAdjLocked
2025-07-09 22:39:30.926   806-806   system_server           system_server                        W  Long monitor contention with owner binder:806_16 (1894) at void com.android.server.alarm.AlarmManagerService.setImpl(int, long, long, long, android.app.PendingIntent, android.app.IAlarmListener, java.lang.String, int, android.os.WorkSource, android.app.AlarmManager$AlarmClockInfo, int, java.lang.String, android.os.Bundle, int)(AlarmManagerService.java:2253) waiters=0 in void com.android.server.alarm.AlarmManagerService$UninstallReceiver.onReceive(android.content.Context, android.content.Intent) for 588ms
2025-07-09 22:39:30.928   806-806   Looper                  system_server                        W  Slow dispatch took 590ms main app=system_server main=true group=FOREGROUND h=android.app.ActivityThread$H c=android.app.LoadedApk$ReceiverDispatcher$Args$$ExternalSyntheticLambda0@782ad17 m=0
2025-07-09 22:39:30.933   806-980   WifiClient...078:wlan0] system_server                        D  updateLinkLayerStatsRssiSpeedFrequencyCapabilities rssi=-50 TxLinkspeed=1 freq=2447 RxLinkSpeed=2
2025-07-09 22:39:30.943   806-980   WifiDataStall           system_server                        D  tx tput in kbps: 11000
2025-07-09 22:39:30.945   806-980   WifiDataStall           system_server                        D  rx tput in kbps: 11000
2025-07-09 22:39:30.945   806-980   WifiConfigManager       system_server                        V  Updating scan detail cache freq=2447 BSSID=00:13:10:85:fe:01 RSSI=-50 for "AndroidWifi"NONE
2025-07-09 22:39:30.946   806-980   WifiThroughputPredictor system_server                        D   utilization (LLS) 80 isBluetoothConnected: false final utilization: 80
2025-07-09 22:39:30.947   806-980   WifiThroughputPredictor system_server                        D   BW: 0 RSSI: -50 Nss: 1 Mode: 1 symDur: 4000 snrDb 30 bitPerTone: 4500 rate: 54 throughput: 11
2025-07-09 22:39:30.947   806-980   WifiThroughputPredictor system_server                        D   utilization (LLS) 80 isBluetoothConnected: false final utilization: 80
2025-07-09 22:39:30.947   806-980   WifiThroughputPredictor system_server                        D   BW: 0 RSSI: -50 Nss: 1 Mode: 1 symDur: 4000 snrDb 30 bitPerTone: 4500 rate: 54 throughput: 11
2025-07-09 22:39:30.948   806-980   WifiThroughputPredictor system_server                        D   utilization (LLS) 80 isBluetoothConnected: false final utilization: 80
2025-07-09 22:39:30.948   806-980   WifiThroughputPredictor system_server                        D   BW: 0 RSSI: -50 Nss: 1 Mode: 1 symDur: 4000 snrDb 30 bitPerTone: 4500 rate: 54 throughput: 11
2025-07-09 22:39:30.948   806-980   WifiThroughputPredictor system_server                        D   utilization (LLS) 80 isBluetoothConnected: false final utilization: 80
2025-07-09 22:39:30.950   806-980   WifiThroughputPredictor system_server                        D   BW: 0 RSSI: -50 Nss: 1 Mode: 1 symDur: 4000 snrDb 30 bitPerTone: 4500 rate: 54 throughput: 11
2025-07-09 22:39:30.950   806-2595  SignedPackage           system_server                        W  Package doesn't have required signing certificate: com.google.android.apps.work.clouddpc
2025-07-09 22:39:30.951   806-980   WifiScoreCard           system_server                        D  BSSID update SIGNAL_POLL ID: 1945389649 SSID: "AndroidWifi", BSSID: 00:13:10:85:fe:01, MAC: 02:15:b2:00:00:00, IP: /10.0.2.16, Security type: 0, Supplicant state: COMPLETED, Wi-Fi standard: legacy, RSSI: -50, Link speed: 1Mbps, Tx Link speed: 1Mbps, Max Supported Tx Link speed: 11Mbps, Rx Link speed: 2Mbps, Max Supported Rx Link speed: 11Mbps, Frequency: 2447MHz, Net ID: 0, Metered hint: false, score: 60, isUsable: true, CarrierMerged: false, SubscriptionId: -1, IsPrimary: 1, Trusted: true, Restricted: false, Ephemeral: false, OEM paid: false, OEM private: false, OSU AP: false, FQDN: <none>, Provider friendly name: <none>, Requesting package name: <none>"AndroidWifi"openMLO Information: , Is TID-To-Link negotiation supported by the AP: false, AP MLD Address: <none>, AP MLO Link Id: <none>, AP MLO Affiliated links: <none>, Vendor Data: <none>
2025-07-09 22:39:30.952   806-980   WifiScoreCard           system_server                        D  txRate: 1 txSpeed: 1
2025-07-09 22:39:30.952   806-980   WifiScoreCard           system_server                        D  network update SIGNAL_POLL "AndroidWifi" ID: 414063379 RSSI -50 txSpeed -1
2025-07-09 22:39:30.953   806-980   WifiClient...078:wlan0] system_server                        D   ClientModeImpl$L2ConnectedState screen=on 7 0 "AndroidWifi" 00:13:10:85:fe:01 rssi=-50 f=2447 sc=60 link=1 tx=0.0, 0.0, 0.0 rx=0.0 bcn=0 [on:0 tx:0 rx:0 period:3070] from screen [on:0 period:287534] score=60
2025-07-09 22:39:30.961  1091-1301  Looper                  com.android.systemui                 W  Slow dispatch took 1095ms SysUiBg app=com.android.systemui main=false group=TOP_APP h=android.os.Handler c=com.android.systemui.shade.NotificationShadeWindowControllerImpl$$ExternalSyntheticLambda1@7fe65d7 m=0
2025-07-09 22:39:30.963   806-924   system_server           system_server                        W  Long monitor contention with owner binder:806_16 (1894) at void com.android.server.alarm.AlarmManagerService.setImpl(int, long, long, long, android.app.PendingIntent, android.app.IAlarmListener, java.lang.String, int, android.os.WorkSource, android.app.AlarmManager$AlarmClockInfo, int, java.lang.String, android.os.Bundle, int)(AlarmManagerService.java:2253) waiters=1 in void com.android.server.alarm.AlarmManagerService$7.updateAlarmsForUid(int) for 270ms
2025-07-09 22:39:30.970   806-806   AppSearchA...erManagerS system_server                        D  userid in package receiver: 10214
2025-07-09 22:39:30.976   806-1044  Background...rolService system_server                        D  Package event received: 0
2025-07-09 22:39:30.998   806-1044  Background...rolService system_server                        D  Package event received: 0
2025-07-09 22:39:30.999   806-1044  Background...rolService system_server                        D  Package event received: 0
2025-07-09 22:39:31.005  1231-1231  BaseDepthController     com...le.android.apps.nexuslauncher  D  setSurface:
                                                                                                    	mWaitingOnSurfaceValidity: false
                                                                                                    	mBaseSurface: null
2025-07-09 22:39:31.005  1231-1231  BaseDepthController     com...le.android.apps.nexuslauncher  D  mSurface is null and mCurrentBlur is: 0
2025-07-09 22:39:31.011  1231-1231  StateManager            com...le.android.apps.nexuslauncher  D  goToState - fromState: Normal, toState: Normal, partial trace: (Ask Gemini)
                                                                                                    	at com.android.launcher3.statemanager.StateManager.moveToRestState(go/retraceme 5a544d9e8fb14194a69e2b7a778e7e5394990cdcfcf28c73553bb75ca978b9e9:4)
                                                                                                    	at com.android.launcher3.statemanager.StateManager.moveToRestState(go/retraceme 5a544d9e8fb14194a69e2b7a778e7e5394990cdcfcf28c73553bb75ca978b9e9:1)
                                                                                                    	at com.android.launcher3.statemanager.StatefulActivity.onStop(go/retraceme 5a544d9e8fb14194a69e2b7a778e7e5394990cdcfcf28c73553bb75ca978b9e9:34)
2025-07-09 22:39:31.013  1231-1231  StatsLog                com...le.android.apps.nexuslauncher  D  LAUNCHER_ONSTOP
2025-07-09 22:39:31.016  1231-1231  StatsLog                com...le.android.apps.nexuslauncher  D  LAUNCHER_GOOGLE_SEARCH_RESTORE_LIST_SIZE_AFTER_ACTIVITY_RESTART
2025-07-09 22:39:31.016   806-907   AppWidgetServiceImpl    system_server                        I  setAppWidgetHidden() 0
2025-07-09 22:39:31.024  1231-2462  GmsPlayProvider         com...le.android.apps.nexuslauncher  D  Forcefully shut down the binder channel
2025-07-09 22:39:31.025   490-552   netd                    netd                                 I  tetherGetStats() -> {[]} <1.43ms>
2025-07-09 22:39:31.275  6036-9077  Permission...erviceImpl com....android.permissioncontroller  I  Updating user sensitive for uid 10214
2025-07-09 22:39:31.275   806-1044  Background...rolService system_server                        D  Package event received: 0
2025-07-09 22:39:31.280   806-806   Looper                  system_server                        W  Slow dispatch took 247ms main app=system_server main=true group=FOREGROUND h=android.app.ActivityThread$H c=android.app.LoadedApk$ReceiverDispatcher$Args$$ExternalSyntheticLambda0@bda5f91 m=0
2025-07-09 22:39:31.317   806-806   AppSearchA...erManagerS system_server                        D  userid in package receiver: 10214
2025-07-09 22:39:31.336  5998-6205  achh                    com...d.googlequicksearchbox:search  W  Abort, client detached.
2025-07-09 22:39:31.364  5998-6205  achh                    com...d.googlequicksearchbox:search  W  Abort, client detached.
2025-07-09 22:39:31.372  5998-6205  achh                    com...d.googlequicksearchbox:search  W  Abort, client detached.
2025-07-09 22:39:31.433   806-2595  Role                    system_server                        I  com.google.android.gms not qualified for android.app.role.SYSTEM_DEPENDENCY_INSTALLER due to missing RequiredComponent{mIntentFilterData=IntentFilterData{mAction='android.content.pm.action.INSTALL_DEPENDENCY', mCategories='[]', mDataScheme='null', mDataType='null'}, mMinTargetSdkVersion=1, mFlags='0', mPermission='android.permission.BIND_DEPENDENCY_INSTALLER', mQueryFlags=0, mMetaData=[]}
2025-07-09 22:39:31.444   806-2595  RoleContro...erviceImpl system_server                        E  Default/fallback role holder package doesn't qualify for the role, package: com.google.android.gms, role: android.app.role.SYSTEM_DEPENDENCY_INSTALLER
2025-07-09 22:39:31.464   806-806   system_server           system_server                        W  Long monitor contention with owner android.bg (864) at void com.android.server.am.BatteryStatsService.updateForegroundTimeIfOnBattery(java.lang.String, int, long)(BatteryStatsService.java:3779) waiters=1 in void com.android.server.am.BatteryStatsService.noteStartWakelockFromSource(android.os.WorkSource, int, java.lang.String, java.lang.String, int, boolean) for 120ms
2025-07-09 22:39:31.465   806-806   Looper                  system_server                        W  Slow dispatch took 131ms main app=system_server main=true group=FOREGROUND h=com.android.server.power.Notifier$NotifierHandler c=com.android.server.power.Notifier$$ExternalSyntheticLambda2@3bafa71 m=0
2025-07-09 22:39:31.481 10074-10074 nativeloader            com.mynewproject                     D  Configuring clns-9 for other apk /data/app/~~rCurc0YFHenx7ToGIF8ISQ==/com.mynewproject-F14sAIT1EjfC6uGuhdwVjw==/base.apk. target_sdk_version=35, uses_libraries=, library_path=/data/app/~~rCurc0YFHenx7ToGIF8ISQ==/com.mynewproject-F14sAIT1EjfC6uGuhdwVjw==/lib/x86_64:/data/app/~~rCurc0YFHenx7ToGIF8ISQ==/com.mynewproject-F14sAIT1EjfC6uGuhdwVjw==/base.apk!/lib/x86_64, permitted_path=/data:/mnt/expand:/data/user/0/com.mynewproject
2025-07-09 22:39:31.498 10074-10074 CompatChangeReporter    com.mynewproject                     D  Compat change id reported: 202956589; UID 10214; state: ENABLED
2025-07-09 22:39:31.499   806-806   AlarmManager            system_server                        W  Package com.mynewproject, uid 10214 lost permission to set exact alarms!
2025-07-09 22:39:31.514 10074-10074 om.mynewproject         com.mynewproject                     I  AssetManager2(0x74bf7f060578) locale list changing from [] to [en-US]
2025-07-09 22:39:31.557 10074-10074 GraphicsEnvironment     com.mynewproject                     V  Currently set values for:
2025-07-09 22:39:31.557 10074-10074 GraphicsEnvironment     com.mynewproject                     V    angle_gl_driver_selection_pkgs=[]
2025-07-09 22:39:31.558 10074-10074 GraphicsEnvironment     com.mynewproject                     V    angle_gl_driver_selection_values=[]
2025-07-09 22:39:31.558 10074-10074 GraphicsEnvironment     com.mynewproject                     V  com.mynewproject is not listed in per-application setting
2025-07-09 22:39:31.559 10074-10074 GraphicsEnvironment     com.mynewproject                     V  ANGLE allowlist from config: 
2025-07-09 22:39:31.559 10074-10074 GraphicsEnvironment     com.mynewproject                     V  com.mynewproject is not listed in ANGLE allowlist or settings, returning default
2025-07-09 22:39:31.560 10074-10074 GraphicsEnvironment     com.mynewproject                     V  Neither updatable production driver nor prerelease driver is supported.
2025-07-09 22:39:31.589   806-840   system_server           system_server                        I  Background concurrent mark compact GC freed 22MB AllocSpace bytes, 243(5116KB) LOS objects, 39% free, 36MB/60MB, paused 422.967ms,13.717ms total 4.136s
2025-07-09 22:39:31.600  1600-1600  AiAiTextClassifier      com.google.android.as                I  onDestroyTextClassificationSession = TextClassificationSessionId {1fd664a5-f911-419e-afbf-442287acae22}
2025-07-09 22:39:31.614  1600-1600  AiAiTextClassifier      com.google.android.as                I  onDestroyTextClassificationSession = TextClassificationSessionId {9573a7cc-1d86-464e-ad48-9fabb174892a}
2025-07-09 22:39:31.638   806-1816  system_server           system_server                        W  Long monitor contention with owner android.bg (864) at void com.android.server.am.AppProfiler.collectRssInBackground()(AppProfiler.java:853) waiters=0 in boolean com.android.server.am.OomAdjuster.applyOomAdjLSP(com.android.server.am.ProcessRecord, boolean, long, long, int, boolean) for 181ms
2025-07-09 22:39:31.704   806-806   Looper                  system_server                        W  Drained
2025-07-09 22:39:31.813 10074-10074 CompatChangeReporter    com.mynewproject                     D  Compat change id reported: 279646685; UID 10214; state: ENABLED
2025-07-09 22:39:31.863   806-1695  TaskPersister           system_server                        E  File error accessing recents directory (directory doesn't exist?).
2025-07-09 22:39:31.870  1394-10097 Fitness                 com.google.android.gms.persistent    I  FitCleanupIntentOperation received Intent android.intent.action.PACKAGE_REMOVED [CONTEXT service_id=17 ]
2025-07-09 22:39:32.013 10074-10074 SoLoader                com.mynewproject                     W  Initializing SoLoader: 0
2025-07-09 22:39:32.028 10074-10074 SoLoader                com.mynewproject                     W  Recording new base apk path: /data/app/~~rCurc0YFHenx7ToGIF8ISQ==/com.mynewproject-F14sAIT1EjfC6uGuhdwVjw==/base.apk
                                                                                                    Previously recorded 0 base apk paths.
2025-07-09 22:39:32.029  1642-10105 Auth                    com.google.android.gms               I  [SupervisedAccountIntentOperationV2] onHandleIntent: android.intent.action.PACKAGE_ADDED [CONTEXT service_id=42 ]
2025-07-09 22:39:32.051 10074-10074 CompatChangeReporter    com.mynewproject                     D  Compat change id reported: 312399441; UID 10214; state: ENABLED
2025-07-09 22:39:32.052 10074-10074 SoLoader                com.mynewproject                     I  Preparing SO source: DirectorySoSource[root = /vendor/lib64 flags = 2]
2025-07-09 22:39:32.064 10074-10074 SoLoader                com.mynewproject                     I  Preparing SO source: DirectorySoSource[root = /system/lib64 flags = 2]
2025-07-09 22:39:32.065 10074-10074 SoLoader                com.mynewproject                     I  Preparing SO source: DirectApkSoSource[root = [/data/app/~~rCurc0YFHenx7ToGIF8ISQ==/com.mynewproject-F14sAIT1EjfC6uGuhdwVjw==/base.apk!/lib/x86_64]]
2025-07-09 22:39:32.102  1394-10098 ProximityAuth           com.google.android.gms.persistent    I  [RecentAppsMediator] Package added: (user=UserHandle{0}) com.mynewproject
2025-07-09 22:39:32.116  1394-10098 .gms.persistent         com.google.android.gms.persistent    I  AssetManager2(0x74bf7f066fb8) locale list changing from [] to [en-US]
2025-07-09 22:39:32.173   806-2595  RoleContro...erviceImpl system_server                        E  Default/fallback role holder package doesn't qualify for the role, package: com.google.android.gms, role: android.app.role.WALLET
2025-07-09 22:39:32.186 10074-10074 SoLoader                com.mynewproject                     I  Preparing SO source: ApplicationSoSource[DirectorySoSource[root = /data/app/~~rCurc0YFHenx7ToGIF8ISQ==/com.mynewproject-F14sAIT1EjfC6uGuhdwVjw==/lib/x86_64 flags = 0]]
2025-07-09 22:39:32.188 10074-10074 SoLoader                com.mynewproject                     I  init finish: 4 SO sources prepared
2025-07-09 22:39:32.196 10074-10074 SoLoader                com.mynewproject                     W  SoLoader initialized: 8
2025-07-09 22:39:32.224  1642-9623  gle.android.gms         com.google.android.gms               I  AssetManager2(0x74bf7f066658) locale list changing from [] to [en-US]
2025-07-09 22:39:32.249   806-2595  system_server           system_server                        I  AssetManager2(0x74bf7f108b38) locale list changing from [] to [en-US]
2025-07-09 22:39:32.319   806-2595  SignedPackage           system_server                        W  Cannot get ApplicationInfo for package: com.google.android.devicelockcontroller
2025-07-09 22:39:32.372  1642-1642  BoundBrokerSvc          com.google.android.gms               D  onBind: Intent { act=com.google.android.gms.common.BIND_SHARED_PREFS xflg=0x4 pkg=com.google.android.gms }
2025-07-09 22:39:32.373  1642-1642  BoundBrokerSvc          com.google.android.gms               D  Loading bound service for intent: Intent { act=com.google.android.gms.common.BIND_SHARED_PREFS xflg=0x4 pkg=com.google.android.gms }
2025-07-09 22:39:32.397  1253-1263  id.ext.services         com.google.android.ext.services      W  Reducing the number of considered missed Gc histogram windows from 2407 to 100
2025-07-09 22:39:32.418  1642-10110 SQLiteLog               com.google.android.gms               W  (28) double-quoted string literal: "com.mynewproject"
2025-07-09 22:39:32.434 10074-10074 nativeloader            com.mynewproject                     D  Load /data/app/~~rCurc0YFHenx7ToGIF8ISQ==/com.mynewproject-F14sAIT1EjfC6uGuhdwVjw==/base.apk!/lib/x86_64/libc++_shared.so using class loader ns clns-9 (caller=/data/app/~~rCurc0YFHenx7ToGIF8ISQ==/com.mynewproject-F14sAIT1EjfC6uGuhdwVjw==/base.apk): ok
2025-07-09 22:39:32.488  1642-5422  Icing                   com.google.android.gms               I  IndexChimeraService.getServiceInterface callingPackage=com.google.android.gms componentName=AppsCorpus serviceId=36
2025-07-09 22:39:32.568 10074-10074 nativeloader            com.mynewproject                     D  Load /data/app/~~rCurc0YFHenx7ToGIF8ISQ==/com.mynewproject-F14sAIT1EjfC6uGuhdwVjw==/base.apk!/lib/x86_64/libjsi.so using class loader ns clns-9 (caller=/data/app/~~rCurc0YFHenx7ToGIF8ISQ==/com.mynewproject-F14sAIT1EjfC6uGuhdwVjw==/base.apk): ok
2025-07-09 22:39:32.638  5998-10090 dmkr                    com...d.googlequicksearchbox:search  I  (REDACTED) Writing data of size=%d bytes with N=%d keys to Geller corpus %s at ts=%d
2025-07-09 22:39:32.639 10074-10074 nativeloader            com.mynewproject                     D  Load /data/app/~~rCurc0YFHenx7ToGIF8ISQ==/com.mynewproject-F14sAIT1EjfC6uGuhdwVjw==/base.apk!/lib/x86_64/libfbjni.so using class loader ns clns-9 (caller=/data/app/~~rCurc0YFHenx7ToGIF8ISQ==/com.mynewproject-F14sAIT1EjfC6uGuhdwVjw==/base.apk): ok
2025-07-09 22:39:32.665 10074-10074 nativeloader            com.mynewproject                     D  Load /data/app/~~rCurc0YFHenx7ToGIF8ISQ==/com.mynewproject-F14sAIT1EjfC6uGuhdwVjw==/base.apk!/lib/x86_64/libreactnative.so using class loader ns clns-9 (caller=/data/app/~~rCurc0YFHenx7ToGIF8ISQ==/com.mynewproject-F14sAIT1EjfC6uGuhdwVjw==/base.apk): ok
2025-07-09 22:39:32.665 10074-10074 jni_lib_merge           com.mynewproject                     D  Entering merged library JNI_OnLoad.
2025-07-09 22:39:32.665 10074-10074 jni_lib_merge           com.mynewproject                     D  Preparing 12 pre-merged libs (including stub)
2025-07-09 22:39:32.665 10074-10074 jni_lib_merge           com.mynewproject                     D  Preparing to register libfabricjni_so.  onload_func: 0x74bd2a225e80
2025-07-09 22:39:32.665 10074-10074 jni_lib_merge           com.mynewproject                     D  Preparing to register libreact_devsupportjni_so.  onload_func: 0x74bd2a42b5d0
2025-07-09 22:39:32.666 10074-10074 jni_lib_merge           com.mynewproject                     D  Preparing to register libreact_featureflagsjni_so.  onload_func: 0x74bd2a436940
2025-07-09 22:39:32.666 10074-10074 jni_lib_merge           com.mynewproject                     D  Preparing to register libreact_newarchdefaults_so.  onload_func: 0x74bd2a49c580
2025-07-09 22:39:32.666 10074-10074 jni_lib_merge           com.mynewproject                     D  Preparing to register libreactnativeblob_so.  onload_func: 0x74bd2a6852b0
2025-07-09 22:39:32.667 10074-10074 jni_lib_merge           com.mynewproject                     D  Preparing to register libreactnativejni_so.  onload_func: 0x74bd2a6cf940
2025-07-09 22:39:32.667 10074-10074 jni_lib_merge           com.mynewproject                     D  Preparing to register libreactnativejni_common_so.  onload_func: 0x74bd2a6df740
2025-07-09 22:39:32.667 10074-10074 jni_lib_merge           com.mynewproject                     D  Preparing to register librninstance_so.  onload_func: 0x74bd2a7142d0
2025-07-09 22:39:32.667 10074-10074 jni_lib_merge           com.mynewproject                     D  Preparing to register libturbomodulejsijni_so.  onload_func: 0x74bd2a830890
2025-07-09 22:39:32.669 10074-10074 jni_lib_merge           com.mynewproject                     D  Preparing to register libuimanagerjni_so.  onload_func: 0x74bd2a848b10
2025-07-09 22:39:32.670 10074-10074 jni_lib_merge           com.mynewproject                     D  Preparing to register libyoga_so.  onload_func: 0x74bd2a857aa0
2025-07-09 22:39:32.670 10074-10074 jni_lib_merge           com.mynewproject                     D  About to register 11 actual methods.
2025-07-09 22:39:32.693  1642-1642  BoundBrokerSvc          com.google.android.gms               D  onBind: Intent { act=com.google.android.gms.feedback.internal.IFeedbackService dat=chimera-action:/... xflg=0x4 cmp=com.google.android.gms/.chimera.GmsBoundBrokerService }
2025-07-09 22:39:32.703  1642-1642  BoundBrokerSvc          com.google.android.gms               D  Loading bound service for intent: Intent { act=com.google.android.gms.feedback.internal.IFeedbackService dat=chimera-action:/... xflg=0x4 cmp=com.google.android.gms/.chimera.GmsBoundBrokerService }
2025-07-09 22:39:32.754 10074-10074 nativeloader            com.mynewproject                     D  Load /data/app/~~rCurc0YFHenx7ToGIF8ISQ==/com.mynewproject-F14sAIT1EjfC6uGuhdwVjw==/base.apk!/lib/x86_64/libappmodules.so using class loader ns clns-9 (caller=/data/app/~~rCurc0YFHenx7ToGIF8ISQ==/com.mynewproject-F14sAIT1EjfC6uGuhdwVjw==/base.apk): ok
2025-07-09 22:39:32.757   806-1044  Background...rolService system_server                        D  Package event received: 0
2025-07-09 22:39:32.757   806-1044  Background...rolService system_server                        D  Package event received: 0
2025-07-09 22:39:32.782  1642-6397  Icing                   com.google.android.gms               I  Usage reports ok 0, Failed Usage reports 0, indexed 0, rejected 0
2025-07-09 22:39:32.795   806-3476  OptProp                 system_server                        W  Cannot read opt property android.window.PROPERTY_COMPAT_ENABLE_FAKE_FOCUS
2025-07-09 22:39:32.798   806-3476  CompatChangeReporter    system_server                        D  Compat change id reported: 324203798; UID 10214; state: ENABLED
2025-07-09 22:39:32.821 10074-10074 Choreographer           com.mynewproject                     I  Skipped 56 frames!  The application may be doing too much work on its main thread.
2025-07-09 22:39:32.829   806-1044  Background...rolService system_server                        D  Package event received: 0
2025-07-09 22:39:32.829   806-1044  Background...rolService system_server                        D  Package event received: 0
2025-07-09 22:39:32.850  5998-6145  akkt                    com...d.googlequicksearchbox:search  I  refreshDeviceAppInfoForAccount done.
2025-07-09 22:39:32.860 10074-10118 DisplayManager          com.mynewproject                     I  Choreographer implicitly registered for the refresh rate.
2025-07-09 22:39:32.869 10074-10074 om.mynewproject         com.mynewproject                     I  AssetManager2(0x74bf7f05a498) locale list changing from [] to [en-US]
2025-07-09 22:39:32.951  5998-10090 dmkr                    com...d.googlequicksearchbox:search  I  The GellerConfig is not present, returning null.
2025-07-09 22:39:32.952  5998-10090 dmkr                    com...d.googlequicksearchbox:search  I  (REDACTED) The GellerConfig is not present, defaulting isUploadEnabled for corpus %s to true.
2025-07-09 22:39:32.989  5998-6210  akkt                    com...d.googlequicksearchbox:search  W  missing version info.
2025-07-09 22:39:33.060  1642-5422  Icing                   com.google.android.gms               I  IndexChimeraService.getServiceInterface callingPackage=com.google.android.gms componentName=null serviceId=30
2025-07-09 22:39:33.077   490-552   netd                    netd                                 I  tetherGetStats() -> {[]} <4.63ms>
2025-07-09 22:39:33.155 10074-10118 EGL_emulation           com.mynewproject                     I  Opening libGLESv1_CM_emulation.so
2025-07-09 22:39:33.162 10074-10118 EGL_emulation           com.mynewproject                     I  Opening libGLESv2_emulation.so
2025-07-09 22:39:33.187 10074-10118 HWUI                    com.mynewproject                     W  Failed to choose config with EGL_SWAP_BEHAVIOR_PRESERVED, retrying without...
2025-07-09 22:39:33.193 10074-10118 HWUI                    com.mynewproject                     W  Failed to initialize 101010-2 format, error = EGL_SUCCESS
2025-07-09 22:39:33.217 10074-10074 AppCompatDelegate       com.mynewproject                     D  Checking for metadata for AppLocalesMetadataHolderService : Service not found
2025-07-09 22:39:33.220 10074-10074 om.mynewproject         com.mynewproject                     I  AssetManager2(0x74bf7f05a178) locale list changing from [] to [en-US]
2025-07-09 22:39:33.246  1394-9987  NearbyMediums           com.google.android.gms.persistent    I  No BLE Fast/GATT advertisements found in the latest cycle.
2025-07-09 22:39:33.274 10074-10074 ashmem                  com.mynewproject                     E  Pinning is deprecated since Android Q. Please use trim or other methods.
2025-07-09 22:39:33.313  1642-6397  Icing                   com.google.android.gms               I  Usage reports ok 1, Failed Usage reports 0, indexed 0, rejected 0
2025-07-09 22:39:33.421  1642-6397  Icing                   com.google.android.gms               I  Indexing com.google.android.gms-apps from com.google.android.gms
2025-07-09 22:39:33.465  1642-1661  gle.android.gms         com.google.android.gms               I  Waiting for a blocking GC ProfileSaver
2025-07-09 22:39:33.516  1642-6397  Icing                   com.google.android.gms               I  Indexing done com.google.android.gms-apps
2025-07-09 22:39:33.610 10074-10074 nativeloader            com.mynewproject                     D  Load /data/app/~~rCurc0YFHenx7ToGIF8ISQ==/com.mynewproject-F14sAIT1EjfC6uGuhdwVjw==/base.apk!/lib/x86_64/libhermes.so using class loader ns clns-9 (caller=/data/app/~~rCurc0YFHenx7ToGIF8ISQ==/com.mynewproject-F14sAIT1EjfC6uGuhdwVjw==/base.apk): ok
2025-07-09 22:39:33.617 10074-10074 nativeloader            com.mynewproject                     D  Load /data/app/~~rCurc0YFHenx7ToGIF8ISQ==/com.mynewproject-F14sAIT1EjfC6uGuhdwVjw==/base.apk!/lib/x86_64/libhermestooling.so using class loader ns clns-9 (caller=/data/app/~~rCurc0YFHenx7ToGIF8ISQ==/com.mynewproject-F14sAIT1EjfC6uGuhdwVjw==/base.apk): ok
2025-07-09 22:39:33.617 10074-10074 jni_lib_merge           com.mynewproject                     D  Entering merged library JNI_OnLoad.
2025-07-09 22:39:33.617 10074-10074 jni_lib_merge           com.mynewproject                     D  Preparing 4 pre-merged libs (including stub)
2025-07-09 22:39:33.621 10074-10074 jni_lib_merge           com.mynewproject                     D  Preparing to register libhermes_executor_so.  onload_func: 0x74bd23a91f20
2025-07-09 22:39:33.621 10074-10074 jni_lib_merge           com.mynewproject                     D  Preparing to register libhermesinstancejni_so.  onload_func: 0x74bd23ac3ba0
2025-07-09 22:39:33.621 10074-10074 jni_lib_merge           com.mynewproject                     D  Preparing to register libjsijniprofiler_so.  onload_func: 0x74bd23ac58c0
2025-07-09 22:39:33.622 10074-10074 jni_lib_merge           com.mynewproject                     D  About to register 3 actual methods.
2025-07-09 22:39:33.825  1642-1661  gle.android.gms         com.google.android.gms               I  WaitForGcToComplete blocked ProfileSaver on Background for 360.281ms
2025-07-09 22:39:33.914  1528-1826  .apps.wellbeing         com.google.android.apps.wellbeing    I  AssetManager2(0x74bf7f076378) locale list changing from [] to [en-US]
2025-07-09 22:39:33.919  1528-1826  .apps.wellbeing         com.google.android.apps.wellbeing    I  AssetManager2(0x74bf7f082218) locale list changing from [] to [en-US]
2025-07-09 22:39:33.935  1528-1826  .apps.wellbeing         com.google.android.apps.wellbeing    I  AssetManager2(0x74bf7f079ed8) locale list changing from [] to [en-US]
2025-07-09 22:39:33.945  1528-1826  .apps.wellbeing         com.google.android.apps.wellbeing    I  AssetManager2(0x74bf7f0675f8) locale list changing from [] to [en-US]
2025-07-09 22:39:33.953  1528-1826  .apps.wellbeing         com.google.android.apps.wellbeing    I  AssetManager2(0x74bf7f07b7d8) locale list changing from [] to [en-US]
2025-07-09 22:39:33.961   806-980   WifiClient...078:wlan0] system_server                        D  updateLinkLayerStatsRssiSpeedFrequencyCapabilities rssi=-50 TxLinkspeed=1 freq=2447 RxLinkSpeed=2
2025-07-09 22:39:33.961   806-980   WifiDataStall           system_server                        D  tx tput in kbps: 11000
2025-07-09 22:39:33.962   806-980   WifiDataStall           system_server                        D  rx tput in kbps: 11000
2025-07-09 22:39:33.962   806-980   WifiConfigManager       system_server                        V  Updating scan detail cache freq=2447 BSSID=00:13:10:85:fe:01 RSSI=-50 for "AndroidWifi"NONE
2025-07-09 22:39:33.966   806-980   WifiThroughputPredictor system_server                        D   utilization (LLS) 80 isBluetoothConnected: false final utilization: 80
2025-07-09 22:39:33.970   806-980   WifiThroughputPredictor system_server                        D   BW: 0 RSSI: -50 Nss: 1 Mode: 1 symDur: 4000 snrDb 30 bitPerTone: 4500 rate: 54 throughput: 11
2025-07-09 22:39:33.970   806-980   WifiThroughputPredictor system_server                        D   utilization (LLS) 80 isBluetoothConnected: false final utilization: 80
2025-07-09 22:39:33.970   806-980   WifiThroughputPredictor system_server                        D   BW: 0 RSSI: -50 Nss: 1 Mode: 1 symDur: 4000 snrDb 30 bitPerTone: 4500 rate: 54 throughput: 11
2025-07-09 22:39:33.976  1528-1826  .apps.wellbeing         com.google.android.apps.wellbeing    I  AssetManager2(0x74bf7f068ef8) locale list changing from [] to [en-US]
2025-07-09 22:39:33.976   806-980   WifiThroughputPredictor system_server                        D   utilization (LLS) 80 isBluetoothConnected: false final utilization: 80
2025-07-09 22:39:33.978   806-980   WifiThroughputPredictor system_server                        D   BW: 0 RSSI: -50 Nss: 1 Mode: 1 symDur: 4000 snrDb 30 bitPerTone: 4500 rate: 54 throughput: 11
2025-07-09 22:39:33.978   806-980   WifiThroughputPredictor system_server                        D   utilization (LLS) 80 isBluetoothConnected: false final utilization: 80
2025-07-09 22:39:33.978   806-980   WifiThroughputPredictor system_server                        D   BW: 0 RSSI: -50 Nss: 1 Mode: 1 symDur: 4000 snrDb 30 bitPerTone: 4500 rate: 54 throughput: 11
2025-07-09 22:39:33.986   806-980   WifiScoreCard           system_server                        D  BSSID update SIGNAL_POLL ID: 1945389649 SSID: "AndroidWifi", BSSID: 00:13:10:85:fe:01, MAC: 02:15:b2:00:00:00, IP: /10.0.2.16, Security type: 0, Supplicant state: COMPLETED, Wi-Fi standard: legacy, RSSI: -50, Link speed: 1Mbps, Tx Link speed: 1Mbps, Max Supported Tx Link speed: 11Mbps, Rx Link speed: 2Mbps, Max Supported Rx Link speed: 11Mbps, Frequency: 2447MHz, Net ID: 0, Metered hint: false, score: 60, isUsable: true, CarrierMerged: false, SubscriptionId: -1, IsPrimary: 1, Trusted: true, Restricted: false, Ephemeral: false, OEM paid: false, OEM private: false, OSU AP: false, FQDN: <none>, Provider friendly name: <none>, Requesting package name: <none>"AndroidWifi"openMLO Information: , Is TID-To-Link negotiation supported by the AP: false, AP MLD Address: <none>, AP MLO Link Id: <none>, AP MLO Affiliated links: <none>, Vendor Data: <none>
2025-07-09 22:39:33.987   806-980   WifiScoreCard           system_server                        D  txRate: 1 txSpeed: 1
2025-07-09 22:39:33.987   806-980   WifiScoreCard           system_server                        D  network update SIGNAL_POLL "AndroidWifi" ID: 414063379 RSSI -50 txSpeed -1
2025-07-09 22:39:33.992   806-980   WifiClient...078:wlan0] system_server                        D   ClientModeImpl$L2ConnectedState screen=on 7 0 "AndroidWifi" 00:13:10:85:fe:01 rssi=-50 f=2447 sc=60 link=1 tx=0.0, 0.0, 0.0 rx=0.0 bcn=0 [on:0 tx:0 rx:0 period:3038] from screen [on:0 period:290573] score=60
2025-07-09 22:39:33.998  1528-1826  .apps.wellbeing         com.google.android.apps.wellbeing    I  AssetManager2(0x74bf7f066018) locale list changing from [] to [en-US]
2025-07-09 22:39:34.014  1528-1826  .apps.wellbeing         com.google.android.apps.wellbeing    I  AssetManager2(0x74bf7f0659d8) locale list changing from [] to [en-US]
2025-07-09 22:39:34.022  1528-1826  .apps.wellbeing         com.google.android.apps.wellbeing    I  AssetManager2(0x74bf7f069218) locale list changing from [] to [en-US]
2025-07-09 22:39:34.035  1528-1826  .apps.wellbeing         com.google.android.apps.wellbeing    I  AssetManager2(0x74bf7f06ae38) locale list changing from [] to [en-US]
2025-07-09 22:39:34.046  1528-1826  .apps.wellbeing         com.google.android.apps.wellbeing    I  AssetManager2(0x74bf7f079258) locale list changing from [] to [en-US]
2025-07-09 22:39:34.093  1528-1826  .apps.wellbeing         com.google.android.apps.wellbeing    I  AssetManager2(0x74bf7f069538) locale list changing from [] to [en-US]
2025-07-09 22:39:34.107  1528-1826  .apps.wellbeing         com.google.android.apps.wellbeing    I  AssetManager2(0x74bf7f069858) locale list changing from [] to [en-US]
2025-07-09 22:39:34.122  1528-1826  .apps.wellbeing         com.google.android.apps.wellbeing    I  AssetManager2(0x74bf7f066338) locale list changing from [] to [en-US]
2025-07-09 22:39:34.140  1528-1826  .apps.wellbeing         com.google.android.apps.wellbeing    I  AssetManager2(0x74bf7f077f98) locale list changing from [] to [en-US]
2025-07-09 22:39:34.177  1528-1826  .apps.wellbeing         com.google.android.apps.wellbeing    I  AssetManager2(0x74bf7f077318) locale list changing from [] to [en-US]
2025-07-09 22:39:34.191  1528-1826  .apps.wellbeing         com.google.android.apps.wellbeing    I  AssetManager2(0x74bf7f077f98) locale list changing from [] to [en-US]
2025-07-09 22:39:34.224  1528-1826  .apps.wellbeing         com.google.android.apps.wellbeing    I  AssetManager2(0x74bf7f066338) locale list changing from [] to [en-US]
2025-07-09 22:39:34.253  1528-1826  .apps.wellbeing         com.google.android.apps.wellbeing    I  AssetManager2(0x74bf7f069538) locale list changing from [] to [en-US]
2025-07-09 22:39:34.263  1528-1826  .apps.wellbeing         com.google.android.apps.wellbeing    I  AssetManager2(0x74bf7f069218) locale list changing from [] to [en-US]
2025-07-09 22:39:34.270  1528-1826  .apps.wellbeing         com.google.android.apps.wellbeing    I  AssetManager2(0x74bf7f065cf8) locale list changing from [] to [en-US]
2025-07-09 22:39:34.281  1528-1826  .apps.wellbeing         com.google.android.apps.wellbeing    I  AssetManager2(0x74bf7f0659d8) locale list changing from [] to [en-US]
2025-07-09 22:39:34.288  1528-1826  .apps.wellbeing         com.google.android.apps.wellbeing    I  AssetManager2(0x74bf7f066018) locale list changing from [] to [en-US]
2025-07-09 22:39:34.293  1229-1428  SatelliteController     com.android.phone                    D  iisInCarrierRoamingNbIotNtn: satellite is disabled
2025-07-09 22:39:34.316  1528-1826  .apps.wellbeing         com.google.android.apps.wellbeing    I  AssetManager2(0x74bf7f06ae38) locale list changing from [] to [en-US]
2025-07-09 22:39:34.322  1528-1826  .apps.wellbeing         com.google.android.apps.wellbeing    I  AssetManager2(0x74bf7f07b7d8) locale list changing from [] to [en-US]
2025-07-09 22:39:34.330  1528-1826  .apps.wellbeing         com.google.android.apps.wellbeing    I  AssetManager2(0x74bf7f068ef8) locale list changing from [] to [en-US]
2025-07-09 22:39:34.340  1528-1826  .apps.wellbeing         com.google.android.apps.wellbeing    I  AssetManager2(0x74bf7f06b798) locale list changing from [] to [en-US]
2025-07-09 22:39:34.354  1528-1826  .apps.wellbeing         com.google.android.apps.wellbeing    I  AssetManager2(0x74bf7f082218) locale list changing from [] to [en-US]
2025-07-09 22:39:34.361  1528-1826  .apps.wellbeing         com.google.android.apps.wellbeing    I  AssetManager2(0x74bf7f064d58) locale list changing from [] to [en-US]
2025-07-09 22:39:34.371  1528-1826  .apps.wellbeing         com.google.android.apps.wellbeing    I  AssetManager2(0x74bf7f07ae78) locale list changing from [] to [en-US]
2025-07-09 22:39:34.381  1528-1826  .apps.wellbeing         com.google.android.apps.wellbeing    I  AssetManager2(0x74bf7f078f38) locale list changing from [] to [en-US]
2025-07-09 22:39:34.388  1528-1826  .apps.wellbeing         com.google.android.apps.wellbeing    I  AssetManager2(0x74bf7f0782b8) locale list changing from [] to [en-US]
2025-07-09 22:39:34.419  1528-1826  .apps.wellbeing         com.google.android.apps.wellbeing    I  AssetManager2(0x74bf7f06d3b8) locale list changing from [] to [en-US]
2025-07-09 22:39:34.437  1528-1826  .apps.wellbeing         com.google.android.apps.wellbeing    I  AssetManager2(0x74bf7f0785d8) locale list changing from [] to [en-US]
2025-07-09 22:39:34.445  1528-1826  .apps.wellbeing         com.google.android.apps.wellbeing    I  AssetManager2(0x74bf7f0737b8) locale list changing from [] to [en-US]
2025-07-09 22:39:34.457  1528-1826  .apps.wellbeing         com.google.android.apps.wellbeing    I  AssetManager2(0x74bf7f0753d8) locale list changing from [] to [en-US]
2025-07-09 22:39:34.466  1528-1826  .apps.wellbeing         com.google.android.apps.wellbeing    I  AssetManager2(0x74bf7f06d6d8) locale list changing from [] to [en-US]
2025-07-09 22:39:34.483  1528-1826  .apps.wellbeing         com.google.android.apps.wellbeing    I  AssetManager2(0x74bf7f072818) locale list changing from [] to [en-US]
2025-07-09 22:39:34.504  1528-1826  .apps.wellbeing         com.google.android.apps.wellbeing    I  AssetManager2(0x74bf7f076cd8) locale list changing from [] to [en-US]
2025-07-09 22:39:34.513  1528-1826  .apps.wellbeing         com.google.android.apps.wellbeing    I  AssetManager2(0x74bf7f070bf8) locale list changing from [] to [en-US]
2025-07-09 22:39:34.521  1528-1826  .apps.wellbeing         com.google.android.apps.wellbeing    I  AssetManager2(0x74bf7f05ff38) locale list changing from [] to [en-US]
2025-07-09 22:39:34.534  1528-1826  .apps.wellbeing         com.google.android.apps.wellbeing    I  AssetManager2(0x74bf7f06efd8) locale list changing from [] to [en-US]
2025-07-09 22:39:34.545  1528-1826  .apps.wellbeing         com.google.android.apps.wellbeing    I  AssetManager2(0x74bf7f0721d8) locale list changing from [] to [en-US]
2025-07-09 22:39:34.557  1528-1826  .apps.wellbeing         com.google.android.apps.wellbeing    I  AssetManager2(0x74bf7f063778) locale list changing from [] to [en-US]
2025-07-09 22:39:34.566  1528-1826  .apps.wellbeing         com.google.android.apps.wellbeing    I  AssetManager2(0x74bf7f05d058) locale list changing from [] to [en-US]
2025-07-09 22:39:34.584  1528-1826  .apps.wellbeing         com.google.android.apps.wellbeing    I  AssetManager2(0x74bf7f06ecb8) locale list changing from [] to [en-US]
2025-07-09 22:39:34.593  1528-1826  .apps.wellbeing         com.google.android.apps.wellbeing    I  AssetManager2(0x74bf7f071238) locale list changing from [] to [en-US]
2025-07-09 22:39:34.615  1528-1826  .apps.wellbeing         com.google.android.apps.wellbeing    I  AssetManager2(0x74bf7f06d098) locale list changing from [] to [en-US]
2025-07-09 22:39:34.629  1528-1826  .apps.wellbeing         com.google.android.apps.wellbeing    I  AssetManager2(0x74bf7f059e58) locale list changing from [] to [en-US]
2025-07-09 22:39:34.637  1528-1826  .apps.wellbeing         com.google.android.apps.wellbeing    I  AssetManager2(0x74bf7f063458) locale list changing from [] to [en-US]
2025-07-09 22:39:34.649  1528-1826  .apps.wellbeing         com.google.android.apps.wellbeing    I  AssetManager2(0x74bf7f06d9f8) locale list changing from [] to [en-US]
2025-07-09 22:39:34.656  1528-1826  .apps.wellbeing         com.google.android.apps.wellbeing    I  AssetManager2(0x74bf7f070298) locale list changing from [] to [en-US]
