2025-07-09 22:39:34.662  1528-1826  .apps.wellbeing         com.google.android.apps.wellbeing    I  AssetManager2(0x74bf7f072b38) locale list changing from [] to [en-US]
2025-07-09 22:39:34.672  1528-1826  .apps.wellbeing         com.google.android.apps.wellbeing    I  AssetManager2(0x74bf7f064a38) locale list changing from [] to [en-US]
2025-07-09 22:39:34.681  1528-1826  .apps.wellbeing         com.google.android.apps.wellbeing    I  AssetManager2(0x74bf7f071878) locale list changing from [] to [en-US]
2025-07-09 22:39:34.690  1528-1826  .apps.wellbeing         com.google.android.apps.wellbeing    I  AssetManager2(0x74bf7f066c98) locale list changing from [] to [en-US]
2025-07-09 22:39:34.697  1528-1826  .apps.wellbeing         com.google.android.apps.wellbeing    I  AssetManager2(0x74bf7f06f2f8) locale list changing from [] to [en-US]
2025-07-09 22:39:34.703  1528-1826  .apps.wellbeing         com.google.android.apps.wellbeing    I  AssetManager2(0x74bf7f066fb8) locale list changing from [] to [en-US]
2025-07-09 22:39:34.710  1528-1826  .apps.wellbeing         com.google.android.apps.wellbeing    I  AssetManager2(0x74bf7f073178) locale list changing from [] to [en-US]
2025-07-09 22:39:34.716  1528-1826  .apps.wellbeing         com.google.android.apps.wellbeing    I  AssetManager2(0x74bf7f067918) locale list changing from [] to [en-US]
2025-07-09 22:39:34.726  1528-1826  .apps.wellbeing         com.google.android.apps.wellbeing    I  AssetManager2(0x74bf7f065078) locale list changing from [] to [en-US]
2025-07-09 22:39:34.730  1528-1826  .apps.wellbeing         com.google.android.apps.wellbeing    I  AssetManager2(0x74bf7f07b4b8) locale list changing from [] to [en-US]
2025-07-09 22:39:34.737  1528-1826  .apps.wellbeing         com.google.android.apps.wellbeing    I  AssetManager2(0x74bf7f063a98) locale list changing from [] to [en-US]
2025-07-09 22:39:34.744  1528-1826  .apps.wellbeing         com.google.android.apps.wellbeing    I  AssetManager2(0x74bf7f065398) locale list changing from [] to [en-US]
2025-07-09 22:39:34.749  1528-1826  .apps.wellbeing         com.google.android.apps.wellbeing    I  AssetManager2(0x74bf7f067f58) locale list changing from [] to [en-US]
2025-07-09 22:39:34.754  1528-1826  .apps.wellbeing         com.google.android.apps.wellbeing    I  AssetManager2(0x74bf7f07e398) locale list changing from [] to [en-US]
2025-07-09 22:39:34.761  1528-1826  .apps.wellbeing         com.google.android.apps.wellbeing    I  AssetManager2(0x74bf7f07f978) locale list changing from [] to [en-US]
2025-07-09 22:39:34.771  1528-1826  .apps.wellbeing         com.google.android.apps.wellbeing    I  AssetManager2(0x74bf7f0656b8) locale list changing from [] to [en-US]
2025-07-09 22:39:34.778  1528-1826  .apps.wellbeing         com.google.android.apps.wellbeing    I  AssetManager2(0x74bf7f06bdd8) locale list changing from [] to [en-US]
2025-07-09 22:39:34.782  1528-1826  .apps.wellbeing         com.google.android.apps.wellbeing    I  AssetManager2(0x74bf7f074d98) locale list changing from [] to [en-US]
2025-07-09 22:39:34.794  1528-1826  .apps.wellbeing         com.google.android.apps.wellbeing    I  AssetManager2(0x74bf7f0688b8) locale list changing from [] to [en-US]
2025-07-09 22:39:34.794 10074-10074 unknown:BridgelessReact com.mynewproject                     W  ReactHost{0}.startSurface(surfaceId = 0): Schedule
2025-07-09 22:39:34.795 10074-10074 unknown:BridgelessReact com.mynewproject                     W  ReactHost{0}.attachSurface(surfaceId = 0)
2025-07-09 22:39:34.796  1528-1826  .apps.wellbeing         com.google.android.apps.wellbeing    I  AssetManager2(0x74bf7f06b158) locale list changing from [] to [en-US]
2025-07-09 22:39:34.802 10074-10125 unknown:BridgelessReact com.mynewproject                     W  ReactHost{0}.getOrCreateReactInstanceTask()
2025-07-09 22:39:34.804  1528-1826  .apps.wellbeing         com.google.android.apps.wellbeing    I  AssetManager2(0x74bf7f060898) locale list changing from [] to [en-US]
2025-07-09 22:39:34.807  1528-1826  .apps.wellbeing         com.google.android.apps.wellbeing    I  AssetManager2(0x74bf7f061e78) locale list changing from [] to [en-US]
2025-07-09 22:39:34.811  1528-1826  .apps.wellbeing         com.google.android.apps.wellbeing    I  AssetManager2(0x74bf7f0672d8) locale list changing from [] to [en-US]
2025-07-09 22:39:34.814 10074-10125 unknown:BridgelessReact com.mynewproject                     W  ReactHost{0}.getOrCreateReactInstanceTask(): Start
2025-07-09 22:39:34.821 10074-10125 unknown:BridgelessReact com.mynewproject                     W  ReactHost{0}.getJSBundleLoader()
2025-07-09 22:39:34.821 10074-10125 unknown:BridgelessReact com.mynewproject                     W  ReactHost{0}.isMetroRunning()
2025-07-09 22:39:34.822  1528-1826  .apps.wellbeing         com.google.android.apps.wellbeing    I  AssetManager2(0x74bf7f05dff8) locale list changing from [] to [en-US]
2025-07-09 22:39:34.826 10074-10074 CompatChangeReporter    com.mynewproject                     D  Compat change id reported: 309578419; UID 10214; state: ENABLED
2025-07-09 22:39:34.832  1528-1826  .apps.wellbeing         com.google.android.apps.wellbeing    I  AssetManager2(0x74bf7f064718) locale list changing from [] to [en-US]
2025-07-09 22:39:34.833 10074-10074 DesktopModeFlags        com.mynewproject                     D  Toggle override initialized to: OVERRIDE_UNSET
2025-07-09 22:39:34.837  1528-1826  .apps.wellbeing         com.google.android.apps.wellbeing    I  AssetManager2(0x74bf7f069e98) locale list changing from [] to [en-US]
2025-07-09 22:39:34.846  1528-1826  .apps.wellbeing         com.google.android.apps.wellbeing    I  AssetManager2(0x74bf7f066978) locale list changing from [] to [en-US]
2025-07-09 22:39:34.851  1528-1826  .apps.wellbeing         com.google.android.apps.wellbeing    I  AssetManager2(0x74bf7f068bd8) locale list changing from [] to [en-US]
2025-07-09 22:39:34.857  1528-1826  .apps.wellbeing         com.google.android.apps.wellbeing    I  AssetManager2(0x74bf7f063138) locale list changing from [] to [en-US]
2025-07-09 22:39:34.863  1528-1826  .apps.wellbeing         com.google.android.apps.wellbeing    I  AssetManager2(0x74bf7f06c0f8) locale list changing from [] to [en-US]
2025-07-09 22:39:34.870  1528-1826  .apps.wellbeing         com.google.android.apps.wellbeing    I  AssetManager2(0x74bf7f07d3f8) locale list changing from [] to [en-US]
2025-07-09 22:39:34.876  1528-1826  .apps.wellbeing         com.google.android.apps.wellbeing    I  AssetManager2(0x74bf7f05f2b8) locale list changing from [] to [en-US]
2025-07-09 22:39:34.886  1528-1826  .apps.wellbeing         com.google.android.apps.wellbeing    I  AssetManager2(0x74bf7f0640d8) locale list changing from [] to [en-US]
2025-07-09 22:39:34.892  1528-1826  .apps.wellbeing         com.google.android.apps.wellbeing    I  AssetManager2(0x74bf7f074a78) locale list changing from [] to [en-US]
2025-07-09 22:39:34.897  1528-1826  .apps.wellbeing         com.google.android.apps.wellbeing    I  AssetManager2(0x74bf7f07fc98) locale list changing from [] to [en-US]
2025-07-09 22:39:34.902  1528-1826  .apps.wellbeing         com.google.android.apps.wellbeing    I  AssetManager2(0x74bf7f05d9b8) locale list changing from [] to [en-US]
2025-07-09 22:39:34.910  1528-1826  .apps.wellbeing         com.google.android.apps.wellbeing    I  AssetManager2(0x74bf7f05d698) locale list changing from [] to [en-US]
2025-07-09 22:39:34.921  1528-1826  .apps.wellbeing         com.google.android.apps.wellbeing    I  AssetManager2(0x74bf7f080f58) locale list changing from [] to [en-US]
2025-07-09 22:39:34.926  1528-1826  .apps.wellbeing         com.google.android.apps.wellbeing    I  AssetManager2(0x74bf7f07ffb8) locale list changing from [] to [en-US]
2025-07-09 22:39:34.934  1528-1826  .apps.wellbeing         com.google.android.apps.wellbeing    I  AssetManager2(0x74bf7f05ca18) locale list changing from [] to [en-US]
2025-07-09 22:39:34.952  1528-1826  .apps.wellbeing         com.google.android.apps.wellbeing    I  AssetManager2(0x74bf7f05f5d8) locale list changing from [] to [en-US]
2025-07-09 22:39:34.961 10074-10074 om.mynewproject         com.mynewproject                     I  hiddenapi: Accessing hidden method Landroid/view/ViewGroup;->makeOptionalFitsSystemWindows()V (runtime_flags=0, domain=platform, api=unsupported) from Landroidx/appcompat/widget/ViewUtils; (domain=app) using reflection: allowed
2025-07-09 22:39:34.963  1528-1826  .apps.wellbeing         com.google.android.apps.wellbeing    I  AssetManager2(0x74bf7f079bb8) locale list changing from [] to [en-US]
2025-07-09 22:39:34.977  1528-1826  .apps.wellbeing         com.google.android.apps.wellbeing    I  AssetManager2(0x74bf7f0837f8) locale list changing from [] to [en-US]
2025-07-09 22:39:34.994  1528-1826  .apps.wellbeing         com.google.android.apps.wellbeing    I  AssetManager2(0x74bf7f07a518) locale list changing from [] to [en-US]
2025-07-09 22:39:35.003  1528-1826  .apps.wellbeing         com.google.android.apps.wellbeing    I  AssetManager2(0x74bf7f074438) locale list changing from [] to [en-US]
2025-07-09 22:39:35.030  1528-1826  .apps.wellbeing         com.google.android.apps.wellbeing    I  AssetManager2(0x74bf7f0624b8) locale list changing from [] to [en-US]
2025-07-09 22:39:35.032 10074-10074 unknown:BridgelessReact com.mynewproject                     W  ReactHost{0}.onHostResume(activity)
2025-07-09 22:39:35.047  1528-1826  .apps.wellbeing         com.google.android.apps.wellbeing    I  AssetManager2(0x74bf7f067c38) locale list changing from [] to [en-US]
2025-07-09 22:39:35.049 10074-10074 CompatChangeReporter    com.mynewproject                     D  Compat change id reported: 352594277; UID 10214; state: ENABLED
2025-07-09 22:39:35.074 10074-10074 CompatChangeReporter    com.mynewproject                     D  Compat change id reported: 349153669; UID 10214; state: ENABLED
2025-07-09 22:39:35.074  1528-1826  .apps.wellbeing         com.google.android.apps.wellbeing    I  AssetManager2(0x74bf7f07ca98) locale list changing from [] to [en-US]
2025-07-09 22:39:35.082 10074-10074 HWUI                    com.mynewproject                     W  Unknown dataspace 0
2025-07-09 22:39:35.060     0-0     servicemanager          pid-0                                I  Caller(pid=10074,uid=10214,sid=u:r:untrusted_app:s0:c214,c256,c512,c768) Found android.hardware.graphics.allocator.IAllocator/default in device VINTF manifest.
2025-07-09 22:39:35.075     0-0     servicemanager          pid-0                                I  Caller(pid=10074,uid=10214,sid=u:r:untrusted_app:s0:c214,c256,c512,c768) Found android.hardware.graphics.allocator.IAllocator/default in device VINTF manifest.
2025-07-09 22:39:35.082     0-0     servicemanager          pid-0                                I  Caller(pid=10074,uid=10214,sid=u:r:untrusted_app:s0:c214,c256,c512,c768) Found mapper/ranchu in device VINTF manifest.
2025-07-09 22:39:35.181   806-875   WifiService             system_server                        I  isFeatureSupported uid=1000 returns [WIFI_FEATURE_INFRA, WIFI_FEATURE_P2P, WIFI_FEATURE_MOBILE_HOTSPOT, WIFI_FEATURE_WPA3_SAE, WIFI_FEATURE_WPA3_SUITE_B, WIFI_FEATURE_OWE, WIFI_FEATURE_DPP, WIFI_FEATURE_AP_RAND_MAC, WIFI_FEATURE_MBO, WIFI_FEATURE_FILS_SHA256, WIFI_FEATURE_FILS_SHA384, WIFI_FEATURE_SAE_PK, WIFI_FEATURE_DPP_ENROLLEE_RESPONDER, WIFI_FEATURE_PASSPOINT_TERMS_AND_CONDITIONS, WIFI_FEATURE_WFD_R2, WIFI_FEATURE_DECORATED_IDENTITY, WIFI_FEATURE_TRUST_ON_FIRST_USE, WIFI_FEATURE_SET_TLS_MINIMUM_VERSION, WIFI_FEATURE_TLS_V1_3, WIFI_FEATURE_WEP, WIFI_FEATURE_WPA_PERSONAL]
2025-07-09 22:39:35.181  1079-1079  wpa_supplicant          wpa_supplicant                       D  nl80211: Drv Event 64 (NL80211_CMD_NOTIFY_CQM) received for wlan0
2025-07-09 22:39:35.181  1079-1079  wpa_supplicant          wpa_supplicant                       D  nl80211: Beacon loss event
2025-07-09 22:39:35.181  1079-1079  wpa_supplicant          wpa_supplicant                       D  wlan0: Event BEACON_LOSS (53) received
2025-07-09 22:39:35.182  1079-1079  wpa_supplicant          wpa_supplicant                       I  wlan0: CTRL-EVENT-BEACON-LOSS 
2025-07-09 22:39:35.190  1528-1826  .apps.wellbeing         com.google.android.apps.wellbeing    I  AssetManager2(0x74bf7f07d0d8) locale list changing from [] to [en-US]
2025-07-09 22:39:35.206  1528-1826  .apps.wellbeing         com.google.android.apps.wellbeing    I  AssetManager2(0x74bf7f061518) locale list changing from [] to [en-US]
2025-07-09 22:39:35.221  1528-1826  .apps.wellbeing         com.google.android.apps.wellbeing    I  AssetManager2(0x74bf7f05cd38) locale list changing from [] to [en-US]
2025-07-09 22:39:35.233  1528-1826  .apps.wellbeing         com.google.android.apps.wellbeing    I  AssetManager2(0x74bf7f060258) locale list changing from [] to [en-US]
2025-07-09 22:39:35.256  1528-1826  .apps.wellbeing         com.google.android.apps.wellbeing    I  AssetManager2(0x74bf7f060ed8) locale list changing from [] to [en-US]
2025-07-09 22:39:35.265   806-3476  CoreBackPreview         system_server                        D  Window{ba6c848 u0 com.mynewproject/com.mynewproject.MainActivity}: Setting back callback OnBackInvokedCallbackInfo{mCallback=android.window.IOnBackInvokedCallback$Stub$Proxy@d4f8c06, mPriority=0, mIsAnimationCallback=false, mOverrideBehavior=0}
2025-07-09 22:39:35.269  1528-1826  .apps.wellbeing         com.google.android.apps.wellbeing    I  AssetManager2(0x74bf7f081ef8) locale list changing from [] to [en-US]
2025-07-09 22:39:35.298  1528-1826  .apps.wellbeing         com.google.android.apps.wellbeing    I  AssetManager2(0x74bf7f07c138) locale list changing from [] to [en-US]
2025-07-09 22:39:35.307  1528-1826  .apps.wellbeing         com.google.android.apps.wellbeing    I  AssetManager2(0x74bf7f07c778) locale list changing from [] to [en-US]
2025-07-09 22:39:35.330  1528-1826  .apps.wellbeing         com.google.android.apps.wellbeing    I  AssetManager2(0x74bf7f07e9d8) locale list changing from [] to [en-US]
2025-07-09 22:39:35.336 10074-10126 unknown:BridgelessReact com.mynewproject                     W  ReactHost{0}.isMetroRunning(): Async result = true
2025-07-09 22:39:35.345  1528-1826  .apps.wellbeing         com.google.android.apps.wellbeing    I  AssetManager2(0x74bf7f082858) locale list changing from [] to [en-US]
2025-07-09 22:39:35.346 10074-10125 unknown:BridgelessReact com.mynewproject                     W  ReactHost{0}.loadJSBundleFromMetro()
2025-07-09 22:39:35.418  1528-1826  .apps.wellbeing         com.google.android.apps.wellbeing    I  AssetManager2(0x74bf7f07da38) locale list changing from [] to [en-US]
2025-07-09 22:39:35.447 10074-10125 CompatChangeReporter    com.mynewproject                     D  Compat change id reported: 270674727; UID 10214; state: ENABLED
2025-07-09 22:39:35.454  1528-1826  .apps.wellbeing         com.google.android.apps.wellbeing    I  AssetManager2(0x74bf7f07e6b8) locale list changing from [] to [en-US]
2025-07-09 22:39:35.472  1528-1826  .apps.wellbeing         com.google.android.apps.wellbeing    I  AssetManager2(0x74bf7f075d38) locale list changing from [] to [en-US]
2025-07-09 22:39:35.481  1528-1826  .apps.wellbeing         com.google.android.apps.wellbeing    I  AssetManager2(0x74bf7f077958) locale list changing from [] to [en-US]
2025-07-09 22:39:35.493  1528-1826  .apps.wellbeing         com.google.android.apps.wellbeing    I  AssetManager2(0x74bf7f07ecf8) locale list changing from [] to [en-US]
2025-07-09 22:39:35.498  1528-1826  .apps.wellbeing         com.google.android.apps.wellbeing    I  AssetManager2(0x74bf7f076698) locale list changing from [] to [en-US]
2025-07-09 22:39:35.518  1528-1826  .apps.wellbeing         com.google.android.apps.wellbeing    I  AssetManager2(0x74bf7f07baf8) locale list changing from [] to [en-US]
2025-07-09 22:39:35.546 10074-10074 CompatChangeReporter    com.mynewproject                     D  Compat change id reported: 63938206; UID 10214; state: ENABLED
2025-07-09 22:39:35.562   806-853   ActivityTaskManager     system_server                        I  Displayed com.mynewproject/.MainActivity for user 0: +6s378ms
2025-07-09 22:39:35.676  1528-1826  .apps.wellbeing         com.google.android.apps.wellbeing    I  AssetManager2(0x74bf7f07b198) locale list changing from [] to [en-US]
2025-07-09 22:39:35.705  1528-1826  .apps.wellbeing         com.google.android.apps.wellbeing    I  AssetManager2(0x74bf7f0834d8) locale list changing from [] to [en-US]
2025-07-09 22:39:35.710  1528-1826  .apps.wellbeing         com.google.android.apps.wellbeing    I  AssetManager2(0x74bf7f0750b8) locale list changing from [] to [en-US]
2025-07-09 22:39:35.713  1528-1826  .apps.wellbeing         com.google.android.apps.wellbeing    I  AssetManager2(0x74bf7f082b78) locale list changing from [] to [en-US]
2025-07-09 22:39:35.754   806-1823  CoreBackPreview         system_server                        D  Window{a8615de u0 PopupWindow:fc607d9}: Setting back callback OnBackInvokedCallbackInfo{mCallback=android.window.IOnBackInvokedCallback$Stub$Proxy@d46a5d5, mPriority=0, mIsAnimationCallback=false, mOverrideBehavior=0}
2025-07-09 22:39:35.766  1528-1826  .apps.wellbeing         com.google.android.apps.wellbeing    I  AssetManager2(0x74bf7f080c38) locale list changing from [] to [en-US]
2025-07-09 22:39:35.781  1394-1410  FontLog                 com.google.android.gms.persistent    I  Received query Noto Color Emoji Compat, URI content://com.google.android.gms.fonts [CONTEXT service_id=132 ]
2025-07-09 22:39:35.782  1394-1410  FontLog                 com.google.android.gms.persistent    I  Query [emojicompat-emoji-font] resolved to {Noto Color Emoji Compat, wdth 100.0, wght 400, ital 0.0, bestEffort false}, isVf false} [CONTEXT service_id=132 ]
2025-07-09 22:39:35.796  1394-1410  FontLog                 com.google.android.gms.persistent    I  Fetch {Noto Color Emoji Compat, wdth 100.0, wght 400, ital 0.0, bestEffort false}, isVf false} end status Status{statusCode=SUCCESS, resolution=null} [CONTEXT service_id=132 ]
2025-07-09 22:39:35.798  1528-1826  .apps.wellbeing         com.google.android.apps.wellbeing    I  AssetManager2(0x74bf7f082538) locale list changing from [] to [en-US]
2025-07-09 22:39:35.898  1394-1410  FontLog                 com.google.android.gms.persistent    I  Pulling font file for id = 47, cache size = 5 [CONTEXT service_id=132 ]
2025-07-09 22:39:35.918  1394-1410  FontLog                 com.google.android.gms.persistent    I  Pulling font file for id = 47, cache size = 5 [CONTEXT service_id=132 ]
2025-07-09 22:39:35.936   490-552   netd                    netd                                 I  tetherGetStats() -> {[]} <2.39ms>
2025-07-09 22:39:35.948 10074-10074 unknown:BridgelessReact com.mynewproject                     W  ReactHost{0}.raiseSoftException(onWindowFocusChange(hasFocus = "true")): Tried to access onWindowFocusChange while context is not ready
2025-07-09 22:39:35.955  1091-1284  WindowOnBackDispatcher  com.android.systemui                 W  sendCancelIfRunning: isInProgress=false callback=android.view.ViewRootImpl$$ExternalSyntheticLambda13@93762da
2025-07-09 22:39:35.963 10074-10074 unknown:ReactHost       com.mynewproject                     E  Unhandled SoftException (Ask Gemini)
                                                                                                    com.facebook.react.bridge.ReactNoCrashSoftException: raiseSoftException(onWindowFocusChange(hasFocus = "true")): Tried to access onWindowFocusChange while context is not ready
                                                                                                    	at com.facebook.react.runtime.ReactHostImpl.raiseSoftException(ReactHostImpl.java:1038)
                                                                                                    	at com.facebook.react.runtime.ReactHostImpl.raiseSoftException(ReactHostImpl.java:1031)
                                                                                                    	at com.facebook.react.runtime.ReactHostImpl.onWindowFocusChange(ReactHostImpl.java:790)
                                                                                                    	at com.facebook.react.ReactDelegate.onWindowFocusChanged(ReactDelegate.java:199)
                                                                                                    	at com.facebook.react.ReactActivityDelegate.onWindowFocusChanged(ReactActivityDelegate.java:216)
                                                                                                    	at com.facebook.react.ReactActivity.onWindowFocusChanged(ReactActivity.java:158)
                                                                                                    	at androidx.appcompat.view.WindowCallbackWrapper.onWindowFocusChanged(WindowCallbackWrapper.java:124)
                                                                                                    	at com.android.internal.policy.DecorView.onWindowFocusChanged(DecorView.java:1818)
                                                                                                    	at android.view.View.dispatchWindowFocusChanged(View.java:16952)
                                                                                                    	at android.view.ViewGroup.dispatchWindowFocusChanged(ViewGroup.java:1530)
                                                                                                    	at android.view.ViewRootImpl.dispatchFocusEvent(ViewRootImpl.java:4873)
                                                                                                    	at android.view.ViewRootImpl.handleWindowFocusChanged(ViewRootImpl.java:4777)
                                                                                                    	at android.view.ViewRootImpl.-$$Nest$mhandleWindowFocusChanged(Unknown Source:0)
                                                                                                    	at android.view.ViewRootImpl$ViewRootHandler.handleMessageImpl(ViewRootImpl.java:7017)
                                                                                                    	at android.view.ViewRootImpl$ViewRootHandler.handleMessage(ViewRootImpl.java:6927)
                                                                                                    	at android.os.Handler.dispatchMessage(Handler.java:110)
                                                                                                    	at android.os.Looper.loopOnce(Looper.java:248)
                                                                                                    	at android.os.Looper.loop(Looper.java:338)
                                                                                                    	at android.app.ActivityThread.main(ActivityThread.java:9067)
                                                                                                    	at java.lang.reflect.Method.invoke(Native Method)
                                                                                                    	at com.android.internal.os.RuntimeInit$MethodAndArgsCaller.run(RuntimeInit.java:593)
                                                                                                    	at com.android.internal.os.ZygoteInit.main(ZygoteInit.java:932)
2025-07-09 22:39:35.977   806-1894  CoreBackPreview         system_server                        D  Window{2ad0552 u0 Splash Screen com.mynewproject EXITING}: Setting back callback null
2025-07-09 22:39:35.981   806-953   ImeTracker              system_server                        I  com.mynewproject:368688e8: onRequestHide at ORIGIN_SERVER reason HIDE_UNSPECIFIED_WINDOW fromUser false
2025-07-09 22:39:36.004  1500-1500  GoogleInpu...hodService com...gle.android.inputmethod.latin  I  GoogleInputMethodService.onFinishInput():2043 
2025-07-09 22:39:36.014   806-907   ImeTracker              system_server                        I  system_server:dd0b1299: onRequestHide at ORIGIN_SERVER reason IME_REQUESTED_CHANGED_LISTENER fromUser false
2025-07-09 22:39:36.030  1500-1500  Module                  com...gle.android.inputmethod.latin  I  DeviceLockedStatusModuleProvider$Module.updateDeviceLockedStatus():100 repeatCheckTimes = 0, locked = false
2025-07-09 22:39:36.031   806-856   ImeTracker              system_server                        I  system_server:dd0b1299: onCancelled at PHASE_SERVER_SHOULD_HIDE
2025-07-09 22:39:36.038  1500-1500  NotificationCenter      com...gle.android.inputmethod.latin  W  NotificationCenter$NotificationQueue.notifyPendingNotificationsOnExecutor():877 Heavy notify work detected on UI thread: [kig->ilu, kig->gkl, kig->ilu, kig->ilu, kig->jnx, kig->ilu, kig->khg, kig->ilu, kig->ilu, kig->fef, kig->fro, kig->fcb, kig->jvb, kig->lux, kig->ilu, kig->ilu, kig->ilu, kig->imt, kig->ilu, kig->ilu, kig->ilu, kig->ijm, kig->ilu, kig->khc] takes 23ms
2025-07-09 22:39:36.050  1500-1500  GoogleInpu...hodService com...gle.android.inputmethod.latin  I  GoogleInputMethodService.onStartInput():1293 onStartInput(EditorInfo{EditorInfo{packageName=com.mynewproject, inputType=0, inputTypeString=NULL, enableLearning=false, autoCorrection=false, autoComplete=false, imeOptions=0, privateImeOptions=null, actionName=UNSPECIFIED, actionLabel=null, initialSelStart=-1, initialSelEnd=-1, initialCapsMode=0, label=null, fieldId=0, fieldName=null, extras=null, hintText=null, hintLocales=[]}}, false)
2025-07-09 22:39:36.066  1500-1500  Module                  com...gle.android.inputmethod.latin  I  DeviceLockedStatusModuleProvider$Module.updateDeviceLockedStatus():100 repeatCheckTimes = 1, locked = false
2025-07-09 22:39:36.079   806-907   PackageConfigPersister  system_server                        W  App-specific configuration not found for packageName: com.mynewproject and userId: 0
2025-07-09 22:39:36.140 10074-10074 InsetsController        com.mynewproject                     D  hide(ime(), fromIme=false)
2025-07-09 22:39:36.149 10074-10074 ImeTracker              com.mynewproject                     I  com.mynewproject:368688e8: onCancelled at PHASE_CLIENT_ALREADY_HIDDEN
2025-07-09 22:39:36.996   806-980   WifiClient...078:wlan0] system_server                        D  updateLinkLayerStatsRssiSpeedFrequencyCapabilities rssi=-50 TxLinkspeed=1 freq=2447 RxLinkSpeed=2
2025-07-09 22:39:36.997   806-980   WifiDataStall           system_server                        D  tx tput in kbps: 11000
2025-07-09 22:39:36.998   806-980   WifiDataStall           system_server                        D  rx tput in kbps: 11000
2025-07-09 22:39:36.998   806-980   WifiConfigManager       system_server                        V  Updating scan detail cache freq=2447 BSSID=00:13:10:85:fe:01 RSSI=-50 for "AndroidWifi"NONE
2025-07-09 22:39:37.000   806-980   WifiThroughputPredictor system_server                        D   utilization (LLS) 80 isBluetoothConnected: false final utilization: 80
2025-07-09 22:39:37.007   806-980   WifiThroughputPredictor system_server                        D   BW: 0 RSSI: -50 Nss: 1 Mode: 1 symDur: 4000 snrDb 30 bitPerTone: 4500 rate: 54 throughput: 11
2025-07-09 22:39:37.007   806-980   WifiThroughputPredictor system_server                        D   utilization (LLS) 80 isBluetoothConnected: false final utilization: 80
2025-07-09 22:39:37.008   806-980   WifiThroughputPredictor system_server                        D   BW: 0 RSSI: -50 Nss: 1 Mode: 1 symDur: 4000 snrDb 30 bitPerTone: 4500 rate: 54 throughput: 11
2025-07-09 22:39:37.008   806-980   WifiThroughputPredictor system_server                        D   utilization (LLS) 80 isBluetoothConnected: false final utilization: 80
2025-07-09 22:39:37.009   806-980   WifiThroughputPredictor system_server                        D   BW: 0 RSSI: -50 Nss: 1 Mode: 1 symDur: 4000 snrDb 30 bitPerTone: 4500 rate: 54 throughput: 11
2025-07-09 22:39:37.009   806-980   WifiThroughputPredictor system_server                        D   utilization (LLS) 80 isBluetoothConnected: false final utilization: 80
2025-07-09 22:39:37.009   806-980   WifiThroughputPredictor system_server                        D   BW: 0 RSSI: -50 Nss: 1 Mode: 1 symDur: 4000 snrDb 30 bitPerTone: 4500 rate: 54 throughput: 11
2025-07-09 22:39:37.014   806-980   WifiScoreCard           system_server                        D  BSSID update SIGNAL_POLL ID: 1945389649 SSID: "AndroidWifi", BSSID: 00:13:10:85:fe:01, MAC: 02:15:b2:00:00:00, IP: /10.0.2.16, Security type: 0, Supplicant state: COMPLETED, Wi-Fi standard: legacy, RSSI: -50, Link speed: 1Mbps, Tx Link speed: 1Mbps, Max Supported Tx Link speed: 11Mbps, Rx Link speed: 2Mbps, Max Supported Rx Link speed: 11Mbps, Frequency: 2447MHz, Net ID: 0, Metered hint: false, score: 60, isUsable: true, CarrierMerged: false, SubscriptionId: -1, IsPrimary: 1, Trusted: true, Restricted: false, Ephemeral: false, OEM paid: false, OEM private: false, OSU AP: false, FQDN: <none>, Provider friendly name: <none>, Requesting package name: <none>"AndroidWifi"openMLO Information: , Is TID-To-Link negotiation supported by the AP: false, AP MLD Address: <none>, AP MLO Link Id: <none>, AP MLO Affiliated links: <none>, Vendor Data: <none>
2025-07-09 22:39:37.015   806-980   WifiScoreCard           system_server                        D  txRate: 4 txSpeed: 1
2025-07-09 22:39:37.018   806-980   WifiScoreCard           system_server                        D  network update SIGNAL_POLL "AndroidWifi" ID: 414063379 RSSI -50 txSpeed 1
2025-07-09 22:39:37.020   806-980   WifiClient...078:wlan0] system_server                        D   ClientModeImpl$L2ConnectedState screen=on 7 0 "AndroidWifi" 00:13:10:85:fe:01 rssi=-50 f=2447 sc=60 link=1 tx=3.1, 0.0, 0.0 rx=2.5 bcn=0 [on:0 tx:0 rx:0 period:3027] from screen [on:0 period:293601] score=60
2025-07-09 22:39:37.945 10074-10144 ProfileInstaller        com.mynewproject                     D  Installing profile for com.mynewproject
2025-07-09 22:39:37.993 10074-10080 om.mynewproject         com.mynewproject                     I  Compiler allocated 5042KB to compile void android.view.ViewRootImpl.performTraversals()
2025-07-09 22:39:38.060   806-988   InetDiagMessage         system_server                        D  Destroyed 0 sockets, proto=IPPROTO_TCP, family=AF_INET, states=14
2025-07-09 22:39:38.062   806-988   InetDiagMessage         system_server                        D  Destroyed 0 sockets, proto=IPPROTO_TCP, family=AF_INET6, states=14
2025-07-09 22:39:38.069   806-988   InetDiagMessage         system_server                        D  Destroyed live tcp sockets for uids={10190} in 10ms
2025-07-09 22:39:38.075   806-988   InetDiagMessage         system_server                        D  Destroyed 0 sockets, proto=IPPROTO_TCP, family=AF_INET, states=14
2025-07-09 22:39:38.079   806-988   InetDiagMessage         system_server                        D  Destroyed 0 sockets, proto=IPPROTO_TCP, family=AF_INET6, states=14
2025-07-09 22:39:38.082   806-988   InetDiagMessage         system_server                        D  Destroyed live tcp sockets for uids={20190} in 11ms
2025-07-09 22:39:39.101  1528-2331  TraceManagerImpl        com.google.android.apps.wellbeing    E  Trace Broadcast to com.google.android.apps.wellbeing.time.delta.CheckTimeDeltaBroadcastReceiver_Receiver android.intent.action.TIME_SET timed out after 17785396 ms. Complete trace: # kxo@4bd17523 (Ask Gemini)
                                                                                                    kxt: 
                                                                                                    	at tk_trace.Update PackageSuspensionHandlerPreferences(Started After:1)
                                                                                                    	at tk_trace.handleBroadcast(Started After:0)
                                                                                                    	at tk_trace.Broadcast to com.google.android.apps.wellbeing.time.delta.CheckTimeDeltaBroadcastReceiver_Receiver android.intent.action.TIME_SET(Started After:0)
2025-07-09 22:39:40.025   806-980   WifiClient...078:wlan0] system_server                        D  updateLinkLayerStatsRssiSpeedFrequencyCapabilities rssi=-50 TxLinkspeed=1 freq=2447 RxLinkSpeed=2
2025-07-09 22:39:40.026   806-980   WifiDataStall           system_server                        D  tx tput in kbps: 11000
2025-07-09 22:39:40.030   806-980   WifiDataStall           system_server                        D  rx tput in kbps: 11000
2025-07-09 22:39:40.032   806-980   WifiConfigManager       system_server                        V  Updating scan detail cache freq=2447 BSSID=00:13:10:85:fe:01 RSSI=-50 for "AndroidWifi"NONE
2025-07-09 22:39:40.040   806-980   WifiThroughputPredictor system_server                        D   utilization (LLS) 80 isBluetoothConnected: false final utilization: 80
2025-07-09 22:39:40.041   806-980   WifiThroughputPredictor system_server                        D   BW: 0 RSSI: -50 Nss: 1 Mode: 1 symDur: 4000 snrDb 30 bitPerTone: 4500 rate: 54 throughput: 11
2025-07-09 22:39:40.042   806-980   WifiThroughputPredictor system_server                        D   utilization (LLS) 80 isBluetoothConnected: false final utilization: 80
2025-07-09 22:39:40.042   806-980   WifiThroughputPredictor system_server                        D   BW: 0 RSSI: -50 Nss: 1 Mode: 1 symDur: 4000 snrDb 30 bitPerTone: 4500 rate: 54 throughput: 11
2025-07-09 22:39:40.047   806-980   WifiThroughputPredictor system_server                        D   utilization (LLS) 80 isBluetoothConnected: false final utilization: 80
2025-07-09 22:39:40.051   806-980   WifiThroughputPredictor system_server                        D   BW: 0 RSSI: -50 Nss: 1 Mode: 1 symDur: 4000 snrDb 30 bitPerTone: 4500 rate: 54 throughput: 11
2025-07-09 22:39:40.055   806-980   WifiThroughputPredictor system_server                        D   utilization (LLS) 80 isBluetoothConnected: false final utilization: 80
2025-07-09 22:39:40.060   806-980   WifiThroughputPredictor system_server                        D   BW: 0 RSSI: -50 Nss: 1 Mode: 1 symDur: 4000 snrDb 30 bitPerTone: 4500 rate: 54 throughput: 11
2025-07-09 22:39:40.065   806-980   WifiScoreCard           system_server                        D  BSSID update SIGNAL_POLL ID: 1945389649 SSID: "AndroidWifi", BSSID: 00:13:10:85:fe:01, MAC: 02:15:b2:00:00:00, IP: /10.0.2.16, Security type: 0, Supplicant state: COMPLETED, Wi-Fi standard: legacy, RSSI: -50, Link speed: 1Mbps, Tx Link speed: 1Mbps, Max Supported Tx Link speed: 11Mbps, Rx Link speed: 2Mbps, Max Supported Rx Link speed: 11Mbps, Frequency: 2447MHz, Net ID: 0, Metered hint: false, score: 60, isUsable: true, CarrierMerged: false, SubscriptionId: -1, IsPrimary: 1, Trusted: true, Restricted: false, Ephemeral: false, OEM paid: false, OEM private: false, OSU AP: false, FQDN: <none>, Provider friendly name: <none>, Requesting package name: <none>"AndroidWifi"openMLO Information: , Is TID-To-Link negotiation supported by the AP: false, AP MLD Address: <none>, AP MLO Link Id: <none>, AP MLO Affiliated links: <none>, Vendor Data: <none>
2025-07-09 22:39:40.065   806-980   WifiScoreCard           system_server                        D  txRate: 3 txSpeed: 1
2025-07-09 22:39:40.069   806-980   WifiScoreCard           system_server                        D  network update SIGNAL_POLL "AndroidWifi" ID: 414063379 RSSI -50 txSpeed -1
2025-07-09 22:39:40.073   806-980   WifiClient...078:wlan0] system_server                        D   ClientModeImpl$L2ConnectedState screen=on 7 0 "AndroidWifi" 00:13:10:85:fe:01 rssi=-50 f=2447 sc=60 link=1 tx=2.1, 0.0, 0.0 rx=1.9 bcn=0 [on:0 tx:0 rx:0 period:3052] from screen [on:0 period:296654] score=60
2025-07-09 22:39:42.149   490-552   netd                    netd                                 I  tetherGetStats() -> {[]} <2.63ms>
2025-07-09 22:39:42.649  1394-10115 AlarmManager            com.google.android.gms.persistent    I  setExactAndAllowWhileIdle [name: GCM_HB_ALARM type: 2 triggerAtMillis: 24219503]
2025-07-09 22:39:42.654  1394-10115 WakeLock                com.google.android.gms.persistent    W  GCM_HB_ALARM release without a matched acquire!
2025-07-09 22:39:42.879  1394-10115 AlarmManager            com.google.android.gms.persistent    I  setExactAndAllowWhileIdle [name: GCM_HB_ALARM type: 2 triggerAtMillis: 24809732]
2025-07-09 22:39:43.023   806-932   ActivityManager         system_server                        D  freezing 5998 com.google.android.googlequicksearchbox:search
2025-07-09 22:39:43.034   806-932   ActivityManager         system_server                        D  freezing 5110 com.google.android.adservices.api
2025-07-09 22:39:43.040   806-932   ActivityManager         system_server                        D  freezing 9214 com.google.android.webview:sandboxed_process0:org.chromium.content.app.SandboxedProcessService0:0
2025-07-09 22:39:43.104   806-980   WifiClient...078:wlan0] system_server                        D  updateLinkLayerStatsRssiSpeedFrequencyCapabilities rssi=-50 TxLinkspeed=2 freq=2447 RxLinkSpeed=2
2025-07-09 22:39:43.105   806-980   WifiDataStall           system_server                        D  tx tput in kbps: 11000
2025-07-09 22:39:43.106   806-980   WifiDataStall           system_server                        D  rx tput in kbps: 11000
2025-07-09 22:39:43.108   806-980   WifiConfigManager       system_server                        V  Updating scan detail cache freq=2447 BSSID=00:13:10:85:fe:01 RSSI=-50 for "AndroidWifi"NONE
2025-07-09 22:39:43.109   806-980   WifiThroughputPredictor system_server                        D   utilization (LLS) 80 isBluetoothConnected: false final utilization: 80
2025-07-09 22:39:43.109   806-980   WifiThroughputPredictor system_server                        D   BW: 0 RSSI: -50 Nss: 1 Mode: 1 symDur: 4000 snrDb 30 bitPerTone: 4500 rate: 54 throughput: 11
2025-07-09 22:39:43.110   806-980   WifiThroughputPredictor system_server                        D   utilization (LLS) 80 isBluetoothConnected: false final utilization: 80
2025-07-09 22:39:43.110   806-980   WifiThroughputPredictor system_server                        D   BW: 0 RSSI: -50 Nss: 1 Mode: 1 symDur: 4000 snrDb 30 bitPerTone: 4500 rate: 54 throughput: 11
2025-07-09 22:39:43.111   806-980   WifiThroughputPredictor system_server                        D   utilization (LLS) 80 isBluetoothConnected: false final utilization: 80
2025-07-09 22:39:43.111   806-980   WifiThroughputPredictor system_server                        D   BW: 0 RSSI: -50 Nss: 1 Mode: 1 symDur: 4000 snrDb 30 bitPerTone: 4500 rate: 54 throughput: 11
2025-07-09 22:39:43.111   806-980   WifiThroughputPredictor system_server                        D   utilization (LLS) 80 isBluetoothConnected: false final utilization: 80
2025-07-09 22:39:43.112   806-980   WifiThroughputPredictor system_server                        D   BW: 0 RSSI: -50 Nss: 1 Mode: 1 symDur: 4000 snrDb 30 bitPerTone: 4500 rate: 54 throughput: 11
2025-07-09 22:39:43.113   806-980   WifiScoreCard           system_server                        D  BSSID update SIGNAL_POLL ID: 1945389649 SSID: "AndroidWifi", BSSID: 00:13:10:85:fe:01, MAC: 02:15:b2:00:00:00, IP: /10.0.2.16, Security type: 0, Supplicant state: COMPLETED, Wi-Fi standard: legacy, RSSI: -50, Link speed: 2Mbps, Tx Link speed: 2Mbps, Max Supported Tx Link speed: 11Mbps, Rx Link speed: 2Mbps, Max Supported Rx Link speed: 11Mbps, Frequency: 2447MHz, Net ID: 0, Metered hint: false, score: 60, isUsable: true, CarrierMerged: false, SubscriptionId: -1, IsPrimary: 1, Trusted: true, Restricted: false, Ephemeral: false, OEM paid: false, OEM private: false, OSU AP: false, FQDN: <none>, Provider friendly name: <none>, Requesting package name: <none>"AndroidWifi"openMLO Information: , Is TID-To-Link negotiation supported by the AP: false, AP MLD Address: <none>, AP MLO Link Id: <none>, AP MLO Affiliated links: <none>, Vendor Data: <none>
2025-07-09 22:39:43.113   806-980   WifiScoreCard           system_server                        D  txRate: 3 txSpeed: 2
2025-07-09 22:39:43.114   806-980   WifiScoreCard           system_server                        D  network update SIGNAL_POLL "AndroidWifi" ID: 414063379 RSSI -50 txSpeed -1
2025-07-09 22:39:43.114   806-980   WifiClient...078:wlan0] system_server                        D   ClientModeImpl$L2ConnectedState screen=on 7 0 "AndroidWifi" 00:13:10:85:fe:01 rssi=-50 f=2447 sc=60 link=2 tx=2.6, 0.0, 0.0 rx=2.5 bcn=0 [on:0 tx:0 rx:0 period:3040] from screen [on:0 period:299695] score=60
2025-07-09 22:39:43.118  1079-1079  wpa_supplicant          wpa_supplicant                       D  nl80211: Drv Event 64 (NL80211_CMD_NOTIFY_CQM) received for wlan0
2025-07-09 22:39:43.118  1079-1079  wpa_supplicant          wpa_supplicant                       D  nl80211: Beacon loss event
2025-07-09 22:39:43.120  1079-1079  wpa_supplicant          wpa_supplicant                       D  wlan0: Event BEACON_LOSS (53) received
2025-07-09 22:39:43.121  1079-1079  wpa_supplicant          wpa_supplicant                       I  wlan0: CTRL-EVENT-BEACON-LOSS 
2025-07-09 22:39:43.188  8244-8282  ScanManager             com.google.android.bluetooth         W  Moving filtered scan client to downgraded scan (scannerId 1)
2025-07-09 22:39:43.283  1394-9987  NearbyMediums           com.google.android.gms.persistent    I  No BLE Fast/GATT advertisements found in the latest cycle.
2025-07-09 22:39:43.469   806-980   WifiNetworkSelector     system_server                        D  Current connected network: 0
2025-07-09 22:39:43.470   806-980   WifiConnectivityManager system_server                        V  No full band scan because current network is sufficient
2025-07-09 22:39:43.471   806-980   WifiConnectivityManager system_server                        V  schedulePeriodicScanTimer intervalMs 160000
2025-07-09 22:39:43.472   806-986   WifiScanningService     system_server                        I  Registering listener= com.android.server.wifi.scanner.WifiScannerInternal$ScanListener@b0fe9c1 uid=1000 packageName=null workSource=WorkSource{1000}
2025-07-09 22:39:43.472   806-986   WifiScanningService     system_server                        I  start scan: ClientInfo[uid=1000, package=null, attributionTag=null, com.android.server.wifi.scanner.WifiScannerInternal$ScanListener@b0fe9c1] package null AttributionTag null
2025-07-09 22:39:43.473   806-986   WifiScanningService     system_server                        I  addSingleScanRequest: ClientInfo[uid=1000, package=null, attributionTag=null, com.android.server.wifi.scanner.WifiScannerInternal$ScanListener@b0fe9c1],WorkSource{1010}, ScanSettings {  type:HIGH ACCURACY band:unspecified ignoreLocationSettings:false period:0 reportEvents:3 numBssidsPerScan:0 maxScansToCache:0 rnrSetting:2 6GhzPscOnlyEnabled:false channels:[ 2447  ]  } 
2025-07-09 22:39:43.473   806-986   WifiScanningService     system_server                        D  replySucceeded onSuccess
2025-07-09 22:39:43.500  1079-1079  wpa_supplicant          wpa_supplicant                       D  nl80211: Drv Event 33 (NL80211_CMD_TRIGGER_SCAN) received for wlan0
2025-07-09 22:39:43.501  1079-1079  wpa_supplicant          wpa_supplicant                       D  wlan0: nl80211: Scan trigger
2025-07-09 22:39:43.502  1079-1079  wpa_supplicant          wpa_supplicant                       D  wlan0: Event SCAN_STARTED (47) received
2025-07-09 22:39:43.503  1079-1079  wpa_supplicant          wpa_supplicant                       D  wlan0: External program started a scan
2025-07-09 22:39:43.521  8244-8282  ScanManager             com.google.android.bluetooth         W  Moving filtered scan client to downgraded scan (scannerId 3)
2025-07-09 22:39:43.578   806-988   InetDiagMessage         system_server                        D  Destroyed 0 sockets, proto=IPPROTO_TCP, family=AF_INET, states=14
2025-07-09 22:39:43.579   806-988   InetDiagMessage         system_server                        D  Destroyed 0 sockets, proto=IPPROTO_TCP, family=AF_INET6, states=14
2025-07-09 22:39:43.580   806-988   InetDiagMessage         system_server                        D  Destroyed live tcp sockets for uids={10190} in 3ms
2025-07-09 22:39:43.581   806-988   InetDiagMessage         system_server                        D  Destroyed 0 sockets, proto=IPPROTO_TCP, family=AF_INET, states=14
2025-07-09 22:39:43.582   806-988   InetDiagMessage         system_server                        D  Destroyed 0 sockets, proto=IPPROTO_TCP, family=AF_INET6, states=14
2025-07-09 22:39:43.582   806-988   InetDiagMessage         system_server                        D  Destroyed live tcp sockets for uids={99002} in 3ms
2025-07-09 22:39:43.668  1079-1079  wpa_supplicant          wpa_supplicant                       D  nl80211: Drv Event 34 (NL80211_CMD_NEW_SCAN_RESULTS) received for wlan0
2025-07-09 22:39:43.669  1079-1079  wpa_supplicant          wpa_supplicant                       D  wlan0: nl80211: New scan results available
2025-07-09 22:39:43.669  1079-1079  wpa_supplicant          wpa_supplicant                       D  nl80211: Scan probed for SSID ''
2025-07-09 22:39:43.669   806-1894  WifiNl80211Manager      system_server                        D  Scan result ready event
2025-07-09 22:39:43.669  1079-1079  wpa_supplicant          wpa_supplicant                       D  nl80211: Scan included frequencies: 2447
2025-07-09 22:39:43.669   806-1894  WifiNative              system_server                        D  Scan result ready event
2025-07-09 22:39:43.670  1079-1079  wpa_supplicant          wpa_supplicant                       D  wlan0: Event SCAN_RESULTS (3) received
2025-07-09 22:39:43.670  1079-1079  wpa_supplicant          wpa_supplicant                       D  nl80211: Received scan results (1 BSSes)
2025-07-09 22:39:43.670  1079-1079  wpa_supplicant          wpa_supplicant                       D  nl80211: Scan results indicate BSS status with 00:13:10:85:fe:01 as associated
2025-07-09 22:39:43.671  1079-1079  wpa_supplicant          wpa_supplicant                       D  wlan0: BSS: Start scan result update 154
2025-07-09 22:39:43.671  1079-1079  wpa_supplicant          wpa_supplicant                       D  BSS: last_scan_res_used=1/32
2025-07-09 22:39:43.671  1079-1079  wpa_supplicant          wpa_supplicant                       D  wlan0: New scan results available (own=0 ext=1)
2025-07-09 22:39:43.672  1079-1079  wpa_supplicant          wpa_supplicant                       D  wlan0: Do not use results from externally requested scan operation for network selection
2025-07-09 22:39:43.672  1079-1079  wpa_supplicant          wpa_supplicant                       D  p2p-dev-wlan0: Updating scan results from sibling
2025-07-09 22:39:43.672  1079-1079  wpa_supplicant          wpa_supplicant                       D  nl80211: Received scan results (1 BSSes)
2025-07-09 22:39:43.673  1079-1079  wpa_supplicant          wpa_supplicant                       D  p2p-dev-wlan0: BSS: Start scan result update 154
2025-07-09 22:39:43.673  1079-1079  wpa_supplicant          wpa_supplicant                       D  BSS: last_scan_res_used=1/32
2025-07-09 22:39:43.673  1079-1079  wpa_supplicant          wpa_supplicant                       D  p2p-dev-wlan0: New scan results available (own=0 ext=1)
2025-07-09 22:39:43.673  1079-1079  wpa_supplicant          wpa_supplicant                       D  p2p-dev-wlan0: Do not use results from externally requested scan operation for network selection
2025-07-09 22:39:43.675   806-986   WifiNl80211Manager      system_server                        D  get 1 scan results from wificond
2025-07-09 22:39:43.676   806-986   WifiNative              system_server                        D  get 1 scan results from wificond
2025-07-09 22:39:43.678  1394-1410  WifiScanner             com.google.android.gms.persistent    I  onFullResults
2025-07-09 22:39:43.678   806-986   WifiScanningService     system_server                        I  singleScanResults: ClientInfo[uid=1000, package=null, attributionTag=null, com.android.server.wifi.scanner.WifiScannerInternal$ScanListener@b0fe9c1],results=1
2025-07-09 22:39:43.679   806-986   WifiScanningService     system_server                        I  singleScanResults listener: ClientInfo[uid=1000, package=android, attributionTag=null, com.android.server.wifi.scanner.WifiScannerInternal$ScanListener@707ad30],results=1
2025-07-09 22:39:43.680   806-986   WifiScanningService     system_server                        I  singleScanResults listener: ClientInfo[uid=1000, package=android, attributionTag=null, com.android.server.wifi.scanner.WifiScannerInternal$ScanListener@c68bf66],results=1
2025-07-09 22:39:43.680   806-986   WifiScanningService     system_server                        I  singleScanResults listener: ClientInfo[uid=1000, package=android, attributionTag=null, com.android.server.wifi.scanner.WifiScannerInternal$ScanListener@cd87f19],results=1
2025-07-09 22:39:43.681   806-986   WifiScanningService     system_server                        I  singleScanResults listener: ClientInfo[uid=10146, package=com.google.android.gms, attributionTag=network_location_provider, android.net.wifi.IWifiScannerListener$Stub$Proxy@9a21685],results=1
2025-07-09 22:39:43.681   806-986   WifiScanningService     system_server                        I  Unregistering listener= com.android.server.wifi.scanner.WifiScannerInternal$ScanListener@b0fe9c1 uid=1000 packageName=null workSource=WorkSource{1000}
2025-07-09 22:39:43.683   806-980   WifiScanRequestProxy    system_server                        D  Scan results received
2025-07-09 22:39:43.683   806-980   WifiScanRequestProxy    system_server                        D  Received 1 scan results
