2025-07-09 22:38:45.123   806-980   WifiThroughputPredictor system_server                        D   BW: 0 RSSI: -50 Nss: 1 Mode: 1 symDur: 4000 snrDb 30 bitPerTone: 4500 rate: 54 throughput: 11
2025-07-09 22:38:45.126   806-980   WifiThroughputPredictor system_server                        D   utilization (LLS) 80 isBluetoothConnected: false final utilization: 80
2025-07-09 22:38:45.127   806-980   WifiThroughputPredictor system_server                        D   BW: 0 RSSI: -50 Nss: 1 Mode: 1 symDur: 4000 snrDb 30 bitPerTone: 4500 rate: 54 throughput: 11
2025-07-09 22:38:45.127   806-980   WifiThroughputPredictor system_server                        D   utilization (LLS) 80 isBluetoothConnected: false final utilization: 80
2025-07-09 22:38:45.128   806-980   WifiThroughputPredictor system_server                        D   BW: 0 RSSI: -50 Nss: 1 Mode: 1 symDur: 4000 snrDb 30 bitPerTone: 4500 rate: 54 throughput: 11
2025-07-09 22:38:45.132   806-980   WifiThroughputPredictor system_server                        D   utilization (LLS) 80 isBluetoothConnected: false final utilization: 80
2025-07-09 22:38:45.133   806-980   WifiThroughputPredictor system_server                        D   BW: 0 RSSI: -50 Nss: 1 Mode: 1 symDur: 4000 snrDb 30 bitPerTone: 4500 rate: 54 throughput: 11
2025-07-09 22:38:45.134   806-980   WifiScoreCard           system_server                        D  BSSID update SIGNAL_POLL ID: 1945389649 SSID: "AndroidWifi", BSSID: 00:13:10:85:fe:01, MAC: 02:15:b2:00:00:00, IP: /10.0.2.16, Security type: 0, Supplicant state: COMPLETED, Wi-Fi standard: legacy, RSSI: -50, Link speed: 1Mbps, Tx Link speed: 1Mbps, Max Supported Tx Link speed: 11Mbps, Rx Link speed: 2Mbps, Max Supported Rx Link speed: 11Mbps, Frequency: 2447MHz, Net ID: 0, Metered hint: false, score: 60, isUsable: true, CarrierMerged: false, SubscriptionId: -1, IsPrimary: 1, Trusted: true, Restricted: false, Ephemeral: false, OEM paid: false, OEM private: false, OSU AP: false, FQDN: <none>, Provider friendly name: <none>, Requesting package name: <none>"AndroidWifi"openMLO Information: , Is TID-To-Link negotiation supported by the AP: false, AP MLD Address: <none>, AP MLO Link Id: <none>, AP MLO Affiliated links: <none>, Vendor Data: <none>
2025-07-09 22:38:45.134   806-980   WifiScoreCard           system_server                        D  txRate: 1 txSpeed: 1
2025-07-09 22:38:45.134   806-980   WifiScoreCard           system_server                        D  network update SIGNAL_POLL "AndroidWifi" ID: 414063379 RSSI -50 txSpeed -1
2025-07-09 22:38:45.135   806-980   WifiClient...078:wlan0] system_server                        D   ClientModeImpl$L2ConnectedState screen=on 7 0 "AndroidWifi" 00:13:10:85:fe:01 rssi=-50 f=2447 sc=60 link=1 tx=0.0, 0.0, 0.0 rx=0.0 bcn=0 [on:0 tx:0 rx:0 period:3024] from screen [on:0 period:241716] score=60
2025-07-09 22:38:47.052  1079-1079  wpa_supplicant          wpa_supplicant                       D  nl80211: Drv Event 64 (NL80211_CMD_NOTIFY_CQM) received for wlan0
2025-07-09 22:38:47.053  1079-1079  wpa_supplicant          wpa_supplicant                       D  nl80211: Beacon loss event
2025-07-09 22:38:47.054  1079-1079  wpa_supplicant          wpa_supplicant                       D  wlan0: Event BEACON_LOSS (53) received
2025-07-09 22:38:47.059  1079-1079  wpa_supplicant          wpa_supplicant                       I  wlan0: CTRL-EVENT-BEACON-LOSS 
2025-07-09 22:38:48.140   806-980   WifiClient...078:wlan0] system_server                        D  updateLinkLayerStatsRssiSpeedFrequencyCapabilities rssi=-50 TxLinkspeed=1 freq=2447 RxLinkSpeed=2
2025-07-09 22:38:48.141   806-980   WifiDataStall           system_server                        D  tx tput in kbps: 11000
2025-07-09 22:38:48.148   806-980   WifiDataStall           system_server                        D  rx tput in kbps: 11000
2025-07-09 22:38:48.149   806-980   WifiConfigManager       system_server                        V  Updating scan detail cache freq=2447 BSSID=00:13:10:85:fe:01 RSSI=-50 for "AndroidWifi"NONE
2025-07-09 22:38:48.152   806-980   WifiThroughputPredictor system_server                        D   utilization (LLS) 80 isBluetoothConnected: false final utilization: 80
2025-07-09 22:38:48.156   806-980   WifiThroughputPredictor system_server                        D   BW: 0 RSSI: -50 Nss: 1 Mode: 1 symDur: 4000 snrDb 30 bitPerTone: 4500 rate: 54 throughput: 11
2025-07-09 22:38:48.160   806-980   WifiThroughputPredictor system_server                        D   utilization (LLS) 80 isBluetoothConnected: false final utilization: 80
2025-07-09 22:38:48.160   806-980   WifiThroughputPredictor system_server                        D   BW: 0 RSSI: -50 Nss: 1 Mode: 1 symDur: 4000 snrDb 30 bitPerTone: 4500 rate: 54 throughput: 11
2025-07-09 22:38:48.164   806-980   WifiThroughputPredictor system_server                        D   utilization (LLS) 80 isBluetoothConnected: false final utilization: 80
2025-07-09 22:38:48.168   806-980   WifiThroughputPredictor system_server                        D   BW: 0 RSSI: -50 Nss: 1 Mode: 1 symDur: 4000 snrDb 30 bitPerTone: 4500 rate: 54 throughput: 11
2025-07-09 22:38:48.169   806-980   WifiThroughputPredictor system_server                        D   utilization (LLS) 80 isBluetoothConnected: false final utilization: 80
2025-07-09 22:38:48.169   806-980   WifiThroughputPredictor system_server                        D   BW: 0 RSSI: -50 Nss: 1 Mode: 1 symDur: 4000 snrDb 30 bitPerTone: 4500 rate: 54 throughput: 11
2025-07-09 22:38:48.170   806-980   WifiScoreCard           system_server                        D  BSSID update SIGNAL_POLL ID: 1945389649 SSID: "AndroidWifi", BSSID: 00:13:10:85:fe:01, MAC: 02:15:b2:00:00:00, IP: /10.0.2.16, Security type: 0, Supplicant state: COMPLETED, Wi-Fi standard: legacy, RSSI: -50, Link speed: 1Mbps, Tx Link speed: 1Mbps, Max Supported Tx Link speed: 11Mbps, Rx Link speed: 2Mbps, Max Supported Rx Link speed: 11Mbps, Frequency: 2447MHz, Net ID: 0, Metered hint: false, score: 60, isUsable: true, CarrierMerged: false, SubscriptionId: -1, IsPrimary: 1, Trusted: true, Restricted: false, Ephemeral: false, OEM paid: false, OEM private: false, OSU AP: false, FQDN: <none>, Provider friendly name: <none>, Requesting package name: <none>"AndroidWifi"openMLO Information: , Is TID-To-Link negotiation supported by the AP: false, AP MLD Address: <none>, AP MLO Link Id: <none>, AP MLO Affiliated links: <none>, Vendor Data: <none>
2025-07-09 22:38:48.170   806-980   WifiScoreCard           system_server                        D  txRate: 1 txSpeed: 1
2025-07-09 22:38:48.171   806-980   WifiScoreCard           system_server                        D  network update SIGNAL_POLL "AndroidWifi" ID: 414063379 RSSI -50 txSpeed -1
2025-07-09 22:38:48.178   806-980   WifiClient...078:wlan0] system_server                        D   ClientModeImpl$L2ConnectedState screen=on 7 0 "AndroidWifi" 00:13:10:85:fe:01 rssi=-50 f=2447 sc=60 link=1 tx=0.0, 0.0, 0.0 rx=0.0 bcn=0 [on:0 tx:0 rx:0 period:3043] from screen [on:0 period:244759] score=60
2025-07-09 22:38:48.854   806-1044  Background...rolService system_server                        D  Package event received: 0
2025-07-09 22:38:49.390   806-1891  AppOps                  system_server                        W  Noting op not finished: uid 10146 pkg com.google.android.gms code 113 startTime of in progress event=1752097395093
2025-07-09 22:38:49.407   806-1157  AppOps                  system_server                        W  Noting op not finished: uid 10146 pkg com.google.android.gms code 113 startTime of in progress event=1752097395093
2025-07-09 22:38:49.437   806-1891  AppOps                  system_server                        W  Noting op not finished: uid 10146 pkg com.google.android.gms code 79 startTime of in progress event=1752097460428
2025-07-09 22:38:49.461  1394-1995  ActivityScheduler       com.google.android.gms.persistent    I  nextTriggerTime: 24344413, in 238099ms, detectorType: 39, FULL_TYPE alarmWindowMillis: 80000
2025-07-09 22:38:50.393   806-1817  AppOps                  system_server                        W  Noting op not finished: uid 10146 pkg com.google.android.gms code 113 startTime of in progress event=1752097395093
2025-07-09 22:38:51.182   806-980   WifiClient...078:wlan0] system_server                        D  updateLinkLayerStatsRssiSpeedFrequencyCapabilities rssi=-50 TxLinkspeed=1 freq=2447 RxLinkSpeed=2
2025-07-09 22:38:51.183   806-980   WifiDataStall           system_server                        D  tx tput in kbps: 11000
2025-07-09 22:38:51.184   806-980   WifiDataStall           system_server                        D  rx tput in kbps: 11000
2025-07-09 22:38:51.184   806-980   WifiConfigManager       system_server                        V  Updating scan detail cache freq=2447 BSSID=00:13:10:85:fe:01 RSSI=-50 for "AndroidWifi"NONE
2025-07-09 22:38:51.187   806-980   WifiThroughputPredictor system_server                        D   utilization (LLS) 80 isBluetoothConnected: false final utilization: 80
2025-07-09 22:38:51.188   806-980   WifiThroughputPredictor system_server                        D   BW: 0 RSSI: -50 Nss: 1 Mode: 1 symDur: 4000 snrDb 30 bitPerTone: 4500 rate: 54 throughput: 11
2025-07-09 22:38:51.190   806-980   WifiThroughputPredictor system_server                        D   utilization (LLS) 80 isBluetoothConnected: false final utilization: 80
2025-07-09 22:38:51.192   806-980   WifiThroughputPredictor system_server                        D   BW: 0 RSSI: -50 Nss: 1 Mode: 1 symDur: 4000 snrDb 30 bitPerTone: 4500 rate: 54 throughput: 11
2025-07-09 22:38:51.194   806-980   WifiThroughputPredictor system_server                        D   utilization (LLS) 80 isBluetoothConnected: false final utilization: 80
2025-07-09 22:38:51.194   806-980   WifiThroughputPredictor system_server                        D   BW: 0 RSSI: -50 Nss: 1 Mode: 1 symDur: 4000 snrDb 30 bitPerTone: 4500 rate: 54 throughput: 11
2025-07-09 22:38:51.194   806-980   WifiThroughputPredictor system_server                        D   utilization (LLS) 80 isBluetoothConnected: false final utilization: 80
2025-07-09 22:38:51.194   806-980   WifiThroughputPredictor system_server                        D   BW: 0 RSSI: -50 Nss: 1 Mode: 1 symDur: 4000 snrDb 30 bitPerTone: 4500 rate: 54 throughput: 11
2025-07-09 22:38:51.197   806-980   WifiScoreCard           system_server                        D  BSSID update SIGNAL_POLL ID: 1945389649 SSID: "AndroidWifi", BSSID: 00:13:10:85:fe:01, MAC: 02:15:b2:00:00:00, IP: /10.0.2.16, Security type: 0, Supplicant state: COMPLETED, Wi-Fi standard: legacy, RSSI: -50, Link speed: 1Mbps, Tx Link speed: 1Mbps, Max Supported Tx Link speed: 11Mbps, Rx Link speed: 2Mbps, Max Supported Rx Link speed: 11Mbps, Frequency: 2447MHz, Net ID: 0, Metered hint: false, score: 60, isUsable: true, CarrierMerged: false, SubscriptionId: -1, IsPrimary: 1, Trusted: true, Restricted: false, Ephemeral: false, OEM paid: false, OEM private: false, OSU AP: false, FQDN: <none>, Provider friendly name: <none>, Requesting package name: <none>"AndroidWifi"openMLO Information: , Is TID-To-Link negotiation supported by the AP: false, AP MLD Address: <none>, AP MLO Link Id: <none>, AP MLO Affiliated links: <none>, Vendor Data: <none>
2025-07-09 22:38:51.197   806-980   WifiScoreCard           system_server                        D  txRate: 1 txSpeed: 1
2025-07-09 22:38:51.198   806-980   WifiScoreCard           system_server                        D  network update SIGNAL_POLL "AndroidWifi" ID: 414063379 RSSI -50 txSpeed -1
2025-07-09 22:38:51.203   806-980   WifiClient...078:wlan0] system_server                        D   ClientModeImpl$L2ConnectedState screen=on 7 0 "AndroidWifi" 00:13:10:85:fe:01 rssi=-50 f=2447 sc=60 link=1 tx=0.0, 0.0, 0.0 rx=0.0 bcn=0 [on:0 tx:0 rx:0 period:3019] from screen [on:0 period:247784] score=60
2025-07-09 22:38:53.222  1394-9987  NearbyMediums           com.google.android.gms.persistent    I  No BLE Fast/GATT advertisements found in the latest cycle.
2025-07-09 22:38:54.206   806-980   WifiClient...078:wlan0] system_server                        D  updateLinkLayerStatsRssiSpeedFrequencyCapabilities rssi=-50 TxLinkspeed=1 freq=2447 RxLinkSpeed=2
2025-07-09 22:38:54.207   806-980   WifiDataStall           system_server                        D  tx tput in kbps: 11000
2025-07-09 22:38:54.209   806-980   WifiDataStall           system_server                        D  rx tput in kbps: 11000
2025-07-09 22:38:54.210   806-980   WifiConfigManager       system_server                        V  Updating scan detail cache freq=2447 BSSID=00:13:10:85:fe:01 RSSI=-50 for "AndroidWifi"NONE
2025-07-09 22:38:54.213   806-980   WifiThroughputPredictor system_server                        D   utilization (LLS) 80 isBluetoothConnected: false final utilization: 80
2025-07-09 22:38:54.213   806-980   WifiThroughputPredictor system_server                        D   BW: 0 RSSI: -50 Nss: 1 Mode: 1 symDur: 4000 snrDb 30 bitPerTone: 4500 rate: 54 throughput: 11
2025-07-09 22:38:54.217   806-980   WifiThroughputPredictor system_server                        D   utilization (LLS) 80 isBluetoothConnected: false final utilization: 80
2025-07-09 22:38:54.217   806-980   WifiThroughputPredictor system_server                        D   BW: 0 RSSI: -50 Nss: 1 Mode: 1 symDur: 4000 snrDb 30 bitPerTone: 4500 rate: 54 throughput: 11
2025-07-09 22:38:54.218   806-980   WifiThroughputPredictor system_server                        D   utilization (LLS) 80 isBluetoothConnected: false final utilization: 80
2025-07-09 22:38:54.219   806-980   WifiThroughputPredictor system_server                        D   BW: 0 RSSI: -50 Nss: 1 Mode: 1 symDur: 4000 snrDb 30 bitPerTone: 4500 rate: 54 throughput: 11
2025-07-09 22:38:54.219   806-980   WifiThroughputPredictor system_server                        D   utilization (LLS) 80 isBluetoothConnected: false final utilization: 80
2025-07-09 22:38:54.223   806-980   WifiThroughputPredictor system_server                        D   BW: 0 RSSI: -50 Nss: 1 Mode: 1 symDur: 4000 snrDb 30 bitPerTone: 4500 rate: 54 throughput: 11
2025-07-09 22:38:54.227   806-980   WifiScoreCard           system_server                        D  BSSID update SIGNAL_POLL ID: 1945389649 SSID: "AndroidWifi", BSSID: 00:13:10:85:fe:01, MAC: 02:15:b2:00:00:00, IP: /10.0.2.16, Security type: 0, Supplicant state: COMPLETED, Wi-Fi standard: legacy, RSSI: -50, Link speed: 1Mbps, Tx Link speed: 1Mbps, Max Supported Tx Link speed: 11Mbps, Rx Link speed: 2Mbps, Max Supported Rx Link speed: 11Mbps, Frequency: 2447MHz, Net ID: 0, Metered hint: false, score: 60, isUsable: true, CarrierMerged: false, SubscriptionId: -1, IsPrimary: 1, Trusted: true, Restricted: false, Ephemeral: false, OEM paid: false, OEM private: false, OSU AP: false, FQDN: <none>, Provider friendly name: <none>, Requesting package name: <none>"AndroidWifi"openMLO Information: , Is TID-To-Link negotiation supported by the AP: false, AP MLD Address: <none>, AP MLO Link Id: <none>, AP MLO Affiliated links: <none>, Vendor Data: <none>
2025-07-09 22:38:54.229   806-980   WifiScoreCard           system_server                        D  txRate: 1 txSpeed: 1
2025-07-09 22:38:54.231   806-980   WifiScoreCard           system_server                        D  network update SIGNAL_POLL "AndroidWifi" ID: 414063379 RSSI -50 txSpeed -1
2025-07-09 22:38:54.234   806-980   WifiClient...078:wlan0] system_server                        D   ClientModeImpl$L2ConnectedState screen=on 7 0 "AndroidWifi" 00:13:10:85:fe:01 rssi=-50 f=2447 sc=60 link=1 tx=0.0, 0.0, 0.0 rx=0.0 bcn=0 [on:0 tx:0 rx:0 period:3030] from screen [on:0 period:250814] score=60
2025-07-09 22:38:54.288  1229-1428  SatelliteController     com.android.phone                    D  iisInCarrierRoamingNbIotNtn: satellite is disabled
2025-07-09 22:38:54.987  1079-1079  wpa_supplicant          wpa_supplicant                       D  nl80211: Drv Event 64 (NL80211_CMD_NOTIFY_CQM) received for wlan0
2025-07-09 22:38:54.988  1079-1079  wpa_supplicant          wpa_supplicant                       D  nl80211: Beacon loss event
2025-07-09 22:38:54.988  1079-1079  wpa_supplicant          wpa_supplicant                       D  wlan0: Event BEACON_LOSS (53) received
2025-07-09 22:38:54.992  1079-1079  wpa_supplicant          wpa_supplicant                       I  wlan0: CTRL-EVENT-BEACON-LOSS 
2025-07-09 22:38:57.237   806-980   WifiClient...078:wlan0] system_server                        D  updateLinkLayerStatsRssiSpeedFrequencyCapabilities rssi=-50 TxLinkspeed=1 freq=2447 RxLinkSpeed=2
2025-07-09 22:38:57.237   806-980   WifiDataStall           system_server                        D  tx tput in kbps: 11000
2025-07-09 22:38:57.237   806-980   WifiDataStall           system_server                        D  rx tput in kbps: 11000
2025-07-09 22:38:57.238   806-980   WifiConfigManager       system_server                        V  Updating scan detail cache freq=2447 BSSID=00:13:10:85:fe:01 RSSI=-50 for "AndroidWifi"NONE
2025-07-09 22:38:57.238   806-980   WifiThroughputPredictor system_server                        D   utilization (LLS) 80 isBluetoothConnected: false final utilization: 80
2025-07-09 22:38:57.240   806-980   WifiThroughputPredictor system_server                        D   BW: 0 RSSI: -50 Nss: 1 Mode: 1 symDur: 4000 snrDb 30 bitPerTone: 4500 rate: 54 throughput: 11
2025-07-09 22:38:57.241   806-980   WifiThroughputPredictor system_server                        D   utilization (LLS) 80 isBluetoothConnected: false final utilization: 80
2025-07-09 22:38:57.242   806-980   WifiThroughputPredictor system_server                        D   BW: 0 RSSI: -50 Nss: 1 Mode: 1 symDur: 4000 snrDb 30 bitPerTone: 4500 rate: 54 throughput: 11
2025-07-09 22:38:57.243   806-980   WifiThroughputPredictor system_server                        D   utilization (LLS) 80 isBluetoothConnected: false final utilization: 80
2025-07-09 22:38:57.246   806-980   WifiThroughputPredictor system_server                        D   BW: 0 RSSI: -50 Nss: 1 Mode: 1 symDur: 4000 snrDb 30 bitPerTone: 4500 rate: 54 throughput: 11
2025-07-09 22:38:57.248   806-980   WifiThroughputPredictor system_server                        D   utilization (LLS) 80 isBluetoothConnected: false final utilization: 80
2025-07-09 22:38:57.250   806-980   WifiThroughputPredictor system_server                        D   BW: 0 RSSI: -50 Nss: 1 Mode: 1 symDur: 4000 snrDb 30 bitPerTone: 4500 rate: 54 throughput: 11
2025-07-09 22:38:57.254   806-980   WifiScoreCard           system_server                        D  BSSID update SIGNAL_POLL ID: 1945389649 SSID: "AndroidWifi", BSSID: 00:13:10:85:fe:01, MAC: 02:15:b2:00:00:00, IP: /10.0.2.16, Security type: 0, Supplicant state: COMPLETED, Wi-Fi standard: legacy, RSSI: -50, Link speed: 1Mbps, Tx Link speed: 1Mbps, Max Supported Tx Link speed: 11Mbps, Rx Link speed: 2Mbps, Max Supported Rx Link speed: 11Mbps, Frequency: 2447MHz, Net ID: 0, Metered hint: false, score: 60, isUsable: true, CarrierMerged: false, SubscriptionId: -1, IsPrimary: 1, Trusted: true, Restricted: false, Ephemeral: false, OEM paid: false, OEM private: false, OSU AP: false, FQDN: <none>, Provider friendly name: <none>, Requesting package name: <none>"AndroidWifi"openMLO Information: , Is TID-To-Link negotiation supported by the AP: false, AP MLD Address: <none>, AP MLO Link Id: <none>, AP MLO Affiliated links: <none>, Vendor Data: <none>
2025-07-09 22:38:57.257   806-980   WifiScoreCard           system_server                        D  txRate: 1 txSpeed: 1
2025-07-09 22:38:57.258   806-980   WifiScoreCard           system_server                        D  network update SIGNAL_POLL "AndroidWifi" ID: 414063379 RSSI -50 txSpeed -1
2025-07-09 22:38:57.258   806-980   WifiClient...078:wlan0] system_server                        D   ClientModeImpl$L2ConnectedState screen=on 7 0 "AndroidWifi" 00:13:10:85:fe:01 rssi=-50 f=2447 sc=60 link=1 tx=0.0, 0.0, 0.0 rx=0.0 bcn=0 [on:0 tx:0 rx:0 period:3024] from screen [on:0 period:253839] score=60
2025-07-09 22:39:00.265   806-980   WifiClient...078:wlan0] system_server                        D  updateLinkLayerStatsRssiSpeedFrequencyCapabilities rssi=-50 TxLinkspeed=1 freq=2447 RxLinkSpeed=2
2025-07-09 22:39:00.265   806-980   WifiDataStall           system_server                        D  tx tput in kbps: 11000
2025-07-09 22:39:00.266   806-980   WifiDataStall           system_server                        D  rx tput in kbps: 11000
2025-07-09 22:39:00.266   806-980   WifiConfigManager       system_server                        V  Updating scan detail cache freq=2447 BSSID=00:13:10:85:fe:01 RSSI=-50 for "AndroidWifi"NONE
2025-07-09 22:39:00.268   806-980   WifiThroughputPredictor system_server                        D   utilization (LLS) 80 isBluetoothConnected: false final utilization: 80
2025-07-09 22:39:00.268   806-980   WifiThroughputPredictor system_server                        D   BW: 0 RSSI: -50 Nss: 1 Mode: 1 symDur: 4000 snrDb 30 bitPerTone: 4500 rate: 54 throughput: 11
2025-07-09 22:39:00.269   806-980   WifiThroughputPredictor system_server                        D   utilization (LLS) 80 isBluetoothConnected: false final utilization: 80
2025-07-09 22:39:00.269   806-980   WifiThroughputPredictor system_server                        D   BW: 0 RSSI: -50 Nss: 1 Mode: 1 symDur: 4000 snrDb 30 bitPerTone: 4500 rate: 54 throughput: 11
2025-07-09 22:39:00.270   806-980   WifiThroughputPredictor system_server                        D   utilization (LLS) 80 isBluetoothConnected: false final utilization: 80
2025-07-09 22:39:00.271   806-980   WifiThroughputPredictor system_server                        D   BW: 0 RSSI: -50 Nss: 1 Mode: 1 symDur: 4000 snrDb 30 bitPerTone: 4500 rate: 54 throughput: 11
2025-07-09 22:39:00.272   806-980   WifiThroughputPredictor system_server                        D   utilization (LLS) 80 isBluetoothConnected: false final utilization: 80
2025-07-09 22:39:00.272   806-980   WifiThroughputPredictor system_server                        D   BW: 0 RSSI: -50 Nss: 1 Mode: 1 symDur: 4000 snrDb 30 bitPerTone: 4500 rate: 54 throughput: 11
2025-07-09 22:39:00.274   806-980   WifiScoreCard           system_server                        D  BSSID update SIGNAL_POLL ID: 1945389649 SSID: "AndroidWifi", BSSID: 00:13:10:85:fe:01, MAC: 02:15:b2:00:00:00, IP: /10.0.2.16, Security type: 0, Supplicant state: COMPLETED, Wi-Fi standard: legacy, RSSI: -50, Link speed: 1Mbps, Tx Link speed: 1Mbps, Max Supported Tx Link speed: 11Mbps, Rx Link speed: 2Mbps, Max Supported Rx Link speed: 11Mbps, Frequency: 2447MHz, Net ID: 0, Metered hint: false, score: 60, isUsable: true, CarrierMerged: false, SubscriptionId: -1, IsPrimary: 1, Trusted: true, Restricted: false, Ephemeral: false, OEM paid: false, OEM private: false, OSU AP: false, FQDN: <none>, Provider friendly name: <none>, Requesting package name: <none>"AndroidWifi"openMLO Information: , Is TID-To-Link negotiation supported by the AP: false, AP MLD Address: <none>, AP MLO Link Id: <none>, AP MLO Affiliated links: <none>, Vendor Data: <none>
2025-07-09 22:39:00.274   806-980   WifiScoreCard           system_server                        D  txRate: 1 txSpeed: 1
2025-07-09 22:39:00.274   806-980   WifiScoreCard           system_server                        D  network update SIGNAL_POLL "AndroidWifi" ID: 414063379 RSSI -50 txSpeed -1
2025-07-09 22:39:00.275   806-980   WifiClient...078:wlan0] system_server                        D   ClientModeImpl$L2ConnectedState screen=on 7 0 "AndroidWifi" 00:13:10:85:fe:01 rssi=-50 f=2447 sc=60 link=1 tx=0.0, 0.0, 0.0 rx=0.0 bcn=0 [on:0 tx:0 rx:0 period:3016] from screen [on:0 period:256856] score=60
2025-07-09 22:39:01.221   806-928   CpuMonitorService       system_server                        W  Current CPU frequency (2876726) is greater than maximum CPU frequency (2) for policy ID (2). Skipping CPU frequency policy
2025-07-09 22:39:01.221   806-928   CpuMonitorService       system_server                        W  Current CPU frequency (2818932) is greater than maximum CPU frequency (2) for policy ID (3). Skipping CPU frequency policy
2025-07-09 22:39:03.180  1079-1079  wpa_supplicant          wpa_supplicant                       D  nl80211: Drv Event 64 (NL80211_CMD_NOTIFY_CQM) received for wlan0
2025-07-09 22:39:03.181  1079-1079  wpa_supplicant          wpa_supplicant                       D  nl80211: Beacon loss event
2025-07-09 22:39:03.181  1079-1079  wpa_supplicant          wpa_supplicant                       D  wlan0: Event BEACON_LOSS (53) received
2025-07-09 22:39:03.181  1079-1079  wpa_supplicant          wpa_supplicant                       I  wlan0: CTRL-EVENT-BEACON-LOSS 
2025-07-09 22:39:03.224  1394-9987  NearbyMediums           com.google.android.gms.persistent    I  No BLE Fast/GATT advertisements found in the latest cycle.
2025-07-09 22:39:03.281   806-980   WifiClient...078:wlan0] system_server                        D  updateLinkLayerStatsRssiSpeedFrequencyCapabilities rssi=-50 TxLinkspeed=1 freq=2447 RxLinkSpeed=2
2025-07-09 22:39:03.281   806-980   WifiDataStall           system_server                        D  tx tput in kbps: 11000
2025-07-09 22:39:03.281   806-980   WifiDataStall           system_server                        D  rx tput in kbps: 11000
2025-07-09 22:39:03.282   806-980   WifiConfigManager       system_server                        V  Updating scan detail cache freq=2447 BSSID=00:13:10:85:fe:01 RSSI=-50 for "AndroidWifi"NONE
2025-07-09 22:39:03.282   806-980   WifiThroughputPredictor system_server                        D   utilization (LLS) 80 isBluetoothConnected: false final utilization: 80
2025-07-09 22:39:03.282   806-980   WifiThroughputPredictor system_server                        D   BW: 0 RSSI: -50 Nss: 1 Mode: 1 symDur: 4000 snrDb 30 bitPerTone: 4500 rate: 54 throughput: 11
2025-07-09 22:39:03.282   806-980   WifiThroughputPredictor system_server                        D   utilization (LLS) 80 isBluetoothConnected: false final utilization: 80
2025-07-09 22:39:03.282   806-980   WifiThroughputPredictor system_server                        D   BW: 0 RSSI: -50 Nss: 1 Mode: 1 symDur: 4000 snrDb 30 bitPerTone: 4500 rate: 54 throughput: 11
2025-07-09 22:39:03.283   806-980   WifiThroughputPredictor system_server                        D   utilization (LLS) 80 isBluetoothConnected: false final utilization: 80
2025-07-09 22:39:03.284   806-980   WifiThroughputPredictor system_server                        D   BW: 0 RSSI: -50 Nss: 1 Mode: 1 symDur: 4000 snrDb 30 bitPerTone: 4500 rate: 54 throughput: 11
2025-07-09 22:39:03.284   806-980   WifiThroughputPredictor system_server                        D   utilization (LLS) 80 isBluetoothConnected: false final utilization: 80
2025-07-09 22:39:03.286   806-980   WifiThroughputPredictor system_server                        D   BW: 0 RSSI: -50 Nss: 1 Mode: 1 symDur: 4000 snrDb 30 bitPerTone: 4500 rate: 54 throughput: 11
2025-07-09 22:39:03.290   806-980   WifiScoreCard           system_server                        D  BSSID update SIGNAL_POLL ID: 1945389649 SSID: "AndroidWifi", BSSID: 00:13:10:85:fe:01, MAC: 02:15:b2:00:00:00, IP: /10.0.2.16, Security type: 0, Supplicant state: COMPLETED, Wi-Fi standard: legacy, RSSI: -50, Link speed: 1Mbps, Tx Link speed: 1Mbps, Max Supported Tx Link speed: 11Mbps, Rx Link speed: 2Mbps, Max Supported Rx Link speed: 11Mbps, Frequency: 2447MHz, Net ID: 0, Metered hint: false, score: 60, isUsable: true, CarrierMerged: false, SubscriptionId: -1, IsPrimary: 1, Trusted: true, Restricted: false, Ephemeral: false, OEM paid: false, OEM private: false, OSU AP: false, FQDN: <none>, Provider friendly name: <none>, Requesting package name: <none>"AndroidWifi"openMLO Information: , Is TID-To-Link negotiation supported by the AP: false, AP MLD Address: <none>, AP MLO Link Id: <none>, AP MLO Affiliated links: <none>, Vendor Data: <none>
2025-07-09 22:39:03.290   806-980   WifiScoreCard           system_server                        D  txRate: 1 txSpeed: 1
2025-07-09 22:39:03.290   806-980   WifiScoreCard           system_server                        D  network update SIGNAL_POLL "AndroidWifi" ID: 414063379 RSSI -50 txSpeed -1
2025-07-09 22:39:03.294   806-980   WifiClient...078:wlan0] system_server                        D   ClientModeImpl$L2ConnectedState screen=on 7 0 "AndroidWifi" 00:13:10:85:fe:01 rssi=-50 f=2447 sc=60 link=1 tx=0.0, 0.0, 0.0 rx=0.0 bcn=0 [on:0 tx:0 rx:0 period:3018] from screen [on:0 period:259875] score=60
2025-07-09 22:39:04.288  1229-1428  SatelliteController     com.android.phone                    D  iisInCarrierRoamingNbIotNtn: satellite is disabled
2025-07-09 22:39:06.301   806-980   WifiClient...078:wlan0] system_server                        D  updateLinkLayerStatsRssiSpeedFrequencyCapabilities rssi=-50 TxLinkspeed=1 freq=2447 RxLinkSpeed=2
2025-07-09 22:39:06.302   806-980   WifiDataStall           system_server                        D  tx tput in kbps: 11000
2025-07-09 22:39:06.304   806-980   WifiDataStall           system_server                        D  rx tput in kbps: 11000
2025-07-09 22:39:06.305   806-980   WifiConfigManager       system_server                        V  Updating scan detail cache freq=2447 BSSID=00:13:10:85:fe:01 RSSI=-50 for "AndroidWifi"NONE
2025-07-09 22:39:06.307   806-980   WifiThroughputPredictor system_server                        D   utilization (LLS) 80 isBluetoothConnected: false final utilization: 80
2025-07-09 22:39:06.309   806-980   WifiThroughputPredictor system_server                        D   BW: 0 RSSI: -50 Nss: 1 Mode: 1 symDur: 4000 snrDb 30 bitPerTone: 4500 rate: 54 throughput: 11
2025-07-09 22:39:06.309   806-980   WifiThroughputPredictor system_server                        D   utilization (LLS) 80 isBluetoothConnected: false final utilization: 80
2025-07-09 22:39:06.310   806-980   WifiThroughputPredictor system_server                        D   BW: 0 RSSI: -50 Nss: 1 Mode: 1 symDur: 4000 snrDb 30 bitPerTone: 4500 rate: 54 throughput: 11
2025-07-09 22:39:06.313   806-980   WifiThroughputPredictor system_server                        D   utilization (LLS) 80 isBluetoothConnected: false final utilization: 80
2025-07-09 22:39:06.315   806-980   WifiThroughputPredictor system_server                        D   BW: 0 RSSI: -50 Nss: 1 Mode: 1 symDur: 4000 snrDb 30 bitPerTone: 4500 rate: 54 throughput: 11
2025-07-09 22:39:06.316   806-980   WifiThroughputPredictor system_server                        D   utilization (LLS) 80 isBluetoothConnected: false final utilization: 80
2025-07-09 22:39:06.316   806-980   WifiThroughputPredictor system_server                        D   BW: 0 RSSI: -50 Nss: 1 Mode: 1 symDur: 4000 snrDb 30 bitPerTone: 4500 rate: 54 throughput: 11
2025-07-09 22:39:06.319   806-980   WifiScoreCard           system_server                        D  BSSID update SIGNAL_POLL ID: 1945389649 SSID: "AndroidWifi", BSSID: 00:13:10:85:fe:01, MAC: 02:15:b2:00:00:00, IP: /10.0.2.16, Security type: 0, Supplicant state: COMPLETED, Wi-Fi standard: legacy, RSSI: -50, Link speed: 1Mbps, Tx Link speed: 1Mbps, Max Supported Tx Link speed: 11Mbps, Rx Link speed: 2Mbps, Max Supported Rx Link speed: 11Mbps, Frequency: 2447MHz, Net ID: 0, Metered hint: false, score: 60, isUsable: true, CarrierMerged: false, SubscriptionId: -1, IsPrimary: 1, Trusted: true, Restricted: false, Ephemeral: false, OEM paid: false, OEM private: false, OSU AP: false, FQDN: <none>, Provider friendly name: <none>, Requesting package name: <none>"AndroidWifi"openMLO Information: , Is TID-To-Link negotiation supported by the AP: false, AP MLD Address: <none>, AP MLO Link Id: <none>, AP MLO Affiliated links: <none>, Vendor Data: <none>
2025-07-09 22:39:06.320   806-980   WifiScoreCard           system_server                        D  txRate: 1 txSpeed: 1
2025-07-09 22:39:06.320   806-980   WifiScoreCard           system_server                        D  network update SIGNAL_POLL "AndroidWifi" ID: 414063379 RSSI -50 txSpeed -1
2025-07-09 22:39:06.321   806-980   WifiClient...078:wlan0] system_server                        D   ClientModeImpl$L2ConnectedState screen=on 7 0 "AndroidWifi" 00:13:10:85:fe:01 rssi=-50 f=2447 sc=60 link=1 tx=0.0, 0.0, 0.0 rx=0.0 bcn=0 [on:0 tx:0 rx:0 period:3024] from screen [on:0 period:262902] score=60
2025-07-09 22:39:07.837   806-1055  androidtc               system_server                        D  Initializing SystemTextClassifier, type = System
2025-07-09 22:39:07.842   806-1055  ClipboardService        system_server                        E  Denying clipboard access to com.google.android.gms, application is not in focus nor is it a system service for user 0
2025-07-09 22:39:07.842  1600-1600  AiAiTextClassifier      com.google.android.as                I  onCreateTextClassificationSession = TextClassificationSessionId {f4878055-6e3b-4910-b225-e819877d4bb3}
2025-07-09 22:39:07.853  1600-1948  AiAiTranslate           com.google.android.as                I  C2T - not in a conversation
2025-07-09 22:39:07.862  1600-2003  AiAiTextClassifier      com.google.android.as                I  GenerateLinks did not find valid links, returning empty result
2025-07-09 22:39:07.869   806-1056  ClipboardService        system_server                        E  Denying clipboard access to com.google.android.gms, application is not in focus nor is it a system service for user 0
2025-07-09 22:39:07.870  1091-1091  ClipboardListener       com.android.systemui                 I  Clipboard overlay suppressed.
2025-07-09 22:39:07.886  1091-1091  ClipboardListener       com.android.systemui                 I  Clipboard overlay suppressed.
2025-07-09 22:39:07.891  1600-2003  AiAiTextClassifier      com.google.android.as                I  GenerateLinks did not find valid links, returning empty result
2025-07-09 22:39:08.051  1500-1508  putmethod.latin         com...gle.android.inputmethod.latin  W  Reducing the number of considered missed Gc histogram windows from 347 to 100
2025-07-09 22:39:09.581   806-980   WifiClient...078:wlan0] system_server                        D  updateLinkLayerStatsRssiSpeedFrequencyCapabilities rssi=-50 TxLinkspeed=1 freq=2447 RxLinkSpeed=2
2025-07-09 22:39:09.582   806-980   WifiDataStall           system_server                        D  tx tput in kbps: 11000
2025-07-09 22:39:09.582   806-980   WifiDataStall           system_server                        D  rx tput in kbps: 11000
2025-07-09 22:39:09.584   806-980   WifiConfigManager       system_server                        V  Updating scan detail cache freq=2447 BSSID=00:13:10:85:fe:01 RSSI=-50 for "AndroidWifi"NONE
2025-07-09 22:39:09.590   806-980   WifiThroughputPredictor system_server                        D   utilization (LLS) 80 isBluetoothConnected: false final utilization: 80
2025-07-09 22:39:09.593   806-980   WifiThroughputPredictor system_server                        D   BW: 0 RSSI: -50 Nss: 1 Mode: 1 symDur: 4000 snrDb 30 bitPerTone: 4500 rate: 54 throughput: 11
2025-07-09 22:39:09.595   806-980   WifiThroughputPredictor system_server                        D   utilization (LLS) 80 isBluetoothConnected: false final utilization: 80
2025-07-09 22:39:09.597   806-980   WifiThroughputPredictor system_server                        D   BW: 0 RSSI: -50 Nss: 1 Mode: 1 symDur: 4000 snrDb 30 bitPerTone: 4500 rate: 54 throughput: 11
2025-07-09 22:39:09.599   806-980   WifiThroughputPredictor system_server                        D   utilization (LLS) 80 isBluetoothConnected: false final utilization: 80
2025-07-09 22:39:09.600   806-980   WifiThroughputPredictor system_server                        D   BW: 0 RSSI: -50 Nss: 1 Mode: 1 symDur: 4000 snrDb 30 bitPerTone: 4500 rate: 54 throughput: 11
2025-07-09 22:39:09.602   806-980   WifiThroughputPredictor system_server                        D   utilization (LLS) 80 isBluetoothConnected: false final utilization: 80
2025-07-09 22:39:09.602   806-980   WifiThroughputPredictor system_server                        D   BW: 0 RSSI: -50 Nss: 1 Mode: 1 symDur: 4000 snrDb 30 bitPerTone: 4500 rate: 54 throughput: 11
2025-07-09 22:39:09.604   806-980   WifiScoreCard           system_server                        D  BSSID update SIGNAL_POLL ID: 1945389649 SSID: "AndroidWifi", BSSID: 00:13:10:85:fe:01, MAC: 02:15:b2:00:00:00, IP: /10.0.2.16, Security type: 0, Supplicant state: COMPLETED, Wi-Fi standard: legacy, RSSI: -50, Link speed: 1Mbps, Tx Link speed: 1Mbps, Max Supported Tx Link speed: 11Mbps, Rx Link speed: 2Mbps, Max Supported Rx Link speed: 11Mbps, Frequency: 2447MHz, Net ID: 0, Metered hint: false, score: 60, isUsable: true, CarrierMerged: false, SubscriptionId: -1, IsPrimary: 1, Trusted: true, Restricted: false, Ephemeral: false, OEM paid: false, OEM private: false, OSU AP: false, FQDN: <none>, Provider friendly name: <none>, Requesting package name: <none>"AndroidWifi"openMLO Information: , Is TID-To-Link negotiation supported by the AP: false, AP MLD Address: <none>, AP MLO Link Id: <none>, AP MLO Affiliated links: <none>, Vendor Data: <none>
2025-07-09 22:39:09.604   806-980   WifiScoreCard           system_server                        D  txRate: 1 txSpeed: 1
2025-07-09 22:39:09.604   806-980   WifiScoreCard           system_server                        D  network update SIGNAL_POLL "AndroidWifi" ID: 414063379 RSSI -50 txSpeed -1
2025-07-09 22:39:09.610   806-980   WifiClient...078:wlan0] system_server                        D   ClientModeImpl$L2ConnectedState screen=on 7 0 "AndroidWifi" 00:13:10:85:fe:01 rssi=-50 f=2447 sc=60 link=1 tx=0.0, 0.0, 0.0 rx=0.0 bcn=0 [on:0 tx:0 rx:0 period:3283] from screen [on:0 period:266186] score=60
2025-07-09 22:39:11.115  1079-1079  wpa_supplicant          wpa_supplicant                       D  nl80211: Drv Event 64 (NL80211_CMD_NOTIFY_CQM) received for wlan0
2025-07-09 22:39:11.116  1079-1079  wpa_supplicant          wpa_supplicant                       D  nl80211: Beacon loss event
2025-07-09 22:39:11.117  1079-1079  wpa_supplicant          wpa_supplicant                       D  wlan0: Event BEACON_LOSS (53) received
2025-07-09 22:39:11.118  1079-1079  wpa_supplicant          wpa_supplicant                       I  wlan0: CTRL-EVENT-BEACON-LOSS 
2025-07-09 22:39:12.613   806-980   WifiClient...078:wlan0] system_server                        D  updateLinkLayerStatsRssiSpeedFrequencyCapabilities rssi=-50 TxLinkspeed=1 freq=2447 RxLinkSpeed=2
2025-07-09 22:39:12.614   806-980   WifiDataStall           system_server                        D  tx tput in kbps: 11000
2025-07-09 22:39:12.614   806-980   WifiDataStall           system_server                        D  rx tput in kbps: 11000
2025-07-09 22:39:12.614   806-980   WifiConfigManager       system_server                        V  Updating scan detail cache freq=2447 BSSID=00:13:10:85:fe:01 RSSI=-50 for "AndroidWifi"NONE
2025-07-09 22:39:12.614   806-980   WifiThroughputPredictor system_server                        D   utilization (LLS) 80 isBluetoothConnected: false final utilization: 80
2025-07-09 22:39:12.614   806-980   WifiThroughputPredictor system_server                        D   BW: 0 RSSI: -50 Nss: 1 Mode: 1 symDur: 4000 snrDb 30 bitPerTone: 4500 rate: 54 throughput: 11
2025-07-09 22:39:12.614   806-980   WifiThroughputPredictor system_server                        D   utilization (LLS) 80 isBluetoothConnected: false final utilization: 80
2025-07-09 22:39:12.614   806-980   WifiThroughputPredictor system_server                        D   BW: 0 RSSI: -50 Nss: 1 Mode: 1 symDur: 4000 snrDb 30 bitPerTone: 4500 rate: 54 throughput: 11
2025-07-09 22:39:12.615   806-980   WifiThroughputPredictor system_server                        D   utilization (LLS) 80 isBluetoothConnected: false final utilization: 80
2025-07-09 22:39:12.615   806-980   WifiThroughputPredictor system_server                        D   BW: 0 RSSI: -50 Nss: 1 Mode: 1 symDur: 4000 snrDb 30 bitPerTone: 4500 rate: 54 throughput: 11
2025-07-09 22:39:12.615   806-980   WifiThroughputPredictor system_server                        D   utilization (LLS) 80 isBluetoothConnected: false final utilization: 80
2025-07-09 22:39:12.615   806-980   WifiThroughputPredictor system_server                        D   BW: 0 RSSI: -50 Nss: 1 Mode: 1 symDur: 4000 snrDb 30 bitPerTone: 4500 rate: 54 throughput: 11
2025-07-09 22:39:12.619   806-980   WifiScoreCard           system_server                        D  BSSID update SIGNAL_POLL ID: 1945389649 SSID: "AndroidWifi", BSSID: 00:13:10:85:fe:01, MAC: 02:15:b2:00:00:00, IP: /10.0.2.16, Security type: 0, Supplicant state: COMPLETED, Wi-Fi standard: legacy, RSSI: -50, Link speed: 1Mbps, Tx Link speed: 1Mbps, Max Supported Tx Link speed: 11Mbps, Rx Link speed: 2Mbps, Max Supported Rx Link speed: 11Mbps, Frequency: 2447MHz, Net ID: 0, Metered hint: false, score: 60, isUsable: true, CarrierMerged: false, SubscriptionId: -1, IsPrimary: 1, Trusted: true, Restricted: false, Ephemeral: false, OEM paid: false, OEM private: false, OSU AP: false, FQDN: <none>, Provider friendly name: <none>, Requesting package name: <none>"AndroidWifi"openMLO Information: , Is TID-To-Link negotiation supported by the AP: false, AP MLD Address: <none>, AP MLO Link Id: <none>, AP MLO Affiliated links: <none>, Vendor Data: <none>
2025-07-09 22:39:12.621   806-980   WifiScoreCard           system_server                        D  txRate: 1 txSpeed: 1
2025-07-09 22:39:12.625   806-980   WifiScoreCard           system_server                        D  network update SIGNAL_POLL "AndroidWifi" ID: 414063379 RSSI -50 txSpeed -1
2025-07-09 22:39:12.629   806-980   WifiClient...078:wlan0] system_server                        D   ClientModeImpl$L2ConnectedState screen=on 7 0 "AndroidWifi" 00:13:10:85:fe:01 rssi=-50 f=2447 sc=60 link=1 tx=0.0, 0.0, 0.0 rx=0.0 bcn=0 [on:0 tx:0 rx:0 period:3018] from screen [on:0 period:269210] score=60
2025-07-09 22:39:12.808 10031-10031 service                 service                              W  Thread Pool max thread count is 0. Cannot cache binder as linkToDeath cannot be implemented. serviceName: DockObserver
2025-07-09 22:39:12.810 10031-10031 Parcel                  service                              E  Reading a NULL string not supported here.
2025-07-09 22:39:12.814 10031-10031 service                 service                              W  Thread Pool max thread count is 0. Cannot cache binder as linkToDeath cannot be implemented. serviceName: SurfaceFlinger
2025-07-09 22:39:12.822 10031-10031 service                 service                              W  Thread Pool max thread count is 0. Cannot cache binder as linkToDeath cannot be implemented. serviceName: SurfaceFlingerAIDL
2025-07-09 22:39:12.831 10031-10031 service                 service                              W  Thread Pool max thread count is 0. Cannot cache binder as linkToDeath cannot be implemented. serviceName: accessibility
2025-07-09 22:39:12.836 10031-10031 service                 service                              W  Thread Pool max thread count is 0. Cannot cache binder as linkToDeath cannot be implemented. serviceName: account
2025-07-09 22:39:12.839 10031-10031 service                 service                              W  Thread Pool max thread count is 0. Cannot cache binder as linkToDeath cannot be implemented. serviceName: activity
2025-07-09 22:39:12.849 10031-10031 service                 service                              W  Thread Pool max thread count is 0. Cannot cache binder as linkToDeath cannot be implemented. serviceName: activity_task
2025-07-09 22:39:12.851 10031-10031 service                 service                              W  Thread Pool max thread count is 0. Cannot cache binder as linkToDeath cannot be implemented. serviceName: adb
2025-07-09 22:39:12.856 10031-10031 service                 service                              W  Thread Pool max thread count is 0. Cannot cache binder as linkToDeath cannot be implemented. serviceName: adservices_manager
2025-07-09 22:39:12.863 10031-10031 service                 service                              W  Thread Pool max thread count is 0. Cannot cache binder as linkToDeath cannot be implemented. serviceName: advanced_protection
2025-07-09 22:39:12.866 10031-10031 service                 service                              W  Thread Pool max thread count is 0. Cannot cache binder as linkToDeath cannot be implemented. serviceName: alarm
2025-07-09 22:39:12.874 10031-10031 service                 service                              W  Thread Pool max thread count is 0. Cannot cache binder as linkToDeath cannot be implemented. serviceName: ambient_context
2025-07-09 22:39:12.882 10031-10031 service                 service                              W  Thread Pool max thread count is 0. Cannot cache binder as linkToDeath cannot be implemented. serviceName: android.frameworks.cameraservice.service.ICameraService/default
2025-07-09 22:39:12.889 10031-10031 service                 service                              W  Thread Pool max thread count is 0. Cannot cache binder as linkToDeath cannot be implemented. serviceName: android.frameworks.devicestate.IDeviceStateService/default
2025-07-09 22:39:12.897 10031-10031 service                 service                              W  Thread Pool max thread count is 0. Cannot cache binder as linkToDeath cannot be implemented. serviceName: android.frameworks.location.altitude.IAltitudeService/default
2025-07-09 22:39:12.901 10031-10031 service                 service                              W  Thread Pool max thread count is 0. Cannot cache binder as linkToDeath cannot be implemented. serviceName: android.frameworks.sensorservice.ISensorManager/default
2025-07-09 22:39:12.904 10031-10031 service                 service                              W  Thread Pool max thread count is 0. Cannot cache binder as linkToDeath cannot be implemented. serviceName: android.frameworks.stats.IStats/default
2025-07-09 22:39:12.913 10031-10031 service                 service                              W  Thread Pool max thread count is 0. Cannot cache binder as linkToDeath cannot be implemented. serviceName: android.frameworks.vibrator.IVibratorControlService/default
2025-07-09 22:39:12.917 10031-10031 service                 service                              W  Thread Pool max thread count is 0. Cannot cache binder as linkToDeath cannot be implemented. serviceName: android.hardware.authsecret.IAuthSecret/default
2025-07-09 22:39:12.896     0-0     binder_debug            pid-0                                W  158 callbacks suppressed
2025-07-09 22:39:12.896     0-0     binder                  pid-0                                I  10031:10031 transaction credentials failed
2025-07-09 22:39:12.901     0-0     binder                  pid-0                                I  10031:10031 transaction call to 520:0 failed 2237650/29201/-1, size 0-0 line 3367
2025-07-09 22:39:12.923 10031-10031 IPCThreadState          service                              E  Binder transaction failure. id: 2237650, BR_*: 29201, error: -1 (Operation not permitted)
2025-07-09 22:39:12.913 10031-10031 service                 service                              W  type=1400 audit(0.0:238): avc:  denied  { call } for  scontext=u:r:shell:s0 tcontext=u:r:hal_authsecret_default:s0 tclass=binder permissive=0
2025-07-09 22:39:12.925 10031-10031 service                 service                              W  type=1400 audit(0.0:239): avc:  denied  { call } for  scontext=u:r:shell:s0 tcontext=u:r:hal_fingerprint_default:s0 tclass=binder permissive=0
2025-07-09 22:39:12.908     0-0     binder                  pid-0                                I  10031:10031 transaction credentials failed
2025-07-09 22:39:12.951 10031-10031 IPCThreadState          service                              E  Binder transaction failure. id: 2237655, BR_*: 29201, error: -1 (Operation not permitted)
2025-07-09 22:39:12.927     0-0     binder                  pid-0                                I  10031:10031 transaction call to 1037:0 failed 2237655/29201/-1, size 0-0 line 3367
2025-07-09 22:39:12.955 10031-10031 service                 service                              W  Thread Pool max thread count is 0. Cannot cache binder as linkToDeath cannot be implemented. serviceName: android.hardware.bluetooth.IBluetoothHci/default
2025-07-09 22:39:12.934     0-0     binder                  pid-0                                I  10031:10031 transaction credentials failed
2025-07-09 22:39:12.961 10031-10031 IPCThreadState          service                              E  Binder transaction failure. id: 2237661, BR_*: 29201, error: -1 (Operation not permitted)
2025-07-09 22:39:12.939     0-0     binder                  pid-0                                I  10031:10031 transaction call to 513:0 failed 2237661/29201/-1, size 0-0 line 3367
2025-07-09 22:39:12.965 10031-10031 service                 service                              W  Thread Pool max thread count is 0. Cannot cache binder as linkToDeath cannot be implemented. serviceName: android.hardware.bluetooth.audio.IBluetoothAudioProviderFactory/default
2025-07-09 22:39:12.953 10031-10031 service                 service                              W  type=1400 audit(0.0:240): avc:  denied  { call } for  scontext=u:r:shell:s0 tcontext=u:r:hal_bluetooth_default:s0 tclass=binder permissive=0
2025-07-09 22:39:12.943     0-0     binder                  pid-0                                I  10031:10031 transaction credentials failed
2025-07-09 22:39:12.948     0-0     binder                  pid-0                                I  10031:10031 transaction call to 501:0 failed 2237665/29201/-1, size 0-0 line 3367
