2025-07-09 22:39:26.879   806-855   FileSystemUtils         system_server                        D  Extra field length: 9436 content near offset: 00000000000000000000000000000000000000000000000000000000000000000000000000000000000000000000000000000000000000000000000000000000000000000000000000000000000000000000000000000000000000000000000000000000000000000000000000000000000000000000000000000000000000000000000000000000000000000000000000000000000000000000000000000000000000000000000000000000000000000000000000000000000000000000000000000000000000000000000000000000000000000000000000000000000000000000000000000000000000000000000000000000000000000000000000000000000000000000000000000000000000000000000000000000000000000000000000000000000000000000000000000000000000000000000000000000000000000000000000000000000000000000000000000000000000000000000000000000000000000000000000000000000000000000000000000000000000000000000000000000000000000000000000000000000000000000000000000000000000000000000000000000000000000000000000000000000000000000000000000000000000000000000000000000000000000000000000000000000000000000000000000000000000000
2025-07-09 22:39:26.880   806-855   FileSystemUtils         system_server                        D  Punching hole in file - start: 73768960 len:8192
2025-07-09 22:39:26.891   806-855   FileSystemUtils         system_server                        D  punchHolesInApk:: Size after punching holes st_blocks: 192944, st_blksize: 4096, st_size: 98800564
2025-07-09 22:39:26.892   806-855   FileSystemUtils         system_server                        D  Total number of LOAD segments 3
2025-07-09 22:39:26.892   806-855   FileSystemUtils         system_server                        D  Size before punching holes st_blocks: 192944, st_blksize: 4096, st_size: 98800564
2025-07-09 22:39:26.893   806-855   FileSystemUtils         system_server                        D  Size after punching holes st_blocks: 192944, st_blksize: 4096, st_size: 98800564
2025-07-09 22:39:26.896   806-855   FileSystemUtils         system_server                        D  Extra field length: 2023,  Size before punching holes st_blocks: 192944, st_blksize: 4096, st_size: 98800564
2025-07-09 22:39:26.896   806-855   FileSystemUtils         system_server                        D  Skipping punching apk as extra field length is less than block size
2025-07-09 22:39:26.896   806-855   NativeLibraryHelper     system_server                        W  Failed to punch apk : /data/app/vmdl421429202.tmp/base.apk at extra field
2025-07-09 22:39:26.897   806-855   FileSystemUtils         system_server                        D  Total number of LOAD segments 3
2025-07-09 22:39:26.900   806-855   FileSystemUtils         system_server                        D  Size before punching holes st_blocks: 192944, st_blksize: 4096, st_size: 98800564
2025-07-09 22:39:26.900   806-855   FileSystemUtils         system_server                        D  Size after punching holes st_blocks: 192944, st_blksize: 4096, st_size: 98800564
2025-07-09 22:39:26.900   806-855   FileSystemUtils         system_server                        D  Extra field length: 7870,  Size before punching holes st_blocks: 192944, st_blksize: 4096, st_size: 98800564
2025-07-09 22:39:26.902   806-855   FileSystemUtils         system_server                        D  Extra field length: 7870 content near offset: 00000000000000000000000000000000000000000000000000000000000000000000000000000000000000000000000000000000000000000000000000000000000000000000000000000000000000000000000000000000000000000000000000000000000000000000000000000000000000000000000000000000000000000000000000000000000000000000000000000000000000000000000000000000000000000000000000000000000000000000000000000000000000000000000000000000000000000000000000000000000000000000000000000000000000000000000000000000000000000000000000000000000000000000000000000000000000000000000000000000000000000000000000000000000000000000000000000000000000000000000000000000000000000000000000000000000000000000000000000000000000000000000000000000000000000000000000000000000000000000000000000000000000000000000000000000000000000000000000000000000000000000000000000000000000000000000000000000000000000000000000000000000000000000000000000000000000000000000000000000000000000000000000000000000000000000000000000000000000000000000000000000000000000
2025-07-09 22:39:26.905   806-855   FileSystemUtils         system_server                        D  Punching hole in file - start: 78671872 len:4096
2025-07-09 22:39:26.914   806-855   FileSystemUtils         system_server                        D  punchHolesInApk:: Size after punching holes st_blocks: 192936, st_blksize: 4096, st_size: 98800564
2025-07-09 22:39:26.914   806-855   FileSystemUtils         system_server                        D  Total number of LOAD segments 3
2025-07-09 22:39:26.914   806-855   FileSystemUtils         system_server                        D  Size before punching holes st_blocks: 192936, st_blksize: 4096, st_size: 98800564
2025-07-09 22:39:26.915   806-855   FileSystemUtils         system_server                        D  Size after punching holes st_blocks: 192936, st_blksize: 4096, st_size: 98800564
2025-07-09 22:39:26.915   806-855   FileSystemUtils         system_server                        D  Extra field length: 7219,  Size before punching holes st_blocks: 192936, st_blksize: 4096, st_size: 98800564
2025-07-09 22:39:26.915   806-855   FileSystemUtils         system_server                        D  Extra field length: 7219 content near offset: 00000000000000000000000000000000000000000000000000000000000000000000000000000000000000000000000000000000000000000000000000000000000000000000000000000000000000000000000000000000000000000000000000000000000000000000000000000000000000000000000000000000000000000000000000000000000000000000000000000000000000000000000000000000000000000000000000000000000000000000000000000000000000000000000000000000000000000000000000000000000000000000000000000000000000000000000000000000000000000000000000000000000000000000000000000000000000000000000000000000000000000000000000000000000000000000000000000000000000000000000000000000000000000000000000000000000000000000000000000000000000000000000000000000000000000000000000000000000000000000000000000000000000000000000000000000000000000000000000000000000000000000000000000000000000000000000000000000000000000000000000000000000000000000000000000000000000000000000000000000000000000000000000000000000000000000000000000000000000000000000000000000000000000
2025-07-09 22:39:26.919   806-855   FileSystemUtils         system_server                        D  Punching hole in file - start: 73953280 len:4096
2025-07-09 22:39:26.926   806-855   FileSystemUtils         system_server                        D  punchHolesInApk:: Size after punching holes st_blocks: 192928, st_blksize: 4096, st_size: 98800564
2025-07-09 22:39:26.926   806-855   FileSystemUtils         system_server                        D  Total number of LOAD segments 3
2025-07-09 22:39:26.926   806-855   FileSystemUtils         system_server                        D  Size before punching holes st_blocks: 192928, st_blksize: 4096, st_size: 98800564
2025-07-09 22:39:26.927   806-855   FileSystemUtils         system_server                        D  Size after punching holes st_blocks: 192928, st_blksize: 4096, st_size: 98800564
2025-07-09 22:39:26.927   806-855   FileSystemUtils         system_server                        D  Extra field length: 406,  Size before punching holes st_blocks: 192928, st_blksize: 4096, st_size: 98800564
2025-07-09 22:39:26.927   806-855   FileSystemUtils         system_server                        D  Skipping punching apk as extra field length is less than block size
2025-07-09 22:39:26.929   806-855   NativeLibraryHelper     system_server                        W  Failed to punch apk : /data/app/vmdl421429202.tmp/base.apk at extra field
2025-07-09 22:39:26.933   806-855   FileSystemUtils         system_server                        D  Total number of LOAD segments 3
2025-07-09 22:39:26.934   806-855   FileSystemUtils         system_server                        D  Size before punching holes st_blocks: 192928, st_blksize: 4096, st_size: 98800564
2025-07-09 22:39:26.935   806-855   FileSystemUtils         system_server                        D  Size after punching holes st_blocks: 192928, st_blksize: 4096, st_size: 98800564
2025-07-09 22:39:26.935   806-855   FileSystemUtils         system_server                        D  Extra field length: 4971,  Size before punching holes st_blocks: 192928, st_blksize: 4096, st_size: 98800564
2025-07-09 22:39:26.938   806-855   FileSystemUtils         system_server                        D  Extra field length: 4971 content near offset: 00000000000000000000000000000000000000000000000000000000000000000000000000000000000000000000000000000000000000000000000000000000000000000000000000000000000000000000000000000000000000000000000000000000000000000000000000000000000000000000000000000000000000000000000000000000000000000000000000000000000000000000000000000000000000000000000000000000000000000000000000000000000000000000000000000000000000000000000000000000000000000000000000000000000000000000000000000000000000000000000000000000000000000000000000000000000000000000000000000000000000000000000000000000000000000000000000000000000000000000000000000000000000000000000000000000000000000000000000000000000000000000000000000000000000000000000000000000000000000000000000000000000000000000000000000000000000000000000000000000000000000000000000000000000000000000000000000000000000000000000000000000000000000000000000000000000000000000000000000000000000000000000000000000000000000000000000000000000000000000000000000000000000000
2025-07-09 22:39:26.939   806-855   FileSystemUtils         system_server                        D  Punching hole in file - start: 79572992 len:4096
2025-07-09 22:39:26.951   806-855   FileSystemUtils         system_server                        D  punchHolesInApk:: Size after punching holes st_blocks: 192920, st_blksize: 4096, st_size: 98800564
2025-07-09 22:39:26.951   806-855   FileSystemUtils         system_server                        D  Total number of LOAD segments 3
2025-07-09 22:39:26.952   806-855   FileSystemUtils         system_server                        D  Size before punching holes st_blocks: 192920, st_blksize: 4096, st_size: 98800564
2025-07-09 22:39:26.952   806-855   FileSystemUtils         system_server                        D  Size after punching holes st_blocks: 192920, st_blksize: 4096, st_size: 98800564
2025-07-09 22:39:26.952   806-855   FileSystemUtils         system_server                        D  Extra field length: 6412,  Size before punching holes st_blocks: 192920, st_blksize: 4096, st_size: 98800564
2025-07-09 22:39:26.956   806-855   FileSystemUtils         system_server                        D  Extra field length: 6412 content near offset: 00000000000000000000000000000000000000000000000000000000000000000000000000000000000000000000000000000000000000000000000000000000000000000000000000000000000000000000000000000000000000000000000000000000000000000000000000000000000000000000000000000000000000000000000000000000000000000000000000000000000000000000000000000000000000000000000000000000000000000000000000000000000000000000000000000000000000000000000000000000000000000000000000000000000000000000000000000000000000000000000000000000000000000000000000000000000000000000000000000000000000000000000000000000000000000000000000000000000000000000000000000000000000000000000000000000000000000000000000000000000000000000000000000000000000000000000000000000000000000000000000000000000000000000000000000000000000000000000000000000000000000000000000000000000000000000000000000000000000000000000000000000000000000000000000000000000000000000000000000000000000000000000000000000000000000000000000000000000000000000000000000000000000000
2025-07-09 22:39:26.956   806-855   FileSystemUtils         system_server                        D  Punching hole in file - start: 78000128 len:4096
2025-07-09 22:39:26.960   806-855   FileSystemUtils         system_server                        D  punchHolesInApk:: Size after punching holes st_blocks: 192912, st_blksize: 4096, st_size: 98800564
2025-07-09 22:39:26.960   806-855   FileSystemUtils         system_server                        D  Total number of LOAD segments 3
2025-07-09 22:39:26.960   806-855   FileSystemUtils         system_server                        D  Size before punching holes st_blocks: 192912, st_blksize: 4096, st_size: 98800564
2025-07-09 22:39:26.961   806-855   FileSystemUtils         system_server                        D  Size after punching holes st_blocks: 192912, st_blksize: 4096, st_size: 98800564
2025-07-09 22:39:26.961   806-855   FileSystemUtils         system_server                        D  Extra field length: 2171,  Size before punching holes st_blocks: 192912, st_blksize: 4096, st_size: 98800564
2025-07-09 22:39:26.962   806-855   FileSystemUtils         system_server                        D  Skipping punching apk as extra field length is less than block size
2025-07-09 22:39:26.965   806-855   NativeLibraryHelper     system_server                        W  Failed to punch apk : /data/app/vmdl421429202.tmp/base.apk at extra field
2025-07-09 22:39:26.968   806-906   IPCThreadState          system_server                        W  Sending oneway calls to frozen process.
2025-07-09 22:39:26.978   806-906   InstallDependencyHelper system_server                        D  No missing dependency for com.mynewproject
2025-07-09 22:39:26.993  1079-1079  wpa_supplicant          wpa_supplicant                       D  nl80211: Drv Event 64 (NL80211_CMD_NOTIFY_CQM) received for wlan0
2025-07-09 22:39:26.993  1079-1079  wpa_supplicant          wpa_supplicant                       D  nl80211: Beacon loss event
2025-07-09 22:39:26.993  1079-1079  wpa_supplicant          wpa_supplicant                       D  wlan0: Event BEACON_LOSS (53) received
2025-07-09 22:39:26.993  1079-1079  wpa_supplicant          wpa_supplicant                       I  wlan0: CTRL-EVENT-BEACON-LOSS 
2025-07-09 22:39:26.996   806-890   Configuration           system_server                        V  Updating configuration, locales updated from [] to [en_US]
2025-07-09 22:39:27.000   806-890   system_server           system_server                        I  AssetManager2(0x74bf7f07ca98) locale list changing from [] to [en-US]
2025-07-09 22:39:27.013   806-890   PackageManager          system_server                        I  Update package com.mynewproject code path from /data/app/~~I8wMrY7V0i9u5BBfoMST_A==/com.mynewproject-t4CHw5URb7QBd3v3ZqhhIA== to /data/app/vmdl421429202.tmp; Retain data and using new
2025-07-09 22:39:27.017     0-0     servicemanager          pid-0                                I  Caller(pid=806,uid=1000,sid=u:r:system_server:s0) Since 'artd' could not be found trying to start it as a lazy AIDL service. (if it's not configured to be a lazy service, it may be stuck starting or still starting).
2025-07-09 22:39:27.025     0-0     init                    pid-0                                I  starting service 'artd'...
2025-07-09 22:39:27.073     0-0     init                    pid-0                                I  ... started service 'artd' has pid 10046
2025-07-09 22:39:27.074     0-0     init                    pid-0                                I  Control message: Processed ctl.interface_start for 'aidl/artd' from pid: 239 (/system/bin/servicemanager)
2025-07-09 22:39:27.310 10046-10046 artd                    artd                                 I  Starting artd
2025-07-09 22:39:27.312 10046-10046 AidlLazySe...eRegistrar artd                                 I  Registering service artd
2025-07-09 22:39:27.295     0-0     BpBinder                pid-0                                I  onLastStrongRef automatically unlinking death recipients:
2025-07-09 22:39:27.297     0-0     servicemanager          pid-0                                I  Notifying artd they do (previously: don't) have clients when service is guaranteed to be in use
2025-07-09 22:39:27.330 10046-10048 AidlLazySe...eRegistrar artd                                 I  Process has 1 (of 1 available) client(s) in use after notification artd has clients: 1
2025-07-09 22:39:27.354   806-890   AppsFilter              system_server                        I  interaction: PackageSetting{b628b79 com.android.microdroid.empty_payload/10195} -> PackageSetting{eff49bb com.mynewproject/10214} BLOCKED
2025-07-09 22:39:27.365   806-890   AppsFilter              system_server                        I  interaction: PackageSetting{b628b79 com.android.microdroid.empty_payload/10195} -> PackageSetting{1f55025 com.mynewproject/10214} BLOCKED
2025-07-09 22:39:27.451     0-0     logd                    pid-0                                I  start watching /data/system/packages.list ...
2025-07-09 22:39:27.452     0-0     logd                    pid-0                                I  ReadPackageList, total packages: 222
2025-07-09 22:39:27.481   806-890   PackageManager          system_server                        D  Instant App installer not found with android.intent.action.INSTALL_INSTANT_APP_PACKAGE
2025-07-09 22:39:27.482   806-890   PackageManager          system_server                        D  Clear ephemeral installer activity
2025-07-09 22:39:27.486   806-865   ActivityManager         system_server                        I  Force stopping com.mynewproject appid=10214 user=-1: installPackageLI
2025-07-09 22:39:27.495   806-890   PackageManager          system_server                        I  installation completed for package:com.mynewproject. Final code path: /data/app/~~rCurc0YFHenx7ToGIF8ISQ==/com.mynewproject-F14sAIT1EjfC6uGuhdwVjw==
2025-07-09 22:39:27.497   806-890   AppsFilter              system_server                        I  interaction: PackageSetting{d2952e0 com.android.microdroid.empty_payload/10195} -> PackageSetting{4af77c6 com.mynewproject/10214} BLOCKED
2025-07-09 22:39:27.484     0-0     binder                  pid-0                                I  806:865 ioctl 400c620e 74bd16595bdc returned -11
2025-07-09 22:39:27.530   806-865   ActivityManager         system_server                        E  Unable to freeze binder for 9627: -11
2025-07-09 22:39:27.504     0-0     binder                  pid-0                                I  806:865 ioctl 400c620e 74bd16595bdc returned -11
2025-07-09 22:39:27.562   806-865   ActivityManager         system_server                        I  Killing 9627:com.mynewproject/u0a214 (adj 900): stop com.mynewproject due to installPackageLI
2025-07-09 22:39:27.569   806-865   CompatChangeReporter    system_server                        D  Compat change id reported: 151861875; UID 10214; state: ENABLED
2025-07-09 22:39:27.577   490-552   netd                    netd                                 I  tetherGetStats() -> {[]} <2.45ms>
2025-07-09 22:39:27.578   806-865   ActivityTaskManager     system_server                        W  Force removing ActivityRecord{77133782 u0 com.mynewproject/.MainActivity t15 f}}: app died, no saved state
2025-07-09 22:39:27.582   806-923   UsageStatsService       system_server                        W  Unexpected activity event reported! (com.mynewproject/com.mynewproject.MainActivity event : 23 instanceId : 176470882)
2025-07-09 22:39:27.605   806-865   IPCThreadState          system_server                        W  Sending oneway calls to frozen process.
2025-07-09 22:39:27.608   806-865   IPCThreadState          system_server                        W  Sending oneway calls to frozen process.
2025-07-09 22:39:27.614   806-865   IPCThreadState          system_server                        W  Sending oneway calls to frozen process.
2025-07-09 22:39:27.615  1231-1231  RecentsView             com...le.android.apps.nexuslauncher  D  onTaskRemoved: 15, not handling task stack changes
2025-07-09 22:39:27.617  1231-1231  RecentsView             com...le.android.apps.nexuslauncher  D  onTaskRemoved: 15, not handling task stack changes
2025-07-09 22:39:27.617   806-865   IPCThreadState          system_server                        W  Sending oneway calls to frozen process.
2025-07-09 22:39:27.617   806-865   IPCThreadState          system_server                        W  Sending oneway calls to frozen process.
2025-07-09 22:39:27.618   806-865   IPCThreadState          system_server                        W  Sending oneway calls to frozen process.
2025-07-09 22:39:27.627   806-865   IPCThreadState          system_server                        W  Sending oneway calls to frozen process.
2025-07-09 22:39:27.631   806-865   IPCThreadState          system_server                        W  Sending oneway calls to frozen process.
2025-07-09 22:39:27.631   806-865   IPCThreadState          system_server                        W  Sending oneway calls to frozen process.
2025-07-09 22:39:27.632   806-865   IPCThreadState          system_server                        W  Sending oneway calls to frozen process.
2025-07-09 22:39:27.632   806-865   IPCThreadState          system_server                        W  Sending oneway calls to frozen process.
2025-07-09 22:39:27.633   806-865   IPCThreadState          system_server                        W  Sending oneway calls to frozen process.
2025-07-09 22:39:27.633   806-865   IPCThreadState          system_server                        W  Sending oneway calls to frozen process.
2025-07-09 22:39:27.637   806-865   IPCThreadState          system_server                        W  Sending oneway calls to frozen process.
2025-07-09 22:39:27.638   806-865   IPCThreadState          system_server                        W  Sending oneway calls to frozen process.
2025-07-09 22:39:27.638   806-865   IPCThreadState          system_server                        W  Sending oneway calls to frozen process.
2025-07-09 22:39:27.638   806-865   IPCThreadState          system_server                        W  Sending oneway calls to frozen process.
2025-07-09 22:39:27.638   806-865   IPCThreadState          system_server                        W  Sending oneway calls to frozen process.
2025-07-09 22:39:27.639   806-865   IPCThreadState          system_server                        W  Sending oneway calls to frozen process.
2025-07-09 22:39:27.639   806-865   IPCThreadState          system_server                        W  Sending oneway calls to frozen process.
2025-07-09 22:39:27.639   806-865   IPCThreadState          system_server                        W  Sending oneway calls to frozen process.
2025-07-09 22:39:27.639   806-865   IPCThreadState          system_server                        W  Sending oneway calls to frozen process.
2025-07-09 22:39:27.639   806-865   IPCThreadState          system_server                        W  Sending oneway calls to frozen process.
2025-07-09 22:39:27.650   806-865   IPCThreadState          system_server                        W  Sending oneway calls to frozen process.
2025-07-09 22:39:27.651   806-865   IPCThreadState          system_server                        W  Sending oneway calls to frozen process.
2025-07-09 22:39:27.652   806-865   IPCThreadState          system_server                        W  Sending oneway calls to frozen process.
2025-07-09 22:39:27.656   806-865   IPCThreadState          system_server                        W  Sending oneway calls to frozen process.
2025-07-09 22:39:27.660   806-865   IPCThreadState          system_server                        W  Sending oneway calls to frozen process.
2025-07-09 22:39:27.663   806-865   IPCThreadState          system_server                        W  Sending oneway calls to frozen process.
2025-07-09 22:39:27.664   806-865   IPCThreadState          system_server                        W  Sending oneway calls to frozen process.
2025-07-09 22:39:27.667   806-865   IPCThreadState          system_server                        W  Sending oneway calls to frozen process.
2025-07-09 22:39:27.668   806-865   IPCThreadState          system_server                        W  Sending oneway calls to frozen process.
2025-07-09 22:39:27.673   806-865   IPCThreadState          system_server                        W  Sending oneway calls to frozen process.
2025-07-09 22:39:27.673   806-865   IPCThreadState          system_server                        W  Sending oneway calls to frozen process.
2025-07-09 22:39:27.674   806-865   IPCThreadState          system_server                        W  Sending oneway calls to frozen process.
2025-07-09 22:39:27.683   806-865   IPCThreadState          system_server                        W  Sending oneway calls to frozen process.
2025-07-09 22:39:27.684   806-865   IPCThreadState          system_server                        W  Sending oneway calls to frozen process.
2025-07-09 22:39:27.688   806-865   IPCThreadState          system_server                        W  Sending oneway calls to frozen process.
2025-07-09 22:39:27.695   806-865   IPCThreadState          system_server                        W  Sending oneway calls to frozen process.
2025-07-09 22:39:27.696   806-865   IPCThreadState          system_server                        W  Sending oneway calls to frozen process.
2025-07-09 22:39:27.696   806-865   IPCThreadState          system_server                        W  Sending oneway calls to frozen process.
2025-07-09 22:39:27.697   806-865   IPCThreadState          system_server                        W  Sending oneway calls to frozen process.
2025-07-09 22:39:27.673     0-0     binder_debug            pid-0                                W  158 callbacks suppressed
2025-07-09 22:39:27.673     0-0     binder                  pid-0                                I  undelivered transaction 2216992, process died.
2025-07-09 22:39:27.701   806-865   IPCThreadState          system_server                        W  Sending oneway calls to frozen process.
2025-07-09 22:39:27.701   806-865   IPCThreadState          system_server                        W  Sending oneway calls to frozen process.
2025-07-09 22:39:27.702   806-865   IPCThreadState          system_server                        W  Sending oneway calls to frozen process.
2025-07-09 22:39:27.705   806-865   IPCThreadState          system_server                        W  Sending oneway calls to frozen process.
2025-07-09 22:39:27.705   576-576   adbd                    adbd                                 I  Remote process closed the socket (on MSG_PEEK)
2025-07-09 22:39:27.713   493-493   Zygote                  zygote64                             I  Process 9627 exited due to signal 9 (Killed)
2025-07-09 22:39:27.720   806-865   IPCThreadState          system_server                        W  Sending oneway calls to frozen process.
2025-07-09 22:39:27.721   806-865   IPCThreadState          system_server                        W  Sending oneway calls to frozen process.
2025-07-09 22:39:27.724   806-865   IPCThreadState          system_server                        W  Sending oneway calls to frozen process.
2025-07-09 22:39:27.725   806-865   IPCThreadState          system_server                        W  Sending oneway calls to frozen process.
2025-07-09 22:39:27.734   806-908   ActivityManager         system_server                        V  Got obituary of 9627:com.mynewproject
2025-07-09 22:39:27.735   806-856   ActivityManager         system_server                        W  setHasOverlayUi called on unknown pid: 9627
2025-07-09 22:39:27.747   806-890   ActivityManager         system_server                        I  Force stopping com.mynewproject appid=10214 user=0: pkg removed
2025-07-09 22:39:27.754   806-890   IPCThreadState          system_server                        W  Sending oneway calls to frozen process.
2025-07-09 22:39:27.754   806-890   IPCThreadState          system_server                        W  Sending oneway calls to frozen process.
2025-07-09 22:39:27.757   806-890   IPCThreadState          system_server                        W  Sending oneway calls to frozen process.
2025-07-09 22:39:27.760   806-890   IPCThreadState          system_server                        W  Sending oneway calls to frozen process.
2025-07-09 22:39:27.760   806-890   IPCThreadState          system_server                        W  Sending oneway calls to frozen process.
2025-07-09 22:39:27.769   806-890   IPCThreadState          system_server                        W  Sending oneway calls to frozen process.
2025-07-09 22:39:27.771   806-890   IPCThreadState          system_server                        W  Sending oneway calls to frozen process.
2025-07-09 22:39:27.774   806-890   IPCThreadState          system_server                        W  Sending oneway calls to frozen process.
2025-07-09 22:39:27.774   806-890   IPCThreadState          system_server                        W  Sending oneway calls to frozen process.
2025-07-09 22:39:27.779   806-890   IPCThreadState          system_server                        W  Sending oneway calls to frozen process.
2025-07-09 22:39:27.779   806-890   IPCThreadState          system_server                        W  Sending oneway calls to frozen process.
2025-07-09 22:39:27.779   806-890   IPCThreadState          system_server                        W  Sending oneway calls to frozen process.
2025-07-09 22:39:27.779   806-890   IPCThreadState          system_server                        W  Sending oneway calls to frozen process.
2025-07-09 22:39:27.780   806-890   IPCThreadState          system_server                        W  Sending oneway calls to frozen process.
2025-07-09 22:39:27.780   806-890   IPCThreadState          system_server                        W  Sending oneway calls to frozen process.
2025-07-09 22:39:27.780   806-890   IPCThreadState          system_server                        W  Sending oneway calls to frozen process.
2025-07-09 22:39:27.780   806-890   IPCThreadState          system_server                        W  Sending oneway calls to frozen process.
2025-07-09 22:39:27.780   806-890   IPCThreadState          system_server                        W  Sending oneway calls to frozen process.
2025-07-09 22:39:27.780   806-890   IPCThreadState          system_server                        W  Sending oneway calls to frozen process.
2025-07-09 22:39:27.780   806-890   IPCThreadState          system_server                        W  Sending oneway calls to frozen process.
2025-07-09 22:39:27.781   806-890   IPCThreadState          system_server                        W  Sending oneway calls to frozen process.
2025-07-09 22:39:27.781   806-890   IPCThreadState          system_server                        W  Sending oneway calls to frozen process.
2025-07-09 22:39:27.781   806-890   IPCThreadState          system_server                        W  Sending oneway calls to frozen process.
2025-07-09 22:39:27.781   806-890   IPCThreadState          system_server                        W  Sending oneway calls to frozen process.
2025-07-09 22:39:27.781   806-890   IPCThreadState          system_server                        W  Sending oneway calls to frozen process.
2025-07-09 22:39:27.781   806-890   IPCThreadState          system_server                        W  Sending oneway calls to frozen process.
2025-07-09 22:39:27.781   806-890   IPCThreadState          system_server                        W  Sending oneway calls to frozen process.
2025-07-09 22:39:27.781   806-890   IPCThreadState          system_server                        W  Sending oneway calls to frozen process.
2025-07-09 22:39:27.782   806-890   IPCThreadState          system_server                        W  Sending oneway calls to frozen process.
2025-07-09 22:39:27.782   806-890   IPCThreadState          system_server                        W  Sending oneway calls to frozen process.
2025-07-09 22:39:27.786   806-980   WifiClient...078:wlan0] system_server                        D  updateLinkLayerStatsRssiSpeedFrequencyCapabilities rssi=-50 TxLinkspeed=1 freq=2447 RxLinkSpeed=2
2025-07-09 22:39:27.787   806-890   IPCThreadState          system_server                        W  Sending oneway calls to frozen process.
2025-07-09 22:39:27.787   806-980   WifiDataStall           system_server                        D  tx tput in kbps: 11000
2025-07-09 22:39:27.787   806-980   WifiDataStall           system_server                        D  rx tput in kbps: 11000
2025-07-09 22:39:27.787   806-980   WifiConfigManager       system_server                        V  Updating scan detail cache freq=2447 BSSID=00:13:10:85:fe:01 RSSI=-50 for "AndroidWifi"NONE
2025-07-09 22:39:27.787   806-890   IPCThreadState          system_server                        W  Sending oneway calls to frozen process.
2025-07-09 22:39:27.792   806-890   IPCThreadState          system_server                        W  Sending oneway calls to frozen process.
2025-07-09 22:39:27.795   806-890   IPCThreadState          system_server                        W  Sending oneway calls to frozen process.
2025-07-09 22:39:27.796   806-890   IPCThreadState          system_server                        W  Sending oneway calls to frozen process.
2025-07-09 22:39:27.796   806-890   IPCThreadState          system_server                        W  Sending oneway calls to frozen process.
2025-07-09 22:39:27.796   806-890   IPCThreadState          system_server                        W  Sending oneway calls to frozen process.
2025-07-09 22:39:27.796   806-890   IPCThreadState          system_server                        W  Sending oneway calls to frozen process.
2025-07-09 22:39:27.797   806-890   IPCThreadState          system_server                        W  Sending oneway calls to frozen process.
2025-07-09 22:39:27.797   806-890   IPCThreadState          system_server                        W  Sending oneway calls to frozen process.
2025-07-09 22:39:27.797   806-890   IPCThreadState          system_server                        W  Sending oneway calls to frozen process.
2025-07-09 22:39:27.797   806-890   IPCThreadState          system_server                        W  Sending oneway calls to frozen process.
2025-07-09 22:39:27.797   806-890   IPCThreadState          system_server                        W  Sending oneway calls to frozen process.
2025-07-09 22:39:27.797   806-890   IPCThreadState          system_server                        W  Sending oneway calls to frozen process.
2025-07-09 22:39:27.797   806-890   IPCThreadState          system_server                        W  Sending oneway calls to frozen process.
2025-07-09 22:39:27.798   806-890   IPCThreadState          system_server                        W  Sending oneway calls to frozen process.
2025-07-09 22:39:27.798   806-890   IPCThreadState          system_server                        W  Sending oneway calls to frozen process.
2025-07-09 22:39:27.798   806-890   IPCThreadState          system_server                        W  Sending oneway calls to frozen process.
2025-07-09 22:39:27.798   806-890   IPCThreadState          system_server                        W  Sending oneway calls to frozen process.
2025-07-09 22:39:27.798   806-890   IPCThreadState          system_server                        W  Sending oneway calls to frozen process.
2025-07-09 22:39:27.798   806-890   IPCThreadState          system_server                        W  Sending oneway calls to frozen process.
2025-07-09 22:39:27.828   806-980   WifiThroughputPredictor system_server                        D   utilization (LLS) 80 isBluetoothConnected: false final utilization: 80
2025-07-09 22:39:27.829   806-980   WifiThroughputPredictor system_server                        D   BW: 0 RSSI: -50 Nss: 1 Mode: 1 symDur: 4000 snrDb 30 bitPerTone: 4500 rate: 54 throughput: 11
2025-07-09 22:39:27.829   806-980   WifiThroughputPredictor system_server                        D   utilization (LLS) 80 isBluetoothConnected: false final utilization: 80
2025-07-09 22:39:27.830   806-980   WifiThroughputPredictor system_server                        D   BW: 0 RSSI: -50 Nss: 1 Mode: 1 symDur: 4000 snrDb 30 bitPerTone: 4500 rate: 54 throughput: 11
2025-07-09 22:39:27.851   806-980   WifiThroughputPredictor system_server                        D   utilization (LLS) 80 isBluetoothConnected: false final utilization: 80
2025-07-09 22:39:27.852   806-980   WifiThroughputPredictor system_server                        D   BW: 0 RSSI: -50 Nss: 1 Mode: 1 symDur: 4000 snrDb 30 bitPerTone: 4500 rate: 54 throughput: 11
2025-07-09 22:39:27.852   806-980   WifiThroughputPredictor system_server                        D   utilization (LLS) 80 isBluetoothConnected: false final utilization: 80
2025-07-09 22:39:27.861   806-980   WifiThroughputPredictor system_server                        D   BW: 0 RSSI: -50 Nss: 1 Mode: 1 symDur: 4000 snrDb 30 bitPerTone: 4500 rate: 54 throughput: 11
2025-07-09 22:39:27.866   806-980   WifiScoreCard           system_server                        D  BSSID update SIGNAL_POLL ID: 1945389649 SSID: "AndroidWifi", BSSID: 00:13:10:85:fe:01, MAC: 02:15:b2:00:00:00, IP: /10.0.2.16, Security type: 0, Supplicant state: COMPLETED, Wi-Fi standard: legacy, RSSI: -50, Link speed: 1Mbps, Tx Link speed: 1Mbps, Max Supported Tx Link speed: 11Mbps, Rx Link speed: 2Mbps, Max Supported Rx Link speed: 11Mbps, Frequency: 2447MHz, Net ID: 0, Metered hint: false, score: 60, isUsable: true, CarrierMerged: false, SubscriptionId: -1, IsPrimary: 1, Trusted: true, Restricted: false, Ephemeral: false, OEM paid: false, OEM private: false, OSU AP: false, FQDN: <none>, Provider friendly name: <none>, Requesting package name: <none>"AndroidWifi"openMLO Information: , Is TID-To-Link negotiation supported by the AP: false, AP MLD Address: <none>, AP MLO Link Id: <none>, AP MLO Affiliated links: <none>, Vendor Data: <none>
2025-07-09 22:39:27.869   806-980   WifiScoreCard           system_server                        D  txRate: 1 txSpeed: 1
2025-07-09 22:39:27.871   806-980   WifiScoreCard           system_server                        D  network update SIGNAL_POLL "AndroidWifi" ID: 414063379 RSSI -50 txSpeed -1
2025-07-09 22:39:27.881   806-954   system_server           system_server                        I  AssetManager2(0x74bf7f07ca98) locale list changing from [] to [en-US]
2025-07-09 22:39:27.882  1231-1247  s.nexuslauncher         com...le.android.apps.nexuslauncher  I  Background concurrent mark compact GC freed 576KB AllocSpace bytes, 0(0B) LOS objects, 49% free, 8581KB/16MB, paused 3.374ms,3.617ms total 125.080ms
2025-07-09 22:39:27.883   806-980   WifiClient...078:wlan0] system_server                        D   ClientModeImpl$L2ConnectedState screen=on 7 0 "AndroidWifi" 00:13:10:85:fe:01 rssi=-50 f=2447 sc=60 link=1 tx=0.0, 0.0, 0.0 rx=0.0 bcn=0 [on:0 tx:0 rx:0 period:3131] from screen [on:0 period:284462] score=60
2025-07-09 22:39:27.883  1231-1247  s.nexuslauncher         com...le.android.apps.nexuslauncher  W  Reducing the number of considered missed Gc histogram windows from 220 to 100
2025-07-09 22:39:27.906  1394-1394  ActivityThread          com.google.android.gms.persistent    D  Package [com.mynewproject] reported as REPLACED, but missing application info. Assuming REMOVED.
2025-07-09 22:39:27.906   806-890   IPCThreadState          system_server                        W  Sending oneway calls to frozen process.
2025-07-09 22:39:27.906   806-890   IPCThreadState          system_server                        W  Sending oneway calls to frozen process.
2025-07-09 22:39:27.907   806-890   IPCThreadState          system_server                        W  Sending oneway calls to frozen process.
2025-07-09 22:39:27.908   806-890   IPCThreadState          system_server                        W  Sending oneway calls to frozen process.
2025-07-09 22:39:27.909   806-890   IPCThreadState          system_server                        W  Sending oneway calls to frozen process.
2025-07-09 22:39:27.910   806-890   IPCThreadState          system_server                        W  Sending oneway calls to frozen process.
2025-07-09 22:39:27.910   806-890   IPCThreadState          system_server                        W  Sending oneway calls to frozen process.
2025-07-09 22:39:27.910   806-890   IPCThreadState          system_server                        W  Sending oneway calls to frozen process.
2025-07-09 22:39:27.915  1231-1231  ActivityThread          com...le.android.apps.nexuslauncher  D  Package [com.mynewproject] reported as REPLACED, but missing application info. Assuming REMOVED.
2025-07-09 22:39:27.921  1500-1500  ActivityThread          com...gle.android.inputmethod.latin  D  Package [com.mynewproject] reported as REPLACED, but missing application info. Assuming REMOVED.
2025-07-09 22:39:27.922   806-960   PackageConfigPersister  system_server                        W  App-specific configuration not found for packageName: com.mynewproject and userId: 0
2025-07-09 22:39:27.926   806-890   IPCThreadState          system_server                        W  Sending oneway calls to frozen process.
2025-07-09 22:39:27.927   806-890   IPCThreadState          system_server                        W  Sending oneway calls to frozen process.
2025-07-09 22:39:27.927   806-890   IPCThreadState          system_server                        W  Sending oneway calls to frozen process.
2025-07-09 22:39:27.929   806-890   IPCThreadState          system_server                        W  Sending oneway calls to frozen process.
2025-07-09 22:39:27.934  1528-1528  ActivityThread          com.google.android.apps.wellbeing    D  Package [com.mynewproject] reported as REPLACED, but missing application info. Assuming REMOVED.
2025-07-09 22:39:27.941   806-890   IPCThreadState          system_server                        W  Sending oneway calls to frozen process.
2025-07-09 22:39:27.942   806-890   IPCThreadState          system_server                        W  Sending oneway calls to frozen process.
2025-07-09 22:39:27.945   806-890   IPCThreadState          system_server                        W  Sending oneway calls to frozen process.
2025-07-09 22:39:27.946  1253-1253  ActivityThread          com.google.android.ext.services      D  Package [com.mynewproject] reported as REPLACED, but missing application info. Assuming REMOVED.
2025-07-09 22:39:27.949  1622-1622  ActivityThread          com...oglequicksearchbox:interactor  D  Package [com.mynewproject] reported as REPLACED, but missing application info. Assuming REMOVED.
2025-07-09 22:39:27.953   806-957   system_server           system_server                        I  AssetManager2(0x74bf7f07ffb8) locale list changing from [] to [en-US]
2025-07-09 22:39:27.953   806-890   IPCThreadState          system_server                        W  Sending oneway calls to frozen process.
2025-07-09 22:39:27.953   806-890   IPCThreadState          system_server                        W  Sending oneway calls to frozen process.
2025-07-09 22:39:27.954   806-890   IPCThreadState          system_server                        W  Sending oneway calls to frozen process.
2025-07-09 22:39:27.956   806-890   IPCThreadState          system_server                        W  Sending oneway calls to frozen process.
2025-07-09 22:39:27.958  1600-1600  ActivityThread          com.google.android.as                D  Package [com.mynewproject] reported as REPLACED, but missing application info. Assuming REMOVED.
2025-07-09 22:39:27.961   806-890   IPCThreadState          system_server                        W  Sending oneway calls to frozen process.
2025-07-09 22:39:27.962   806-890   IPCThreadState          system_server                        W  Sending oneway calls to frozen process.
2025-07-09 22:39:27.967  1577-1577  ActivityThread          com...ndroid.providers.media.module  D  Package [com.mynewproject] reported as REPLACED, but missing application info. Assuming REMOVED.
2025-07-09 22:39:27.977   806-890   IPCThreadState          system_server                        W  Sending oneway calls to frozen process.
2025-07-09 22:39:27.977   806-890   IPCThreadState          system_server                        W  Sending oneway calls to frozen process.
2025-07-09 22:39:27.978   806-890   IPCThreadState          system_server                        W  Sending oneway calls to frozen process.
2025-07-09 22:39:27.981   806-890   IPCThreadState          system_server                        W  Sending oneway calls to frozen process.
2025-07-09 22:39:27.982   806-957   system_server           system_server                        I  AssetManager2(0x74bf7f075d38) locale list changing from [] to [en-US]
2025-07-09 22:39:27.983   806-890   IPCThreadState          system_server                        W  Sending oneway calls to frozen process.
2025-07-09 22:39:27.990   806-890   IPCThreadState          system_server                        W  Sending oneway calls to frozen process.
2025-07-09 22:39:27.994   806-890   IPCThreadState          system_server                        W  Sending oneway calls to frozen process.
2025-07-09 22:39:28.000   806-890   IPCThreadState          system_server                        W  Sending oneway calls to frozen process.
2025-07-09 22:39:28.006   806-890   IPCThreadState          system_server                        W  Sending oneway calls to frozen process.
2025-07-09 22:39:28.012  1654-1654  ActivityThread          com...le.android.apps.messaging:rcs  D  Package [com.mynewproject] reported as REPLACED, but missing application info. Assuming REMOVED.
2025-07-09 22:39:28.012   806-890   IPCThreadState          system_server                        W  Sending oneway calls to frozen process.
2025-07-09 22:39:28.021   806-890   IPCThreadState          system_server                        W  Sending oneway calls to frozen process.
2025-07-09 22:39:28.021   806-890   IPCThreadState          system_server                        W  Sending oneway calls to frozen process.
2025-07-09 22:39:28.021   806-890   IPCThreadState          system_server                        W  Sending oneway calls to frozen process.
2025-07-09 22:39:28.024   806-890   IPCThreadState          system_server                        W  Sending oneway calls to frozen process.
2025-07-09 22:39:28.029   806-957   Accessibil...gerService system_server                        V  onUserStateChangedLocked for userId: 0, forceUpdate: false
2025-07-09 22:39:28.033   806-957   Magnificat...ionManager system_server                        W  requestConnection duplicated request: connect=false, mConnectionState=DISCONNECTED
2025-07-09 22:39:28.033   806-890   IPCThreadState          system_server                        W  Sending oneway calls to frozen process.
2025-07-09 22:39:28.034   806-890   IPCThreadState          system_server                        W  Sending oneway calls to frozen process.
2025-07-09 22:39:28.042   806-806   IPCThreadState          system_server                        W  Sending oneway calls to frozen process.
2025-07-09 22:39:28.044   806-806   IPCThreadState          system_server                        W  Sending oneway calls to frozen process.
2025-07-09 22:39:28.045   806-806   IPCThreadState          system_server                        W  Sending oneway calls to frozen process.
2025-07-09 22:39:28.056   806-957   Accessibil...gerService system_server                        V  onUserStateChangedLocked for userId: 0, forceUpdate: false
2025-07-09 22:39:28.057   806-890   IPCThreadState          system_server                        W  Sending oneway calls to frozen process.
2025-07-09 22:39:28.058   806-890   IPCThreadState          system_server                        W  Sending oneway calls to frozen process.
2025-07-09 22:39:28.062   806-806   IPCThreadState          system_server                        W  Sending oneway calls to frozen process.
2025-07-09 22:39:28.062   806-806   IPCThreadState          system_server                        W  Sending oneway calls to frozen process.
2025-07-09 22:39:28.065   806-890   IPCThreadState          system_server                        W  Sending oneway calls to frozen process.
2025-07-09 22:39:28.065  1231-1280  PackageUpdatedTask      com...le.android.apps.nexuslauncher  D  Package updated: mOp=UPDATE packages=[com.mynewproject], user=UserHandle{0}
2025-07-09 22:39:28.070   806-806   IPCThreadState          system_server                        W  Sending oneway calls to frozen process.
2025-07-09 22:39:28.073   806-890   IPCThreadState          system_server                        W  Sending oneway calls to frozen process.
2025-07-09 22:39:28.073   806-957   Magnificat...ionManager system_server                        W  requestConnection duplicated request: connect=false, mConnectionState=DISCONNECTED
2025-07-09 22:39:28.074   806-890   IPCThreadState          system_server                        W  Sending oneway calls to frozen process.
2025-07-09 22:39:28.074   806-890   IPCThreadState          system_server                        W  Sending oneway calls to frozen process.
2025-07-09 22:39:28.074   806-890   IPCThreadState          system_server                        W  Sending oneway calls to frozen process.
2025-07-09 22:39:28.080   806-806   IPCThreadState          system_server                        W  Sending oneway calls to frozen process.
2025-07-09 22:39:28.080   806-806   IPCThreadState          system_server                        W  Sending oneway calls to frozen process.
2025-07-09 22:39:28.083   806-890   IPCThreadState          system_server                        W  Sending oneway calls to frozen process.
2025-07-09 22:39:28.083   806-890   IPCThreadState          system_server                        W  Sending oneway calls to frozen process.
